2026-03-11 00:29:38
mid.000000000de64379019cd9a7cd623961
snd

2026-03-11 00:29:40
mid.000000000de64379019cd970d0980eae
del

2026-03-11 01:29:42
mid.000000000de64379019cd9deca882d32
snd

2026-03-11 01:29:44
mid.000000000de64379019cd9a7cd623961
del

2026-03-11 02:29:46
mid.000000000de64379019cda15c7bd155a
snd

2026-03-11 02:29:47
mid.000000000de64379019cd9deca882d32
del

2026-03-11 03:29:50
mid.000000000de64379019cda4cc85e2f39
snd

2026-03-11 03:29:52
mid.000000000de64379019cda15c7bd155a
del

2026-03-11 04:29:55
mid.000000000de64379019cda83c8806137
snd

2026-03-11 04:29:56
mid.000000000de64379019cda4cc85e2f39
del

2026-03-11 05:29:59
mid.000000000de64379019cdabac643654c
snd

2026-03-11 05:30:00
mid.000000000de64379019cda83c8806137
del

2026-03-11 06:30:02
mid.000000000de64379019cdaf1c09c0ae8
snd

2026-03-11 06:30:03
mid.000000000de64379019cdabac643654c
del

2026-03-11 07:30:04
mid.000000000de64379019cdb28b7602996
snd

2026-03-11 07:30:05
mid.000000000de64379019cdaf1c09c0ae8
del

2026-03-11 08:30:06
mid.000000000de64379019cdb5fae6a4c0c
snd

2026-03-11 08:30:07
mid.000000000de64379019cdb28b7602996
del

2026-03-11 09:30:09
mid.000000000de64379019cdb96a6263a5c
snd

2026-03-11 09:30:10
mid.000000000de64379019cdb5fae6a4c0c
del

2026-03-11 10:30:12
mid.000000000de64379019cdbcda08d6259
snd

2026-03-11 10:30:13
mid.000000000de64379019cdb96a6263a5c
del

2026-03-11 11:30:14
mid.000000000de64379019cdc04970b36ba
snd

2026-03-11 11:30:15
mid.000000000de64379019cdbcda08d6259
del

2026-03-11 12:30:16
mid.000000000de64379019cdc3b8ea4047a
snd

2026-03-11 12:30:16
mid.000000000de64379019cdc04970b36ba
del

2026-03-11 13:30:18
mid.000000000de64379019cdc7286593d9f
snd

2026-03-11 13:30:19
mid.000000000de64379019cdc3b8ea4047a
del

2026-03-11 14:30:20
mid.000000000de64379019cdca97d6f684f
snd

2026-03-11 14:30:21
mid.000000000de64379019cdc7286593d9f
del

2026-03-11 15:30:24
mid.000000000de64379019cdce0795416e9
snd

2026-03-11 15:30:24
mid.000000000de64379019cdca97d6f684f
del

2026-03-11 16:30:26
mid.000000000de64379019cdd17707f0329
snd

2026-03-11 16:30:27
mid.000000000de64379019cdce0795416e9
del

2026-03-11 17:30:28
mid.000000000de64379019cdd4e67182874
snd

2026-03-11 17:30:29
mid.000000000de64379019cdd17707f0329
del

2026-03-11 18:17:43
{'callback': {'timestamp': 1773242263736, 'callback_id': 'f9LHodD0cOJgCDjE2W_M7E_8Nfois47npB6gzNODWvVJ99pMczVdIaI0-Rn03kcRzbj00iioewDm8_yr03Rnt79qdyW6sBeA9qjVqCTlxmR9TscZff53', 'user': {'user_id': 23645861, 'first_name': 'Дмитрий', 'last_name': 'Марков', 'is_bot': False, 'last_activity_time': 1773242261000, 'name': 'Дмитрий Марков'}, 'payload': 'Start'}, 'message': {'recipient': {'chat_id': 233194361, 'chat_type': 'dialog', 'user_id': 23645861}, 'timestamp': 1773239428888, 'body': {'mid': 'mid.000000000de64379019cdd4e67182874', 'seq': 116211019211614324, 'text': 'Бот-генератор токенов доступа v.1.2.', 'attachments': [{'callback_id': 'f9LHodD0cOIgozOEeM0xqWdABUGoULFlwcdAEWYwkGWwqPwi6SF1Mqt6ydc5P_J-Sy4x5hpbvt3OSH3rYJRNeDnZvbmH_2tly3Zq394XW0_AxayN3XIb', 'payload': {'buttons': [[{'payload': 'Start', 'text': 'Начать', 'intent': 'default', 'type': 'callback'}]]}, 'type': 'inline_keyboard'}]}, 'sender': {'user_id': 210669020, 'first_name': 'DASHA_TOKEN_BOT', 'username': 'id575104156000_bot', 'is_bot': True, 'last_activity_time': 1773242263779, 'name': 'DASHA_TOKEN_BOT'}}, 'timestamp': 1773242263736, 'user_locale': 'ru', 'update_type': 'message_callback'}
clb

2026-03-11 18:17:44
mid.000000000de64379019cdd79aaab0959
snd

2026-03-11 18:17:44
mid.000000000de64379019cdd4e67182874
del

2026-03-11 18:17:45
mid.000000000de64379019cdd79ade62574
snd

2026-03-11 18:17:45
mid.000000000de64379019cdd79b14143a1
snd

2026-03-11 18:17:46
mid.000000000de64379019cdd79aaab0959
del

2026-03-11 18:20:51
mid.000000000de64379019cdd7c85900959
snd

2026-03-11 18:20:51
mid.000000000de64379019cdd79b14143a1
del

2026-03-11 18:20:52
mid.000000000de64379019cdd79ade62574
del

2026-03-11 18:20:52
mid.000000000de64379019cdd7c8a35109e
snd

2026-03-11 18:20:53
mid.000000000de64379019cdd7c85900959
del

2026-03-11 19:21:20
mid.000000000de64379019cddb3e7372f31
snd

2026-03-11 19:21:21
mid.000000000de64379019cdd7c8a35109e
del

2026-03-11 20:21:22
mid.000000000de64379019cddeade0e78f5
snd

2026-03-11 20:21:23
mid.000000000de64379019cddb3e7372f31
del

2026-03-11 21:21:25
mid.000000000de64379019cde21d4e50167
snd

2026-03-11 21:21:26
mid.000000000de64379019cddeade0e78f5
del

2026-03-11 22:22:02
mid.000000000de64379019cde59545150ca
snd

2026-03-11 22:22:03
mid.000000000de64379019cde21d4e50167
del

2026-03-11 23:22:05
mid.000000000de64379019cde904f1947b1
snd

2026-03-11 23:22:06
mid.000000000de64379019cde59545150ca
del

