2026-03-10 08:59:18
A request to the Telegram API was unsuccessful. Error code: 400. Description: Bad Request: message is not modified: specified new message content and reply markup are exactly the same as a current content and reply markup of the message
DEL_MES_BTN

2026-03-10 11:54:09
A request to the Telegram API was unsuccessful. Error code: 400. Description: Bad Request: message is not modified: specified new message content and reply markup are exactly the same as a current content and reply markup of the message
DEL_MES_BTN

2026-03-10 21:21:06
A request to the Telegram API was unsuccessful. Error code: 400. Description: Bad Request: message is not modified: specified new message content and reply markup are exactly the same as a current content and reply markup of the message
DEL_MES_BTN

2026-03-10 21:24:25
Бот MAX_Main подключен

2026-03-10 21:24:25
Бот TLG_Main подключен

2026-03-10 21:24:25
Бот TLG_Second подключен

2026-03-10 21:24:25
Бот DTB_RECOVERY_BOT подключен

2026-03-10 21:24:25
Бот VK_Main подключен

2026-03-10 21:24:25
DTB запущен

2026-03-10 21:25:44
A request to the Telegram API was unsuccessful. Error code: 400. Description: Bad Request: message is not modified: specified new message content and reply markup are exactly the same as a current content and reply markup of the message
DEL_MES_BTN

2026-03-10 21:25:52
A request to the Telegram API was unsuccessful. Error code: 400. Description: Bad Request: message is not modified: specified new message content and reply markup are exactly the same as a current content and reply markup of the message
DEL_MES_BTN

2026-03-10 21:25:58
A request to the Telegram API was unsuccessful. Error code: 400. Description: Bad Request: message is not modified: specified new message content and reply markup are exactly the same as a current content and reply markup of the message
DEL_MES_BTN

