2026-09-10 01:51:17
SOCKSHTTPSConnectionPool(host='api.telegram.org', port=443): Max retries exceeded with url: /bot8788527927:AAFlJDz31YaTPKPs0JDQdeovIeiSoYYSX44/sendMessage?chat_id=991033097&text=%D0%91%D0%BE%D1%82-%D0%B3%D0%B5%D0%BD%D0%B5%D1%80%D0%B0%D1%82%D0%BE%D1%80+%D1%82%D0%BE%D0%BA%D0%B5%D0%BD%D0%BE%D0%B2+%D0%B4%D0%BE%D1%81%D1%82%D1%83%D0%BF%D0%B0+v.1.2.&reply_markup=%7B%22inline_keyboard%22%3A+%5B%5B%7B%22text%22%3A+%22%5Cu041d%5Cu0430%5Cu0447%5Cu0430%5Cu0442%5Cu044c%22%2C+%22callback_data%22%3A+%22Start%22%7D%5D%5D%7D&parse_mode=HTML (Caused by NewConnectionError('<urllib3.contrib.socks.SOCKSHTTPSConnection object at 0x000002458CA25F90>: Failed to establish a new connection: [WinError 10061] Подключение не установлено, т.к. конечный компьютер отверг запрос на подключение'))
Ошибка on_clearmess_timer/ Start.Main : TLG_Second991033097

2026-09-10 01:51:20
SOCKSHTTPSConnectionPool(host='api.telegram.org', port=443): Max retries exceeded with url: /bot8788527927:AAFlJDz31YaTPKPs0JDQdeovIeiSoYYSX44/deleteMessage?chat_id=991033097&message_id=372 (Caused by NewConnectionError('<urllib3.contrib.socks.SOCKSHTTPSConnection object at 0x000002458CA26350>: Failed to establish a new connection: [WinError 10061] Подключение не установлено, т.к. конечный компьютер отверг запрос на подключение'))
TLG_DEL_MES

2026-09-10 10:50:42
A request to the Telegram API was unsuccessful. Error code: 400. Description: Bad Request: message is not modified: specified new message content and reply markup are exactly the same as a current content and reply markup of the message
DEL_MES_BTN

2026-09-10 17:50:47
HTTPSConnectionPool(host='platform-api.max.ru', port=443): Max retries exceeded with url: /messages?user_id=23645861&disable_link_preview=False (Caused by NameResolutionError("<urllib3.connection.HTTPSConnection object at 0x000002459B774770>: Failed to resolve 'platform-api.max.ru' ([Errno 11001] getaddrinfo failed)"))
Ошибка on_clearmess_timer/ Start.Main : MAX_Main23645861

2026-09-10 18:55:08
SOCKSHTTPSConnectionPool(host='api.telegram.org', port=443): Max retries exceeded with url: /bot8491793641:AAG6md5NNzUlBY6oV0Ns0vg-ixQkMZ3JdYQ/sendMessage?chat_id=991033097&text=%D0%91%D0%BE%D1%82-%D0%B3%D0%B5%D0%BD%D0%B5%D1%80%D0%B0%D1%82%D0%BE%D1%80+%D1%82%D0%BE%D0%BA%D0%B5%D0%BD%D0%BE%D0%B2+%D0%B4%D0%BE%D1%81%D1%82%D1%83%D0%BF%D0%B0+v.1.2.&reply_markup=%7B%22inline_keyboard%22%3A+%5B%5B%7B%22text%22%3A+%22%5Cu041d%5Cu0430%5Cu0447%5Cu0430%5Cu0442%5Cu044c%22%2C+%22callback_data%22%3A+%22Start%22%7D%5D%5D%7D&parse_mode=HTML (Caused by NewConnectionError('<urllib3.contrib.socks.SOCKSHTTPSConnection object at 0x000002459CC02710>: Failed to establish a new connection: [WinError 10061] Подключение не установлено, т.к. конечный компьютер отверг запрос на подключение'))
Ошибка on_clearmess_timer/ Start.Main : TLG_Main991033097

2026-09-10 18:55:11
SOCKSHTTPSConnectionPool(host='api.telegram.org', port=443): Max retries exceeded with url: /bot8491793641:AAG6md5NNzUlBY6oV0Ns0vg-ixQkMZ3JdYQ/deleteMessage?chat_id=991033097&message_id=9384 (Caused by NewConnectionError('<urllib3.contrib.socks.SOCKSHTTPSConnection object at 0x000002459CC02D50>: Failed to establish a new connection: [WinError 10061] Подключение не установлено, т.к. конечный компьютер отверг запрос на подключение'))
TLG_DEL_MES

2026-09-10 22:31:19
Бот MAX_Second подключен

2026-09-10 22:31:19
Бот TLG_Main подключен

2026-09-10 22:31:19
Бот TLG_Second подключен

2026-09-10 22:31:19
Бот MAX_Main подключен

2026-09-10 22:31:19
Бот VK_Main подключен

2026-09-10 22:31:19
Бот DTB_RECOVERY подключен

2026-09-10 22:31:19
DTB запущен

2026-09-10 22:34:01
A request to the Telegram API was unsuccessful. Error code: 400. Description: Bad Request: message is not modified: specified new message content and reply markup are exactly the same as a current content and reply markup of the message
DEL_MES_BTN

2026-09-10 22:35:38
A request to the Telegram API was unsuccessful. Error code: 400. Description: Bad Request: message is not modified: specified new message content and reply markup are exactly the same as a current content and reply markup of the message
DEL_MES_BTN

2026-09-10 22:36:02
A request to the Telegram API was unsuccessful. Error code: 400. Description: Bad Request: message is not modified: specified new message content and reply markup are exactly the same as a current content and reply markup of the message
DEL_MES_BTN

