2026-03-06 00:08:40
Бот MAX_Main подключен

2026-03-06 00:08:40
Бот TLG_Main подключен

2026-03-06 00:08:40
Бот TLG_Second подключен

2026-03-06 00:08:40
Бот DTB_RECOVERY_BOT подключен

2026-03-06 00:08:40
DTB запущен

2026-03-06 00:09:13
A request to the Telegram API was unsuccessful. Error code: 400. Description: Bad Request: message is not modified: specified new message content and reply markup are exactly the same as a current content and reply markup of the message
DEL_MES_BTN

2026-03-06 00:11:58
A request to the Telegram API was unsuccessful. Error code: 400. Description: Bad Request: message is not modified: specified new message content and reply markup are exactly the same as a current content and reply markup of the message
DEL_MES_BTN

2026-03-06 00:45:19
A request to the Telegram API was unsuccessful. Error code: 400. Description: Bad Request: message is not modified: specified new message content and reply markup are exactly the same as a current content and reply markup of the message
DEL_MES_BTN

2026-03-06 01:15:26
Бот MAX_Main подключен

2026-03-06 01:15:26
Бот TLG_Main подключен

2026-03-06 01:15:26
Бот TLG_Second подключен

2026-03-06 01:15:26
Бот DTB_RECOVERY_BOT подключен

2026-03-06 01:15:26
DTB запущен

2026-03-06 01:18:15
Бот MAX_Main подключен

2026-03-06 01:18:15
Бот TLG_Main подключен

2026-03-06 01:18:15
Бот TLG_Second подключен

2026-03-06 01:18:15
Бот DTB_RECOVERY_BOT подключен

2026-03-06 01:18:15
DTB запущен

2026-03-06 01:19:29
Бот MAX_Main подключен

2026-03-06 01:19:29
Бот TLG_Main подключен

2026-03-06 01:19:29
Бот TLG_Second подключен

2026-03-06 01:19:29
Бот DTB_RECOVERY_BOT подключен

2026-03-06 01:19:29
DTB запущен

