2026-09-28 14:21:08
Бот DTB_RECOVERY подключен

2026-09-28 14:21:08
Бот MAX_Second подключен

2026-09-28 14:21:08
Бот TLG_Second подключен

2026-09-28 14:21:08
Бот MAX_Main подключен

2026-09-28 14:21:08
Бот TLG_Main подключен

2026-09-28 14:21:08
Бот VK_Main подключен

2026-09-28 14:21:09
DTB запущен

2026-09-28 14:21:09
Http-сервер 127.0.0.1:9000 создан

2026-09-28 15:17:03
A request to the Telegram API was unsuccessful. Error code: 400. Description: Bad Request: message is not modified: specified new message content and reply markup are exactly the same as a current content and reply markup of the message
DEL_MES_BTN

2026-09-28 15:17:14
A request to the Telegram API was unsuccessful. Error code: 400. Description: Bad Request: message is not modified: specified new message content and reply markup are exactly the same as a current content and reply markup of the message
DEL_MES_BTN

2026-09-28 22:02:59
Бот MAX_Main подключен

2026-09-28 22:02:59
Бот MAX_Second подключен

2026-09-28 22:02:59
Бот TLG_Main подключен

2026-09-28 22:02:59
Бот TLG_Second подключен

2026-09-28 22:02:59
Бот DTB_RECOVERY подключен

2026-09-28 22:02:59
Бот VK_Main подключен

2026-09-28 22:02:59
Http-сервер 127.0.0.1:9000 создан

2026-09-28 22:02:59
DTB запущен

2026-09-28 22:03:58
A request to the Telegram API was unsuccessful. Error code: 400. Description: Bad Request: message is not modified: specified new message content and reply markup are exactly the same as a current content and reply markup of the message
DEL_MES_BTN

2026-09-28 22:17:03
Бот MAX_Main подключен

2026-09-28 22:17:03
Бот MAX_Second подключен

2026-09-28 22:17:03
Бот TLG_Main подключен

2026-09-28 22:17:03
Бот TLG_Second подключен

2026-09-28 22:17:03
Бот DTB_RECOVERY подключен

2026-09-28 22:17:03
Бот VK_Main подключен

2026-09-28 22:17:03
DTB запущен

2026-09-28 22:17:03
Http-сервер 127.0.0.1:9000 создан

