2026-03-12 00:22:08
mid.000000000de64379019cdec74a136c7f
snd

2026-03-12 00:22:10
mid.000000000de64379019cde904f1947b1
del

2026-03-12 01:22:11
mid.000000000de64379019cdefe45b203d0
snd

2026-03-12 01:22:13
mid.000000000de64379019cdec74a136c7f
del

2026-03-12 02:22:14
mid.000000000de64379019cdf353f2e42db
snd

2026-03-12 02:22:15
mid.000000000de64379019cdefe45b203d0
del

2026-03-12 03:22:16
mid.000000000de64379019cdf6c35ce45dd
snd

2026-03-12 03:22:17
mid.000000000de64379019cdf353f2e42db
del

2026-03-12 04:22:18
mid.000000000de64379019cdfa32cb0602c
snd

2026-03-12 04:22:20
mid.000000000de64379019cdf6c35ce45dd
del

2026-03-12 05:22:21
mid.000000000de64379019cdfda23d831e3
snd

2026-03-12 05:22:22
mid.000000000de64379019cdfa32cb0602c
del

2026-03-12 06:22:23
mid.000000000de64379019ce0111b453024
snd

2026-03-12 06:22:24
mid.000000000de64379019cdfda23d831e3
del

2026-03-12 07:22:25
mid.000000000de64379019ce04811f90939
snd

2026-03-12 07:22:26
mid.000000000de64379019ce0111b453024
del

2026-03-12 08:22:27
mid.000000000de64379019ce07f08674aab
snd

2026-03-12 08:22:28
mid.000000000de64379019ce04811f90939
del

2026-03-12 09:22:29
mid.000000000de64379019ce0b5ff1962f6
snd

2026-03-12 09:22:30
mid.000000000de64379019ce07f08674aab
del

2026-03-12 10:22:31
mid.000000000de64379019ce0ecf5ff68c6
snd

2026-03-12 10:22:32
mid.000000000de64379019ce0b5ff1962f6
del

2026-03-12 11:22:33
mid.000000000de64379019ce123ecc4428c
snd

2026-03-12 11:22:34
mid.000000000de64379019ce0ecf5ff68c6
del

2026-03-12 12:22:36
mid.000000000de64379019ce15ae4034381
snd

2026-03-12 12:22:36
mid.000000000de64379019ce123ecc4428c
del

2026-03-12 13:22:38
mid.000000000de64379019ce191db9d3d11
snd

2026-03-12 13:22:38
mid.000000000de64379019ce15ae4034381
del

2026-03-12 14:22:40
mid.000000000de64379019ce1c8d1d5639b
snd

2026-03-12 14:22:40
mid.000000000de64379019ce191db9d3d11
del

2026-03-12 15:22:42
mid.000000000de64379019ce1ffc9012083
snd

2026-03-12 15:22:43
mid.000000000de64379019ce1c8d1d5639b
del

2026-03-12 16:22:52
mid.000000000de64379019ce236df966cfb
snd

2026-03-12 16:22:53
mid.000000000de64379019ce1ffc9012083
del

2026-03-12 17:22:55
mid.000000000de64379019ce26dd81816d2
snd

2026-03-12 17:22:55
mid.000000000de64379019ce236df966cfb
del

2026-03-12 17:24:56
{'callback': {'timestamp': 1773325496304, 'callback_id': 'f9LHodD0cOLX2cmAjXYwxthHz646BxPrSdTs-jbnUn122heLbneQ2jO5Izp3cXM7SXw8OURQo1j_ohwE0nrkgkN7JqlpG4tQo97ZUhSx5EDXd7grc7b5', 'user': {'user_id': 23645861, 'first_name': 'Дмитрий', 'last_name': 'Марков', 'is_bot': False, 'last_activity_time': 1773325493000, 'name': 'Дмитрий Марков'}, 'payload': 'Start'}, 'message': {'recipient': {'chat_id': 233194361, 'chat_type': 'dialog', 'user_id': 23645861}, 'timestamp': 1773325375512, 'body': {'mid': 'mid.000000000de64379019ce26dd81816d2', 'seq': 116216651809560274, 'text': 'Бот-генератор токенов доступа v.1.2.', 'attachments': [{'callback_id': 'f9LHodD0cOKtVfbBVJp3P7fMABBQDL2oB3iT2gmbTYgMkFcWeibnn_48grK_BIDIuf-hKg_YtXHx1cXFBVF9sfiIziG664wsm0cwFBwvXKph7xGbG8vZ', 'payload': {'buttons': [[{'payload': 'Start', 'text': 'Начать', 'intent': 'default', 'type': 'callback'}]]}, 'type': 'inline_keyboard'}]}, 'sender': {'user_id': 210669020, 'first_name': 'DASHA_TOKEN_BOT', 'username': 'id575104156000_bot', 'is_bot': True, 'last_activity_time': 1773325496521, 'name': 'DASHA_TOKEN_BOT'}}, 'timestamp': 1773325496304, 'user_locale': 'ru', 'update_type': 'message_callback'}
clb

2026-03-12 17:24:56
mid.000000000de64379019ce26fb2830959
snd

2026-03-12 17:24:57
mid.000000000de64379019ce26dd81816d2
del

2026-03-12 17:24:57
mid.000000000de64379019ce26fb5ae7a87
snd

2026-03-12 17:24:58
mid.000000000de64379019ce26fb8db42fa
snd

2026-03-12 17:24:58
mid.000000000de64379019ce26fb2830959
del

2026-03-12 17:25:06
{'callback': {'timestamp': 1773325506472, 'callback_id': 'f9LHodD0cOL1Hc2si-J2Qssevb2AeCH9J5n1J5eUPiqo8A3D7ovmaEoSO1umes4o4UGTj1HZe3P_RjqzaI458dGzAeVjLt3YA5ls8WRd1GvCJ3EJ5Cj_', 'user': {'user_id': 23645861, 'first_name': 'Дмитрий', 'last_name': 'Марков', 'is_bot': False, 'last_activity_time': 1773325493000, 'name': 'Дмитрий Марков'}, 'payload': 'KBRD.9'}, 'message': {'recipient': {'chat_id': 233194361, 'chat_type': 'dialog', 'user_id': 23645861}, 'timestamp': 1773325498587, 'body': {'mid': 'mid.000000000de64379019ce26fb8db42fa', 'seq': 116216659875414778, 'text': 'Введите код доступа:  _ _ _ _', 'attachments': [{'callback_id': 'f9LHodD0cOIElr_2HrMr86j2qIH558UvvX0hNy5ZhO8AVoAoxFFzXkin48d9mwcCRlXWP9QPsKcoq_OBM8v9bokfpis0N_JAoNsqYQo3eLzqWi32VHL8', 'payload': {'buttons': [[{'payload': 'KBRD.7', 'text': '7', 'intent': 'default', 'type': 'callback'}, {'payload': 'KBRD.8', 'text': '8', 'intent': 'default', 'type': 'callback'}, {'payload': 'KBRD.9', 'text': '9', 'intent': 'default', 'type': 'callback'}], [{'payload': 'KBRD.4', 'text': '4', 'intent': 'default', 'type': 'callback'}, {'payload': 'KBRD.5', 'text': '5', 'intent': 'default', 'type': 'callback'}, {'payload': 'KBRD.6', 'text': '6', 'intent': 'default', 'type': 'callback'}], [{'payload': 'KBRD.3', 'text': '3', 'intent': 'default', 'type': 'callback'}, {'payload': 'KBRD.2', 'text': '2', 'intent': 'default', 'type': 'callback'}, {'payload': 'KBRD.1', 'text': '1', 'intent': 'default', 'type': 'callback'}], [{'payload': 'KBRD.0', 'text': '0', 'intent': 'default', 'type': 'callback'}, {'payload': 'KBRD.Cancel', 'text': 'Сброс', 'intent': 'default', 'type': 'callback'}], [{'payload': 'RecoveryAuthorization', 'text': 'Восстановление доступа', 'intent': 'default', 'type': 'callback'}], [{'payload': 'CancelCurrentOperation', 'text': 'Прервать операцию', 'intent': 'default', 'type': 'callback'}]]}, 'type': 'inline_keyboard'}], 'markup': [{'from': 21, 'length': 8, 'type': 'strong'}]}, 'sender': {'user_id': 210669020, 'first_name': 'DASHA_TOKEN_BOT', 'username': 'id575104156000_bot', 'is_bot': True, 'last_activity_time': 1773325506732, 'name': 'DASHA_TOKEN_BOT'}}, 'timestamp': 1773325506472, 'user_locale': 'ru', 'update_type': 'message_callback'}
clb

2026-03-12 17:25:07
23645861
edt

2026-03-12 17:25:07
{'callback': {'timestamp': 1773325507781, 'callback_id': 'f9LHodD0cOKLq8TJZQQsfA7Fi-n08gD2bBFLIvghalco7voccRYzPU1ZA6Gb2KjTcnsMnrKFHS3tUwvxQ-0uQMbUuH5zMR4lCcvxshOMVfYOPgq6EOCs', 'user': {'user_id': 23645861, 'first_name': 'Дмитрий', 'last_name': 'Марков', 'is_bot': False, 'last_activity_time': 1773325507000, 'name': 'Дмитрий Марков'}, 'payload': 'KBRD.9'}, 'message': {'recipient': {'chat_id': 233194361, 'chat_type': 'dialog', 'user_id': 23645861}, 'timestamp': 1773325498587, 'body': {'mid': 'mid.000000000de64379019ce26fb8db42fa', 'seq': 116216659875414778, 'text': 'Введите код доступа:  * _ _ _', 'attachments': [{'callback_id': 'f9LHodD0cOIXvIKvJ1tCz3ReO-U3qGcnOnyabtt6Mq91Uf8qkLBkD_MtghZZeVBwUoVqaFL8ZHM9NK__tzLLzqeC-nzZR2H7XaHed6F9S-rBVfZgF9nO', 'payload': {'buttons': [[{'payload': 'KBRD.7', 'text': '7', 'intent': 'default', 'type': 'callback'}, {'payload': 'KBRD.8', 'text': '8', 'intent': 'default', 'type': 'callback'}, {'payload': 'KBRD.9', 'text': '9', 'intent': 'default', 'type': 'callback'}], [{'payload': 'KBRD.4', 'text': '4', 'intent': 'default', 'type': 'callback'}, {'payload': 'KBRD.5', 'text': '5', 'intent': 'default', 'type': 'callback'}, {'payload': 'KBRD.6', 'text': '6', 'intent': 'default', 'type': 'callback'}], [{'payload': 'KBRD.3', 'text': '3', 'intent': 'default', 'type': 'callback'}, {'payload': 'KBRD.2', 'text': '2', 'intent': 'default', 'type': 'callback'}, {'payload': 'KBRD.1', 'text': '1', 'intent': 'default', 'type': 'callback'}], [{'payload': 'KBRD.0', 'text': '0', 'intent': 'default', 'type': 'callback'}, {'payload': 'KBRD.Cancel', 'text': 'Сброс', 'intent': 'default', 'type': 'callback'}], [{'payload': 'RecoveryAuthorization', 'text': 'Восстановление доступа', 'intent': 'default', 'type': 'callback'}], [{'payload': 'CancelCurrentOperation', 'text': 'Прервать операцию', 'intent': 'default', 'type': 'callback'}]]}, 'type': 'inline_keyboard'}], 'markup': [{'from': 21, 'length': 8, 'type': 'strong'}]}, 'sender': {'user_id': 210669020, 'first_name': 'DASHA_TOKEN_BOT', 'username': 'id575104156000_bot', 'is_bot': True, 'last_activity_time': 1773325507977, 'name': 'DASHA_TOKEN_BOT'}}, 'timestamp': 1773325507781, 'user_locale': 'ru', 'update_type': 'message_callback'}
clb

2026-03-12 17:25:08
23645861
edt

2026-03-12 17:25:09
{'callback': {'timestamp': 1773325508949, 'callback_id': 'f9LHodD0cOIgFnixn9o-cwQB3A0yCHIyYbNdtMe4Qlk8cTAaKzSc31oKc3x7UgvfGi3HKeRQuVDai-TZiH6RkUWefmR16EiII3AAc1v9Oz8oY1tnJGQo', 'user': {'user_id': 23645861, 'first_name': 'Дмитрий', 'last_name': 'Марков', 'is_bot': False, 'last_activity_time': 1773325509000, 'name': 'Дмитрий Марков'}, 'payload': 'KBRD.9'}, 'message': {'recipient': {'chat_id': 233194361, 'chat_type': 'dialog', 'user_id': 23645861}, 'timestamp': 1773325498587, 'body': {'mid': 'mid.000000000de64379019ce26fb8db42fa', 'seq': 116216659875414778, 'text': 'Введите код доступа:  * * _ _', 'attachments': [{'callback_id': 'f9LHodD0cOKU3V3CoqlE7D_ssB6LBL--jhkvUE_zsiMuj2OA3Hq6xL0kX39awKKaa3SnmP0p5Qz6axrv4ify64uFbRdc45cla8Pr-UeoXRNugeX_kths', 'payload': {'buttons': [[{'payload': 'KBRD.7', 'text': '7', 'intent': 'default', 'type': 'callback'}, {'payload': 'KBRD.8', 'text': '8', 'intent': 'default', 'type': 'callback'}, {'payload': 'KBRD.9', 'text': '9', 'intent': 'default', 'type': 'callback'}], [{'payload': 'KBRD.4', 'text': '4', 'intent': 'default', 'type': 'callback'}, {'payload': 'KBRD.5', 'text': '5', 'intent': 'default', 'type': 'callback'}, {'payload': 'KBRD.6', 'text': '6', 'intent': 'default', 'type': 'callback'}], [{'payload': 'KBRD.3', 'text': '3', 'intent': 'default', 'type': 'callback'}, {'payload': 'KBRD.2', 'text': '2', 'intent': 'default', 'type': 'callback'}, {'payload': 'KBRD.1', 'text': '1', 'intent': 'default', 'type': 'callback'}], [{'payload': 'KBRD.0', 'text': '0', 'intent': 'default', 'type': 'callback'}, {'payload': 'KBRD.Cancel', 'text': 'Сброс', 'intent': 'default', 'type': 'callback'}], [{'payload': 'RecoveryAuthorization', 'text': 'Восстановление доступа', 'intent': 'default', 'type': 'callback'}], [{'payload': 'CancelCurrentOperation', 'text': 'Прервать операцию', 'intent': 'default', 'type': 'callback'}]]}, 'type': 'inline_keyboard'}], 'markup': [{'from': 21, 'length': 8, 'type': 'strong'}]}, 'sender': {'user_id': 210669020, 'first_name': 'DASHA_TOKEN_BOT', 'username': 'id575104156000_bot', 'is_bot': True, 'last_activity_time': 1773325509280, 'name': 'DASHA_TOKEN_BOT'}}, 'timestamp': 1773325508949, 'user_locale': 'ru', 'update_type': 'message_callback'}
clb

2026-03-12 17:25:09
23645861
edt

2026-03-12 17:25:10
{'callback': {'timestamp': 1773325510668, 'callback_id': 'f9LHodD0cOK67bxQhdxS7x5PjTUjwApmE57qyEeir_GIWFiIBNb-2qaapWnpCVA_KEgezMoGIpapJTBpT3Q-r2q4En5FDyNSFJLJVU9ok3PqhC6gvjV7', 'user': {'user_id': 23645861, 'first_name': 'Дмитрий', 'last_name': 'Марков', 'is_bot': False, 'last_activity_time': 1773325509000, 'name': 'Дмитрий Марков'}, 'payload': 'KBRD.9'}, 'message': {'recipient': {'chat_id': 233194361, 'chat_type': 'dialog', 'user_id': 23645861}, 'timestamp': 1773325498587, 'body': {'mid': 'mid.000000000de64379019ce26fb8db42fa', 'seq': 116216659875414778, 'text': 'Введите код доступа:  * * * _', 'attachments': [{'callback_id': 'f9LHodD0cOKfK8yWcN_3OCMpa_u32FSRunzWps-pXO1MaSt1o-PiqgWJwSJzkPG3vtYpAiH7uU91A2PZBrhjkDdacvpiM1KJSTSlUIBd5qpa4Yw1LP0a', 'payload': {'buttons': [[{'payload': 'KBRD.7', 'text': '7', 'intent': 'default', 'type': 'callback'}, {'payload': 'KBRD.8', 'text': '8', 'intent': 'default', 'type': 'callback'}, {'payload': 'KBRD.9', 'text': '9', 'intent': 'default', 'type': 'callback'}], [{'payload': 'KBRD.4', 'text': '4', 'intent': 'default', 'type': 'callback'}, {'payload': 'KBRD.5', 'text': '5', 'intent': 'default', 'type': 'callback'}, {'payload': 'KBRD.6', 'text': '6', 'intent': 'default', 'type': 'callback'}], [{'payload': 'KBRD.3', 'text': '3', 'intent': 'default', 'type': 'callback'}, {'payload': 'KBRD.2', 'text': '2', 'intent': 'default', 'type': 'callback'}, {'payload': 'KBRD.1', 'text': '1', 'intent': 'default', 'type': 'callback'}], [{'payload': 'KBRD.0', 'text': '0', 'intent': 'default', 'type': 'callback'}, {'payload': 'KBRD.Cancel', 'text': 'Сброс', 'intent': 'default', 'type': 'callback'}], [{'payload': 'RecoveryAuthorization', 'text': 'Восстановление доступа', 'intent': 'default', 'type': 'callback'}], [{'payload': 'CancelCurrentOperation', 'text': 'Прервать операцию', 'intent': 'default', 'type': 'callback'}]]}, 'type': 'inline_keyboard'}], 'markup': [{'from': 21, 'length': 8, 'type': 'strong'}]}, 'sender': {'user_id': 210669020, 'first_name': 'DASHA_TOKEN_BOT', 'username': 'id575104156000_bot', 'is_bot': True, 'last_activity_time': 1773325510881, 'name': 'DASHA_TOKEN_BOT'}}, 'timestamp': 1773325510668, 'user_locale': 'ru', 'update_type': 'message_callback'}
clb

2026-03-12 17:25:11
23645861
edt

2026-03-12 17:25:11
mid.000000000de64379019ce26fecc00959
snd

2026-03-12 17:25:12
mid.000000000de64379019ce26fb8db42fa
del

2026-03-12 17:25:12
mid.000000000de64379019ce26fb5ae7a87
del

2026-03-12 17:25:13
mid.000000000de64379019ce26ff1644cde
snd

2026-03-12 17:25:13
mid.000000000de64379019ce26fecc00959
del

2026-03-12 17:25:28
{'callback': {'timestamp': 1773325528243, 'callback_id': 'f9LHodD0cOI5TXl7JtkOqXTlPQqGuJuWD2gmMEiyzShFW-pYHPkVJa2wJsvxnUpHWRsz7iQDz2De4ZYGCloTJ1kmYizRw4I_vwzcGf1dv1iIUz-h6-TB', 'user': {'user_id': 23645861, 'first_name': 'Дмитрий', 'last_name': 'Марков', 'is_bot': False, 'last_activity_time': 1773325523000, 'name': 'Дмитрий Марков'}, 'payload': 'GetNewToken'}, 'message': {'recipient': {'chat_id': 233194361, 'chat_type': 'dialog', 'user_id': 23645861}, 'timestamp': 1773325513060, 'body': {'mid': 'mid.000000000de64379019ce26ff1644cde', 'seq': 116216660823919838, 'text': 'Выберите команду меню Бота или получите Новый токен.', 'attachments': [{'callback_id': 'f9LHodD0cOIGJsLxGei6AwYq8DL9EOA5SkLGZ29F-YOfFaQfarQZo_5dAVMdWyW_t6S_BsrI4rXAT42RZ_KVjB5wvV7FgHzv5ABIUNkcmHsCN31yrYrv', 'payload': {'buttons': [[{'payload': 'MainMenu', 'text': 'Главное меню', 'intent': 'default', 'type': 'callback'}], [{'payload': 'GetNewToken', 'text': 'Новый токен', 'intent': 'default', 'type': 'callback'}]]}, 'type': 'inline_keyboard'}], 'markup': [{'from': 40, 'length': 11, 'type': 'strong'}]}, 'sender': {'user_id': 210669020, 'first_name': 'DASHA_TOKEN_BOT', 'username': 'id575104156000_bot', 'is_bot': True, 'last_activity_time': 1773325528454, 'name': 'DASHA_TOKEN_BOT'}}, 'timestamp': 1773325528243, 'user_locale': 'ru', 'update_type': 'message_callback'}
clb

2026-03-12 17:25:28
mid.000000000de64379019ce2702f3b0959
snd

2026-03-12 17:25:29
mid.000000000de64379019ce26ff1644cde
del

2026-03-12 17:25:29
mid.000000000de64379019ce27032cb2f17
snd

2026-03-12 17:25:30
mid.000000000de64379019ce27036373221
snd

2026-03-12 17:25:32
mid.000000000de64379019ce2702f3b0959
del

2026-03-12 17:26:01
mid.000000000de64379019ce27036373221
del

2026-03-12 17:26:01
mid.000000000de64379019ce27032cb2f17
del

2026-03-12 17:26:01
mid.000000000de64379019ce270afe94704
snd

2026-03-12 17:28:35
mid.000000000de64379019ce27309500959
snd

2026-03-12 17:28:36
mid.000000000de64379019ce270afe94704
del

2026-03-12 17:28:36
mid.000000000de64379019ce2730c912bd5
snd

2026-03-12 17:28:37
mid.000000000de64379019ce27309500959
del

2026-03-12 18:29:01
mid.000000000de64379019ce2aa5df33698
snd

2026-03-12 18:29:02
mid.000000000de64379019ce2730c912bd5
del

2026-03-12 19:29:06
mid.000000000de64379019ce2e15cf54c6f
snd

2026-03-12 19:29:06
mid.000000000de64379019ce2aa5df33698
del

2026-03-12 20:29:08
mid.000000000de64379019ce31854084364
snd

2026-03-12 20:29:08
mid.000000000de64379019ce2e15cf54c6f
del

2026-03-12 21:29:10
mid.000000000de64379019ce34f4b5f5b6b
snd

2026-03-12 21:29:11
mid.000000000de64379019ce31854084364
del

2026-03-12 22:29:13
mid.000000000de64379019ce38645b453ae
snd

2026-03-12 22:29:14
mid.000000000de64379019ce34f4b5f5b6b
del

2026-03-12 23:29:15
mid.000000000de64379019ce3bd3d1830b3
snd

2026-03-12 23:29:16
mid.000000000de64379019ce38645b453ae
del

