2026-02-06 12:42:21
 - Бот TLG_Main подключен

2026-02-06 12:42:21
 - DTB запущен

2026-02-06 12:42:41
DEL_MES_BTN - A request to the Telegram API was unsuccessful. Error code: 400. Description: Bad Request: message is not modified: specified new message content and reply markup are exactly the same as a current content and reply markup of the message

2026-02-06 12:42:51
EXEC SELECT ID, PASSWORD, RECOVERY FROM USER ID = '<DTB_Chat.c_chat object at 0x000002BDDB934C20>' - near "=": syntax error

2026-02-06 12:42:51
DEL_MES_BTN - A request to the Telegram API was unsuccessful. Error code: 400. Description: Bad Request: message is not modified: specified new message content and reply markup are exactly the same as a current content and reply markup of the message

2026-02-06 12:42:59
DEL_MES_BTN - A request to the Telegram API was unsuccessful. Error code: 400. Description: Bad Request: message is not modified: specified new message content and reply markup are exactly the same as a current content and reply markup of the message

2026-02-06 12:43:24
DEL_MES_BTN - A request to the Telegram API was unsuccessful. Error code: 400. Description: Bad Request: message is not modified: specified new message content and reply markup are exactly the same as a current content and reply markup of the message

2026-02-06 12:43:31
DEL_MES_BTN - A request to the Telegram API was unsuccessful. Error code: 400. Description: Bad Request: message is not modified: specified new message content and reply markup are exactly the same as a current content and reply markup of the message

2026-02-06 12:43:37
EXEC UPDATE CHAT SET USER_ID = 79175560062 FROM  WHERE ID = 991033097 - near "WHERE": syntax error

2026-02-06 12:43:37
EXEC SELECT ID, PASSWORD, RECOVERY FROM USER ID = '79175560062' - near "=": syntax error

2026-02-06 12:43:37
EXEC SELECT ID, PASSWORD, RECOVERY FROM USER ID = '<built-in function id>' - near "=": syntax error

2026-02-06 12:43:37
EXEC UPDATE USER SET PASSWORD = '0000', RECOVERY = '' WHERE ID = <built-in function id> - near "<": syntax error

2026-02-06 12:51:33
 - Бот TLG_Main подключен

2026-02-06 12:51:33
 - Бот DTB_RECOVERY_BOT подключен

2026-02-06 12:51:33
 - DTB запущен

2026-02-06 12:51:59
DEL_MES_BTN - A request to the Telegram API was unsuccessful. Error code: 400. Description: Bad Request: message is not modified: specified new message content and reply markup are exactly the same as a current content and reply markup of the message

2026-02-06 12:51:59
DEL_MES_BTN - A request to the Telegram API was unsuccessful. Error code: 400. Description: Bad Request: message is not modified: specified new message content and reply markup are exactly the same as a current content and reply markup of the message

2026-02-06 12:52:03
EXEC SELECT ID, PASSWORD, RECOVERY FROM USER ID = '<DTB_Chat.c_chat object at 0x0000021A8A738D70>' - near "=": syntax error

2026-02-06 12:52:04
DEL_MES_BTN - A request to the Telegram API was unsuccessful. Error code: 400. Description: Bad Request: message is not modified: specified new message content and reply markup are exactly the same as a current content and reply markup of the message

2026-02-06 12:52:04
DEL_MES_BTN - A request to the Telegram API was unsuccessful. Error code: 400. Description: Bad Request: message is not modified: specified new message content and reply markup are exactly the same as a current content and reply markup of the message

2026-02-06 12:52:16
DEL_MES_BTN - A request to the Telegram API was unsuccessful. Error code: 400. Description: Bad Request: message is not modified: specified new message content and reply markup are exactly the same as a current content and reply markup of the message

2026-02-06 12:52:16
DEL_MES_BTN - A request to the Telegram API was unsuccessful. Error code: 400. Description: Bad Request: message is not modified: specified new message content and reply markup are exactly the same as a current content and reply markup of the message

2026-02-06 12:52:46
DEL_MES_BTN - A request to the Telegram API was unsuccessful. Error code: 400. Description: Bad Request: message is not modified: specified new message content and reply markup are exactly the same as a current content and reply markup of the message

2026-02-06 12:52:46
DEL_MES_BTN - A request to the Telegram API was unsuccessful. Error code: 400. Description: Bad Request: message is not modified: specified new message content and reply markup are exactly the same as a current content and reply markup of the message

2026-02-06 12:53:01
DEL_MES_BTN - A request to the Telegram API was unsuccessful. Error code: 400. Description: Bad Request: message is not modified: specified new message content and reply markup are exactly the same as a current content and reply markup of the message

2026-02-06 12:53:01
DEL_MES_BTN - A request to the Telegram API was unsuccessful. Error code: 400. Description: Bad Request: message is not modified: specified new message content and reply markup are exactly the same as a current content and reply markup of the message

2026-02-06 12:53:14
EXEC UPDATE CHAT SET USER_ID = 79175560062 FROM  WHERE ID = 991033097 - near "WHERE": syntax error

2026-02-06 12:53:14
EXEC SELECT ID, PASSWORD, RECOVERY FROM USER ID = '79175560062' - near "=": syntax error

2026-02-06 12:53:14
EXEC SELECT ID, PASSWORD, RECOVERY FROM USER ID = '<built-in function id>' - near "=": syntax error

2026-02-06 12:53:15
DEL_MES_BTN - A request to the Telegram API was unsuccessful. Error code: 400. Description: Bad Request: message is not modified: specified new message content and reply markup are exactly the same as a current content and reply markup of the message

2026-02-06 13:00:25
 - Бот TLG_Main подключен

2026-02-06 13:00:25
 - Бот DTB_RECOVERY_BOT подключен

2026-02-06 13:00:25
 - DTB запущен

2026-02-06 13:00:43
DEL_MES_BTN - A request to the Telegram API was unsuccessful. Error code: 400. Description: Bad Request: message is not modified: specified new message content and reply markup are exactly the same as a current content and reply markup of the message

2026-02-06 13:00:43
DEL_MES_BTN - A request to the Telegram API was unsuccessful. Error code: 400. Description: Bad Request: message is not modified: specified new message content and reply markup are exactly the same as a current content and reply markup of the message

2026-02-06 13:00:46
EXEC SELECT ID, PASSWORD, RECOVERY FROM USER ID = '<DTB_Chat.c_chat object at 0x000001B79783ECF0>' - near "=": syntax error

2026-02-06 13:00:47
DEL_MES_BTN - A request to the Telegram API was unsuccessful. Error code: 400. Description: Bad Request: message is not modified: specified new message content and reply markup are exactly the same as a current content and reply markup of the message

2026-02-06 13:00:47
DEL_MES_BTN - A request to the Telegram API was unsuccessful. Error code: 400. Description: Bad Request: message is not modified: specified new message content and reply markup are exactly the same as a current content and reply markup of the message

2026-02-06 13:05:34
Бот TLG_Main подключен

2026-02-06 13:05:34
Бот DTB_RECOVERY_BOT подключен

2026-02-06 13:05:34
DTB запущен

2026-02-06 13:06:13
A request to the Telegram API was unsuccessful. Error code: 400. Description: Bad Request: message is not modified: specified new message content and reply markup are exactly the same as a current content and reply markup of the message
DEL_MES_BTN

2026-02-06 13:06:26
A request to the Telegram API was unsuccessful. Error code: 400. Description: Bad Request: message is not modified: specified new message content and reply markup are exactly the same as a current content and reply markup of the message
DEL_MES_BTN

2026-02-06 13:06:26
A request to the Telegram API was unsuccessful. Error code: 400. Description: Bad Request: message is not modified: specified new message content and reply markup are exactly the same as a current content and reply markup of the message
DEL_MES_BTN

2026-02-06 13:06:30
A request to the Telegram API was unsuccessful. Error code: 400. Description: Bad Request: message is not modified: specified new message content and reply markup are exactly the same as a current content and reply markup of the message
DEL_MES_BTN

2026-02-06 13:06:31
A request to the Telegram API was unsuccessful. Error code: 400. Description: Bad Request: message is not modified: specified new message content and reply markup are exactly the same as a current content and reply markup of the message
DEL_MES_BTN

2026-02-06 13:07:01
A request to the Telegram API was unsuccessful. Error code: 400. Description: Bad Request: message is not modified: specified new message content and reply markup are exactly the same as a current content and reply markup of the message
DEL_MES_BTN

2026-02-06 13:07:01
A request to the Telegram API was unsuccessful. Error code: 400. Description: Bad Request: message is not modified: specified new message content and reply markup are exactly the same as a current content and reply markup of the message
DEL_MES_BTN

2026-02-06 13:07:17
A request to the Telegram API was unsuccessful. Error code: 400. Description: Bad Request: message is not modified: specified new message content and reply markup are exactly the same as a current content and reply markup of the message
DEL_MES_BTN

2026-02-06 13:07:17
A request to the Telegram API was unsuccessful. Error code: 400. Description: Bad Request: message is not modified: specified new message content and reply markup are exactly the same as a current content and reply markup of the message
DEL_MES_BTN

2026-02-06 13:07:25
A request to the Telegram API was unsuccessful. Error code: 400. Description: Bad Request: message is not modified: specified new message content and reply markup are exactly the same as a current content and reply markup of the message
DEL_MES_BTN

2026-02-06 13:07:25
A request to the Telegram API was unsuccessful. Error code: 400. Description: Bad Request: message is not modified: specified new message content and reply markup are exactly the same as a current content and reply markup of the message
DEL_MES_BTN

2026-02-06 13:12:21
Бот TLG_Main подключен

2026-02-06 13:12:21
Бот DTB_RECOVERY_BOT подключен

2026-02-06 13:12:21
DTB запущен

2026-02-06 13:12:39
A request to the Telegram API was unsuccessful. Error code: 400. Description: Bad Request: message is not modified: specified new message content and reply markup are exactly the same as a current content and reply markup of the message
DEL_MES_BTN

2026-02-06 13:12:39
A request to the Telegram API was unsuccessful. Error code: 400. Description: Bad Request: message is not modified: specified new message content and reply markup are exactly the same as a current content and reply markup of the message
DEL_MES_BTN

2026-02-06 13:12:44
A request to the Telegram API was unsuccessful. Error code: 400. Description: Bad Request: message is not modified: specified new message content and reply markup are exactly the same as a current content and reply markup of the message
DEL_MES_BTN

2026-02-06 13:12:44
A request to the Telegram API was unsuccessful. Error code: 400. Description: Bad Request: message is not modified: specified new message content and reply markup are exactly the same as a current content and reply markup of the message
DEL_MES_BTN

2026-02-06 13:12:56
A request to the Telegram API was unsuccessful. Error code: 400. Description: Bad Request: message is not modified: specified new message content and reply markup are exactly the same as a current content and reply markup of the message
DEL_MES_BTN

2026-02-06 13:12:56
A request to the Telegram API was unsuccessful. Error code: 400. Description: Bad Request: message is not modified: specified new message content and reply markup are exactly the same as a current content and reply markup of the message
DEL_MES_BTN

2026-02-06 13:13:17
A request to the Telegram API was unsuccessful. Error code: 400. Description: Bad Request: message is not modified: specified new message content and reply markup are exactly the same as a current content and reply markup of the message
DEL_MES_BTN

2026-02-06 13:13:17
A request to the Telegram API was unsuccessful. Error code: 400. Description: Bad Request: message is not modified: specified new message content and reply markup are exactly the same as a current content and reply markup of the message
DEL_MES_BTN

2026-02-06 13:13:23
A request to the Telegram API was unsuccessful. Error code: 400. Description: Bad Request: message is not modified: specified new message content and reply markup are exactly the same as a current content and reply markup of the message
DEL_MES_BTN

2026-02-06 13:13:24
A request to the Telegram API was unsuccessful. Error code: 400. Description: Bad Request: message is not modified: specified new message content and reply markup are exactly the same as a current content and reply markup of the message
DEL_MES_BTN

2026-02-06 14:12:31
Бот TLG_Main подключен

2026-02-06 14:12:31
Бот DTB_RECOVERY_BOT подключен

2026-02-06 14:12:31
DTB запущен

2026-02-06 14:12:34
A request to the Telegram API was unsuccessful. Error code: 400. Description: Bad Request: message is not modified: specified new message content and reply markup are exactly the same as a current content and reply markup of the message
DEL_MES_BTN

2026-02-06 14:12:39
A request to the Telegram API was unsuccessful. Error code: 400. Description: Bad Request: message is not modified: specified new message content and reply markup are exactly the same as a current content and reply markup of the message
DEL_MES_BTN

2026-02-06 14:12:39
A request to the Telegram API was unsuccessful. Error code: 400. Description: Bad Request: message is not modified: specified new message content and reply markup are exactly the same as a current content and reply markup of the message
DEL_MES_BTN

2026-02-06 14:12:45
A request to the Telegram API was unsuccessful. Error code: 400. Description: Bad Request: message is not modified: specified new message content and reply markup are exactly the same as a current content and reply markup of the message
DEL_MES_BTN

2026-02-06 14:12:45
A request to the Telegram API was unsuccessful. Error code: 400. Description: Bad Request: message is not modified: specified new message content and reply markup are exactly the same as a current content and reply markup of the message
DEL_MES_BTN

2026-02-06 14:12:56
A request to the Telegram API was unsuccessful. Error code: 400. Description: Bad Request: message is not modified: specified new message content and reply markup are exactly the same as a current content and reply markup of the message
DEL_MES_BTN

2026-02-06 14:12:56
A request to the Telegram API was unsuccessful. Error code: 400. Description: Bad Request: message is not modified: specified new message content and reply markup are exactly the same as a current content and reply markup of the message
DEL_MES_BTN

2026-02-06 14:13:02
A request to the Telegram API was unsuccessful. Error code: 400. Description: Bad Request: message is not modified: specified new message content and reply markup are exactly the same as a current content and reply markup of the message
DEL_MES_BTN

2026-02-06 14:14:48
Бот DTB_RECOVERY_BOT подключен

2026-02-06 14:14:48
DTB запущен

2026-02-06 14:14:55
A request to the Telegram API was unsuccessful. Error code: 400. Description: Bad Request: message is not modified: specified new message content and reply markup are exactly the same as a current content and reply markup of the message
DEL_MES_BTN

2026-02-06 14:14:55
A request to the Telegram API was unsuccessful. Error code: 400. Description: Bad Request: message is not modified: specified new message content and reply markup are exactly the same as a current content and reply markup of the message
DEL_MES_BTN

2026-02-06 14:15:01
A request to the Telegram API was unsuccessful. Error code: 400. Description: Bad Request: message is not modified: specified new message content and reply markup are exactly the same as a current content and reply markup of the message
DEL_MES_BTN

2026-02-06 14:15:01
A request to the Telegram API was unsuccessful. Error code: 400. Description: Bad Request: message is not modified: specified new message content and reply markup are exactly the same as a current content and reply markup of the message
DEL_MES_BTN

2026-02-06 14:15:08
A request to the Telegram API was unsuccessful. Error code: 400. Description: Bad Request: message is not modified: specified new message content and reply markup are exactly the same as a current content and reply markup of the message
DEL_MES_BTN

2026-02-06 14:15:08
A request to the Telegram API was unsuccessful. Error code: 400. Description: Bad Request: message is not modified: specified new message content and reply markup are exactly the same as a current content and reply markup of the message
DEL_MES_BTN

2026-02-06 14:15:32
A request to the Telegram API was unsuccessful. Error code: 400. Description: Bad Request: message is not modified: specified new message content and reply markup are exactly the same as a current content and reply markup of the message
DEL_MES_BTN

2026-02-06 14:15:32
A request to the Telegram API was unsuccessful. Error code: 400. Description: Bad Request: message is not modified: specified new message content and reply markup are exactly the same as a current content and reply markup of the message
DEL_MES_BTN

2026-02-06 14:15:40
A request to the Telegram API was unsuccessful. Error code: 400. Description: Bad Request: message is not modified: specified new message content and reply markup are exactly the same as a current content and reply markup of the message
DEL_MES_BTN

2026-02-06 14:15:41
A request to the Telegram API was unsuccessful. Error code: 400. Description: Bad Request: message is not modified: specified new message content and reply markup are exactly the same as a current content and reply markup of the message
DEL_MES_BTN

2026-02-06 14:15:49
name 'DTB_Bot' is not defined
Ошибка on_clearmess_timer

2026-02-06 14:16:07
A request to the Telegram API was unsuccessful. Error code: 400. Description: Bad Request: message is not modified: specified new message content and reply markup are exactly the same as a current content and reply markup of the message
DEL_MES_BTN

2026-02-06 14:19:30
A request to the Telegram API was unsuccessful. Error code: 400. Description: Bad Request: message is not modified: specified new message content and reply markup are exactly the same as a current content and reply markup of the message
DEL_MES_BTN

2026-02-06 14:19:34
A request to the Telegram API was unsuccessful. Error code: 400. Description: Bad Request: message is not modified: specified new message content and reply markup are exactly the same as a current content and reply markup of the message
DEL_MES_BTN

2026-02-06 14:19:34
A request to the Telegram API was unsuccessful. Error code: 400. Description: Bad Request: message is not modified: specified new message content and reply markup are exactly the same as a current content and reply markup of the message
DEL_MES_BTN

2026-02-06 14:19:38
A request to the Telegram API was unsuccessful. Error code: 400. Description: Bad Request: message is not modified: specified new message content and reply markup are exactly the same as a current content and reply markup of the message
DEL_MES_BTN

2026-02-06 14:19:38
A request to the Telegram API was unsuccessful. Error code: 400. Description: Bad Request: message is not modified: specified new message content and reply markup are exactly the same as a current content and reply markup of the message
DEL_MES_BTN

2026-02-06 14:19:50
A request to the Telegram API was unsuccessful. Error code: 400. Description: Bad Request: message is not modified: specified new message content and reply markup are exactly the same as a current content and reply markup of the message
DEL_MES_BTN

2026-02-06 14:19:51
A request to the Telegram API was unsuccessful. Error code: 400. Description: Bad Request: message is not modified: specified new message content and reply markup are exactly the same as a current content and reply markup of the message
DEL_MES_BTN

2026-02-06 14:20:12
A request to the Telegram API was unsuccessful. Error code: 400. Description: Bad Request: message is not modified: specified new message content and reply markup are exactly the same as a current content and reply markup of the message
DEL_MES_BTN

2026-02-06 14:20:13
A request to the Telegram API was unsuccessful. Error code: 400. Description: Bad Request: message is not modified: specified new message content and reply markup are exactly the same as a current content and reply markup of the message
DEL_MES_BTN

2026-02-06 14:20:19
A request to the Telegram API was unsuccessful. Error code: 400. Description: Bad Request: message is not modified: specified new message content and reply markup are exactly the same as a current content and reply markup of the message
DEL_MES_BTN

2026-02-06 14:20:19
A request to the Telegram API was unsuccessful. Error code: 400. Description: Bad Request: message is not modified: specified new message content and reply markup are exactly the same as a current content and reply markup of the message
DEL_MES_BTN

2026-02-06 14:22:00
Бот TLG_Main подключен

2026-02-06 14:22:00
Бот DTB_RECOVERY_BOT подключен

2026-02-06 14:22:00
DTB запущен

2026-02-06 14:22:15
A request to the Telegram API was unsuccessful. Error code: 400. Description: Bad Request: message is not modified: specified new message content and reply markup are exactly the same as a current content and reply markup of the message
DEL_MES_BTN

2026-02-06 14:22:21
A request to the Telegram API was unsuccessful. Error code: 400. Description: Bad Request: message is not modified: specified new message content and reply markup are exactly the same as a current content and reply markup of the message
DEL_MES_BTN

2026-02-06 14:22:37
A request to the Telegram API was unsuccessful. Error code: 400. Description: Bad Request: message is not modified: specified new message content and reply markup are exactly the same as a current content and reply markup of the message
DEL_MES_BTN

2026-02-06 14:22:56
A request to the Telegram API was unsuccessful. Error code: 400. Description: Bad Request: message is not modified: specified new message content and reply markup are exactly the same as a current content and reply markup of the message
DEL_MES_BTN

2026-02-06 14:23:04
A request to the Telegram API was unsuccessful. Error code: 400. Description: Bad Request: message is not modified: specified new message content and reply markup are exactly the same as a current content and reply markup of the message
DEL_MES_BTN

2026-02-06 14:25:07
A request to the Telegram API was unsuccessful. Error code: 400. Description: Bad Request: message is not modified: specified new message content and reply markup are exactly the same as a current content and reply markup of the message
DEL_MES_BTN

2026-02-06 14:25:11
A request to the Telegram API was unsuccessful. Error code: 400. Description: Bad Request: message is not modified: specified new message content and reply markup are exactly the same as a current content and reply markup of the message
DEL_MES_BTN

2026-02-06 14:25:23
A request to the Telegram API was unsuccessful. Error code: 400. Description: Bad Request: message is not modified: specified new message content and reply markup are exactly the same as a current content and reply markup of the message
DEL_MES_BTN

2026-02-06 14:25:38
A request to the Telegram API was unsuccessful. Error code: 400. Description: Bad Request: message is not modified: specified new message content and reply markup are exactly the same as a current content and reply markup of the message
DEL_MES_BTN

2026-02-06 14:25:45
A request to the Telegram API was unsuccessful. Error code: 400. Description: Bad Request: message is not modified: specified new message content and reply markup are exactly the same as a current content and reply markup of the message
DEL_MES_BTN

2026-02-06 14:30:51
Бот TLG_Main подключен

2026-02-06 14:30:51
Бот DTB_RECOVERY_BOT подключен

2026-02-06 14:30:51
DTB запущен

2026-02-06 14:33:28
Бот TLG_Main подключен

2026-02-06 14:33:28
Бот DTB_RECOVERY_BOT подключен

2026-02-06 14:33:28
DTB запущен

2026-02-06 14:34:40
Бот TLG_Main подключен

2026-02-06 14:34:40
Бот DTB_RECOVERY_BOT подключен

2026-02-06 14:34:40
DTB запущен

2026-02-06 22:07:24
Бот TLG_Main подключен

ен

2026-02-06 22:07:24
DTB запущен

2026-02-06 22:08:26
name 'DTB_Bot' is not defined
Ошибка on_clearmess_timer

2026-02-06 22:08:57
A request to the Telegram API was unsuccessful. Error code: 400. Description: Bad Request: message is not modified: specified new message content and reply markup are exactly the same as a current content and reply markup of the message
DEL_MES_BTN

2026-02-06 22:09:00
A request to the Telegram API was unsuccessful. Error code: 400. Description: Bad Request: message is not modified: specified new message content and reply markup are exactly the same as a current content and reply markup of the message
DEL_MES_BTN

2026-02-06 22:09:20
A request to the Telegram API was unsuccessful. Error code: 400. Description: Bad Request: message is not modified: specified new message content and reply markup are exactly the same as a current content and reply markup of the message
DEL_MES_BTN

2026-02-06 22:09:38
A request to the Telegram API was unsuccessful. Error code: 400. Description: Bad Request: message is not modified: specified new message content and reply markup are exactly the same as a current content and reply markup of the message
DEL_MES_BTN

2026-02-06 22:09:44
A request to the Telegram API was unsuccessful. Error code: 400. Description: Bad Request: message is not modified: specified new message content and reply markup are exactly the same as a current content and reply markup of the message
DEL_MES_BTN

2026-02-06 22:10:13
near "WHERE": syntax error
EXEC UPDATE CHAT SET USER_ID = 79175560062 FROM  WHERE ID = 991033097

2026-02-06 22:17:35
Бот TLG_Main подключен

2026-02-06 22:17:35
Бот DTB_RECOVERY_BOT подключен

2026-02-06 22:17:35
DTB запущен

2026-02-06 22:17:57
A request to the Telegram API was unsuccessful. Error code: 400. Description: Bad Request: message is not modified: specified new message content and reply markup are exactly the same as a current content and reply markup of the message
DEL_MES_BTN

2026-02-06 22:17:57
A request to the Telegram API was unsuccessful. Error code: 400. Description: Bad Request: message is not modified: specified new message content and reply markup are exactly the same as a current content and reply markup of the message
DEL_MES_BTN

2026-02-06 22:18:00
A request to the Telegram API was unsuccessful. Error code: 400. Description: Bad Request: message is not modified: specified new message content and reply markup are exactly the same as a current content and reply markup of the message
DEL_MES_BTN

2026-02-06 22:18:00
A request to the Telegram API was unsuccessful. Error code: 400. Description: Bad Request: message is not modified: specified new message content and reply markup are exactly the same as a current content and reply markup of the message
DEL_MES_BTN

2026-02-06 22:18:10
A request to the Telegram API was unsuccessful. Error code: 400. Description: Bad Request: message is not modified: specified new message content and reply markup are exactly the same as a current content and reply markup of the message
DEL_MES_BTN

2026-02-06 22:18:10
A request to the Telegram API was unsuccessful. Error code: 400. Description: Bad Request: message is not modified: specified new message content and reply markup are exactly the same as a current content and reply markup of the message
DEL_MES_BTN

2026-02-06 22:18:34
A request to the Telegram API was unsuccessful. Error code: 400. Description: Bad Request: message is not modified: specified new message content and reply markup are exactly the same as a current content and reply markup of the message
DEL_MES_BTN

2026-02-06 22:18:34
A request to the Telegram API was unsuccessful. Error code: 400. Description: Bad Request: message is not modified: specified new message content and reply markup are exactly the same as a current content and reply markup of the message
DEL_MES_BTN

2026-02-06 22:18:41
A request to the Telegram API was unsuccessful. Error code: 400. Description: Bad Request: message is not modified: specified new message content and reply markup are exactly the same as a current content and reply markup of the message
DEL_MES_BTN

2026-02-06 22:18:41
A request to the Telegram API was unsuccessful. Error code: 400. Description: Bad Request: message is not modified: specified new message content and reply markup are exactly the same as a current content and reply markup of the message
DEL_MES_BTN

2026-02-06 22:33:56
near "<": syntax error
EXEC UPDATE CHAT SET USER_ID = <built-in function id> FROM  WHERE ID = 991033097

2026-02-06 22:39:00
A request to the Telegram API was unsuccessful. Error code: 400. Description: Bad Request: message is not modified: specified new message content and reply markup are exactly the same as a current content and reply markup of the message
DEL_MES_BTN

2026-02-06 22:39:02
A request to the Telegram API was unsuccessful. Error code: 400. Description: Bad Request: message is not modified: specified new message content and reply markup are exactly the same as a current content and reply markup of the message
DEL_MES_BTN

2026-02-06 22:39:02
A request to the Telegram API was unsuccessful. Error code: 400. Description: Bad Request: message is not modified: specified new message content and reply markup are exactly the same as a current content and reply markup of the message
DEL_MES_BTN

2026-02-06 22:39:46
A request to the Telegram API was unsuccessful. Error code: 400. Description: Bad Request: message is not modified: specified new message content and reply markup are exactly the same as a current content and reply markup of the message
DEL_MES_BTN

2026-02-06 22:39:46
A request to the Telegram API was unsuccessful. Error code: 400. Description: Bad Request: message is not modified: specified new message content and reply markup are exactly the same as a current content and reply markup of the message
DEL_MES_BTN

2026-02-06 22:40:00
A request to the Telegram API was unsuccessful. Error code: 400. Description: Bad Request: message is not modified: specified new message content and reply markup are exactly the same as a current content and reply markup of the message
DEL_MES_BTN

2026-02-06 22:40:00
A request to the Telegram API was unsuccessful. Error code: 400. Description: Bad Request: message is not modified: specified new message content and reply markup are exactly the same as a current content and reply markup of the message
DEL_MES_BTN

2026-02-06 22:40:15
A request to the Telegram API was unsuccessful. Error code: 400. Description: Bad Request: message is not modified: specified new message content and reply markup are exactly the same as a current content and reply markup of the message
DEL_MES_BTN

2026-02-06 22:40:15
A request to the Telegram API was unsuccessful. Error code: 400. Description: Bad Request: message is not modified: specified new message content and reply markup are exactly the same as a current content and reply markup of the message
DEL_MES_BTN

2026-02-06 22:40:23
A request to the Telegram API was unsuccessful. Error code: 400. Description: Bad Request: message is not modified: specified new message content and reply markup are exactly the same as a current content and reply markup of the message
DEL_MES_BTN

2026-02-06 22:40:23
A request to the Telegram API was unsuccessful. Error code: 400. Description: Bad Request: message is not modified: specified new message content and reply markup are exactly the same as a current content and reply markup of the message
DEL_MES_BTN

2026-02-06 22:49:32
near "WHERE": syntax error
EXEC UPDATE CHAT SET USER_ID = 79175560062 FROM  WHERE ID = 991033097

2026-02-06 22:56:15
Бот TLG_Main подключен

2026-02-06 22:56:15
Бот DTB_RECOVERY_BOT подключен

2026-02-06 22:56:15
DTB запущен

2026-02-06 22:57:50
A request to the Telegram API was unsuccessful. Error code: 400. Description: Bad Request: message is not modified: specified new message content and reply markup are exactly the same as a current content and reply markup of the message
DEL_MES_BTN

2026-02-06 22:57:52
A request to the Telegram API was unsuccessful. Error code: 400. Description: Bad Request: message is not modified: specified new message content and reply markup are exactly the same as a current content and reply markup of the message
DEL_MES_BTN

2026-02-06 22:57:52
A request to the Telegram API was unsuccessful. Error code: 400. Description: Bad Request: message is not modified: specified new message content and reply markup are exactly the same as a current content and reply markup of the message
DEL_MES_BTN

2026-02-06 22:58:00
A request to the Telegram API was unsuccessful. Error code: 400. Description: Bad Request: message is not modified: specified new message content and reply markup are exactly the same as a current content and reply markup of the message
DEL_MES_BTN

2026-02-06 22:58:01
A request to the Telegram API was unsuccessful. Error code: 400. Description: Bad Request: message is not modified: specified new message content and reply markup are exactly the same as a current content and reply markup of the message
DEL_MES_BTN

2026-02-06 22:58:18
A request to the Telegram API was unsuccessful. Error code: 400. Description: Bad Request: message is not modified: specified new message content and reply markup are exactly the same as a current content and reply markup of the message
DEL_MES_BTN

2026-02-06 22:58:18
A request to the Telegram API was unsuccessful. Error code: 400. Description: Bad Request: message is not modified: specified new message content and reply markup are exactly the same as a current content and reply markup of the message
DEL_MES_BTN

2026-02-06 22:58:36
A request to the Telegram API was unsuccessful. Error code: 400. Description: Bad Request: message is not modified: specified new message content and reply markup are exactly the same as a current content and reply markup of the message
DEL_MES_BTN

2026-02-06 22:58:36
A request to the Telegram API was unsuccessful. Error code: 400. Description: Bad Request: message is not modified: specified new message content and reply markup are exactly the same as a current content and reply markup of the message
DEL_MES_BTN

2026-02-06 22:58:47
A request to the Telegram API was unsuccessful. Error code: 400. Description: Bad Request: message is not modified: specified new message content and reply markup are exactly the same as a current content and reply markup of the message
DEL_MES_BTN

2026-02-06 22:58:47
A request to the Telegram API was unsuccessful. Error code: 400. Description: Bad Request: message is not modified: specified new message content and reply markup are exactly the same as a current content and reply markup of the message
DEL_MES_BTN

2026-02-06 22:59:22
cannot commit - no transaction is active
EXEC SELECT BOT_NM, CHAT_ID, MESS_ID, LEVEL FROM MESSAGE WHERE 1770407962.0333884 - LASTTIME > 3600

2026-02-06 22:59:22
A request to the Telegram API was unsuccessful. Error code: 400. Description: Bad Request: message is not modified: specified new message content and reply markup are exactly the same as a current content and reply markup of the message
DEL_MES_BTN

2026-02-06 23:00:19
A request to the Telegram API was unsuccessful. Error code: 400. Description: Bad Request: message is not modified: specified new message content and reply markup are exactly the same as a current content and reply markup of the message
DEL_MES_BTN

2026-02-06 23:01:17
Бот TLG_Main подключен

2026-02-06 23:01:17
Бот DTB_RECOVERY_BOT подключен

2026-02-06 23:01:17
DTB запущен

2026-02-06 23:01:19
A request to the Telegram API was unsuccessful. Error code: 400. Description: Bad Request: message is not modified: specified new message content and reply markup are exactly the same as a current content and reply markup of the message
DEL_MES_BTN

2026-02-06 23:03:03
A request to the Telegram API was unsuccessful. Error code: 400. Description: Bad Request: message is not modified: specified new message content and reply markup are exactly the same as a current content and reply markup of the message
DEL_MES_BTN

2026-02-06 23:03:42
Бот TLG_Main подключен

2026-02-06 23:03:42
Бот DTB_RECOVERY_BOT подключен

2026-02-06 23:03:42
DTB запущен

2026-02-06 23:04:26
A request to the Telegram API was unsuccessful. Error code: 400. Description: Bad Request: message is not modified: specified new message content and reply markup are exactly the same as a current content and reply markup of the message
DEL_MES_BTN

2026-02-06 23:04:48
A request to the Telegram API was unsuccessful. Error code: 400. Description: Bad Request: message is not modified: specified new message content and reply markup are exactly the same as a current content and reply markup of the message
DEL_MES_BTN

2026-02-06 23:04:48
A request to the Telegram API was unsuccessful. Error code: 400. Description: Bad Request: message is not modified: specified new message content and reply markup are exactly the same as a current content and reply markup of the message
DEL_MES_BTN

2026-02-06 23:04:51
A request to the Telegram API was unsuccessful. Error code: 400. Description: Bad Request: message is not modified: specified new message content and reply markup are exactly the same as a current content and reply markup of the message
DEL_MES_BTN

2026-02-06 23:04:51
A request to the Telegram API was unsuccessful. Error code: 400. Description: Bad Request: message is not modified: specified new message content and reply markup are exactly the same as a current content and reply markup of the message
DEL_MES_BTN

