2026-09-08 22:03:26
{'callback': {'timestamp': 1788894205316, 'callback_id': 'f9LHodD0cOKWoX_0Tdq4JJ8L2m92Lyb6UovRZQgRbrFNt1d2Y76OIzftrV7tJk4QjLubbqJgCaHWuPhoT4q1fTZqD3i6kyYeHa7azuzHZJT9n-5DwJaL', 'user': {'user_id': 23645861, 'first_name': 'Дмитрий', 'is_bot': False, 'last_name': 'Марков', 'last_activity_time': 1788894193000, 'name': 'Дмитрий Марков'}, 'payload': 'Start'}, 'timestamp': 1788894205316, 'message': {'recipient': {'chat_type': 'dialog', 'chat_id': 230892366, 'user_id': 23645861}, 'timestamp': 1788621754379, 'body': {'mid': 'mid.000000000dc3234e01a0722a100b6dd0', 'seq': 117219115295010256, 'text': 'Бот-генератор токенов доступа v.1.2.', 'attachments': [{'payload': {'buttons': [[{'payload': 'Start', 'text': 'Начать', 'type': 'callback'}]]}, 'type': 'inline_keyboard'}]}, 'sender': {'user_id': 212594155, 'first_name': 'DASHA_TOKEN_2_BOT', 'is_bot': True, 'username': 'id575104156000_2_bot', 'last_activity_time': 1788894205878, 'name': 'DASHA_TOKEN_2_BOT'}}, 'user_locale': 'ru', 'update_type': 'message_callback'}
clb

2026-09-08 22:03:26
mid.000000000dc3234e01a082675b6e0959
snd

2026-09-08 22:03:27
mid.000000000dc3234e01a0722a100b6dd0
del

2026-09-08 22:03:27
mid.000000000dc3234e01a082675e8b60be
snd

2026-09-08 22:03:28
mid.000000000dc3234e01a0826761de55d0
snd

2026-09-08 22:03:28
mid.000000000dc3234e01a082675b6e0959
del

2026-09-08 22:03:37
{'callback': {'timestamp': 1788894216127, 'callback_id': 'f9LHodD0cOLMiDkQXvWqqknfTgRu9hVq8EaZ6lbMmRzflBa7Wu8UHmRAnR4E7rpd7etwd3Vp5JQAawkjsn2Q3nK0j964uLeF0n_MHNnbErZcE-d-0mjZ', 'user': {'user_id': 23645861, 'first_name': 'Дмитрий', 'is_bot': False, 'last_name': 'Марков', 'last_activity_time': 1788894210000, 'name': 'Дмитрий Марков'}, 'payload': 'KBRD.0'}, 'timestamp': 1788894216127, 'message': {'recipient': {'chat_type': 'dialog', 'chat_id': 230892366, 'user_id': 23645861}, 'timestamp': 1788894208478, 'body': {'mid': 'mid.000000000dc3234e01a0826761de55d0', 'seq': 117236970846836176, 'text': 'Введите код доступа:  _ _ _ _', 'attachments': [{'payload': {'buttons': [[{'payload': 'KBRD.7', 'text': '7', 'type': 'callback'}, {'payload': 'KBRD.8', 'text': '8', 'type': 'callback'}, {'payload': 'KBRD.9', 'text': '9', 'type': 'callback'}], [{'payload': 'KBRD.4', 'text': '4', 'type': 'callback'}, {'payload': 'KBRD.5', 'text': '5', 'type': 'callback'}, {'payload': 'KBRD.6', 'text': '6', 'type': 'callback'}], [{'payload': 'KBRD.3', 'text': '3', 'type': 'callback'}, {'payload': 'KBRD.2', 'text': '2', 'type': 'callback'}, {'payload': 'KBRD.1', 'text': '1', 'type': 'callback'}], [{'payload': 'KBRD.0', 'text': '0', 'type': 'callback'}, {'payload': 'KBRD.Cancel', 'text': 'Сброс', 'type': 'callback'}], [{'payload': 'RecoveryAuthorization', 'text': 'Восстановление доступа', 'type': 'callback'}], [{'payload': 'CancelCurrentOperation', 'text': 'Прервать операцию', 'type': 'callback'}]]}, 'type': 'inline_keyboard'}], 'markup': [{'from': 21, 'length': 8, 'type': 'strong'}]}, 'sender': {'user_id': 212594155, 'first_name': 'DASHA_TOKEN_2_BOT', 'is_bot': True, 'username': 'id575104156000_2_bot', 'last_activity_time': 1788894216720, 'name': 'DASHA_TOKEN_2_BOT'}}, 'user_locale': 'ru', 'update_type': 'message_callback'}
clb

2026-09-08 22:03:37
23645861
edt

2026-09-08 22:03:38
{'callback': {'timestamp': 1788894216943, 'callback_id': 'f9LHodD0cOK7HYSJm3SFYomV9Qv66DWY02o11S-VD3JZ4oddsg7G3htHO5vvZ9ieY6NIN5WWGoLl7dx7ULmplO_ogJE2MjpFlxaNFg4NmKJovG1qzZz9', 'user': {'user_id': 23645861, 'first_name': 'Дмитрий', 'is_bot': False, 'last_name': 'Марков', 'last_activity_time': 1788894217000, 'name': 'Дмитрий Марков'}, 'payload': 'KBRD.0'}, 'timestamp': 1788894216943, 'message': {'recipient': {'chat_type': 'dialog', 'chat_id': 230892366, 'user_id': 23645861}, 'timestamp': 1788894208478, 'body': {'mid': 'mid.000000000dc3234e01a0826761de55d0', 'seq': 117236970846836176, 'text': 'Введите код доступа:  * _ _ _', 'attachments': [{'payload': {'buttons': [[{'payload': 'KBRD.7', 'text': '7', 'type': 'callback'}, {'payload': 'KBRD.8', 'text': '8', 'type': 'callback'}, {'payload': 'KBRD.9', 'text': '9', 'type': 'callback'}], [{'payload': 'KBRD.4', 'text': '4', 'type': 'callback'}, {'payload': 'KBRD.5', 'text': '5', 'type': 'callback'}, {'payload': 'KBRD.6', 'text': '6', 'type': 'callback'}], [{'payload': 'KBRD.3', 'text': '3', 'type': 'callback'}, {'payload': 'KBRD.2', 'text': '2', 'type': 'callback'}, {'payload': 'KBRD.1', 'text': '1', 'type': 'callback'}], [{'payload': 'KBRD.0', 'text': '0', 'type': 'callback'}, {'payload': 'KBRD.Cancel', 'text': 'Сброс', 'type': 'callback'}], [{'payload': 'RecoveryAuthorization', 'text': 'Восстановление доступа', 'type': 'callback'}], [{'payload': 'CancelCurrentOperation', 'text': 'Прервать операцию', 'type': 'callback'}]]}, 'type': 'inline_keyboard'}], 'markup': [{'from': 21, 'length': 8, 'type': 'strong'}]}, 'sender': {'user_id': 212594155, 'first_name': 'DASHA_TOKEN_2_BOT', 'is_bot': True, 'username': 'id575104156000_2_bot', 'last_activity_time': 1788894218158, 'name': 'DASHA_TOKEN_2_BOT'}}, 'user_locale': 'ru', 'update_type': 'message_callback'}
clb

2026-09-08 22:03:39
23645861
edt

2026-09-08 22:03:39
{'callback': {'timestamp': 1788894217763, 'callback_id': 'f9LHodD0cOI1BHyULhm5TiggsEVXXEzbSsXgyMpahOLdWgRV2C-QLyetjXoCRDvojy5fhhrvxAzKvDJT3mfMtlpaNzKYDYfeaSW5ER0PM7OvGCiQW2xa', 'user': {'user_id': 23645861, 'first_name': 'Дмитрий', 'is_bot': False, 'last_name': 'Марков', 'last_activity_time': 1788894217000, 'name': 'Дмитрий Марков'}, 'payload': 'KBRD.0'}, 'timestamp': 1788894217763, 'message': {'recipient': {'chat_type': 'dialog', 'chat_id': 230892366, 'user_id': 23645861}, 'timestamp': 1788894208478, 'body': {'mid': 'mid.000000000dc3234e01a0826761de55d0', 'seq': 117236970846836176, 'text': 'Введите код доступа:  * _ _ _', 'attachments': [{'payload': {'buttons': [[{'payload': 'KBRD.7', 'text': '7', 'type': 'callback'}, {'payload': 'KBRD.8', 'text': '8', 'type': 'callback'}, {'payload': 'KBRD.9', 'text': '9', 'type': 'callback'}], [{'payload': 'KBRD.4', 'text': '4', 'type': 'callback'}, {'payload': 'KBRD.5', 'text': '5', 'type': 'callback'}, {'payload': 'KBRD.6', 'text': '6', 'type': 'callback'}], [{'payload': 'KBRD.3', 'text': '3', 'type': 'callback'}, {'payload': 'KBRD.2', 'text': '2', 'type': 'callback'}, {'payload': 'KBRD.1', 'text': '1', 'type': 'callback'}], [{'payload': 'KBRD.0', 'text': '0', 'type': 'callback'}, {'payload': 'KBRD.Cancel', 'text': 'Сброс', 'type': 'callback'}], [{'payload': 'RecoveryAuthorization', 'text': 'Восстановление доступа', 'type': 'callback'}], [{'payload': 'CancelCurrentOperation', 'text': 'Прервать операцию', 'type': 'callback'}]]}, 'type': 'inline_keyboard'}], 'markup': [{'from': 21, 'length': 8, 'type': 'strong'}]}, 'sender': {'user_id': 212594155, 'first_name': 'DASHA_TOKEN_2_BOT', 'is_bot': True, 'username': 'id575104156000_2_bot', 'last_activity_time': 1788894218303, 'name': 'DASHA_TOKEN_2_BOT'}}, 'user_locale': 'ru', 'update_type': 'message_callback'}
clb

2026-09-08 22:03:39
23645861
edt

2026-09-08 22:03:41
{'callback': {'timestamp': 1788894218421, 'callback_id': 'f9LHodD0cOKLe2fbLD4DrQlhms4_VGUG2PEuAgC0Hxm_H6NbCy9x_ROKaM-3nlfnbrlr_YZprpZtU6Mim7TKlPDLDEMgV65STZd5qlJ6dTl4JVWD_QfH', 'user': {'user_id': 23645861, 'first_name': 'Дмитрий', 'is_bot': False, 'last_name': 'Марков', 'last_activity_time': 1788894219000, 'name': 'Дмитрий Марков'}, 'payload': 'KBRD.0'}, 'timestamp': 1788894218421, 'message': {'recipient': {'chat_type': 'dialog', 'chat_id': 230892366, 'user_id': 23645861}, 'timestamp': 1788894208478, 'body': {'mid': 'mid.000000000dc3234e01a0826761de55d0', 'seq': 117236970846836176, 'text': 'Введите код доступа:  * * * _', 'attachments': [{'payload': {'buttons': [[{'payload': 'KBRD.7', 'text': '7', 'type': 'callback'}, {'payload': 'KBRD.8', 'text': '8', 'type': 'callback'}, {'payload': 'KBRD.9', 'text': '9', 'type': 'callback'}], [{'payload': 'KBRD.4', 'text': '4', 'type': 'callback'}, {'payload': 'KBRD.5', 'text': '5', 'type': 'callback'}, {'payload': 'KBRD.6', 'text': '6', 'type': 'callback'}], [{'payload': 'KBRD.3', 'text': '3', 'type': 'callback'}, {'payload': 'KBRD.2', 'text': '2', 'type': 'callback'}, {'payload': 'KBRD.1', 'text': '1', 'type': 'callback'}], [{'payload': 'KBRD.0', 'text': '0', 'type': 'callback'}, {'payload': 'KBRD.Cancel', 'text': 'Сброс', 'type': 'callback'}], [{'payload': 'RecoveryAuthorization', 'text': 'Восстановление доступа', 'type': 'callback'}], [{'payload': 'CancelCurrentOperation', 'text': 'Прервать операцию', 'type': 'callback'}]]}, 'type': 'inline_keyboard'}], 'markup': [{'from': 21, 'length': 8, 'type': 'strong'}]}, 'sender': {'user_id': 212594155, 'first_name': 'DASHA_TOKEN_2_BOT', 'is_bot': True, 'username': 'id575104156000_2_bot', 'last_activity_time': 1788894220482, 'name': 'DASHA_TOKEN_2_BOT'}}, 'user_locale': 'ru', 'update_type': 'message_callback'}
clb

2026-09-08 22:03:41
23645861
edt

2026-09-08 22:03:42
mid.000000000dc3234e01a0826797e80959
snd

2026-09-08 22:03:42
mid.000000000dc3234e01a0826761de55d0
del

2026-09-08 22:03:43
mid.000000000dc3234e01a082675e8b60be
del

2026-09-08 22:03:43
mid.000000000dc3234e01a082679cb8577e
snd

2026-09-08 22:03:44
mid.000000000dc3234e01a0826797e80959
del

2026-09-08 22:04:04
mid.000000000de6437901a08267eca31ccd
snd

2026-09-08 22:04:06
mid.000000000de6437901a0722a025068bd
del

2026-09-08 22:05:24
318
edt

2026-09-08 22:05:30
318
edt

2026-09-08 22:05:32
318
edt

2026-09-08 22:05:33
318
edt

2026-09-08 22:05:46
{'callback': {'timestamp': 1788894345936, 'callback_id': 'f9LHodD0cOLHOrqQaii1_6NjGmP9NVLurXNC5RCbFs8Lhflm7q--6p7u4xouIZHi3L-HBdlVornR2W__h98RLnC1jw_Ll7vkkdoClLOh4rKQMh98Jcan', 'user': {'user_id': 23645861, 'first_name': 'Дмитрий', 'is_bot': False, 'last_name': 'Марков', 'last_activity_time': 1788894345000, 'name': 'Дмитрий Марков'}, 'payload': 'GetNewToken'}, 'timestamp': 1788894345936, 'message': {'recipient': {'chat_type': 'dialog', 'chat_id': 230892366, 'user_id': 23645861}, 'timestamp': 1788894223544, 'body': {'mid': 'mid.000000000dc3234e01a082679cb8577e', 'seq': 117236971834201982, 'text': 'Выберите команду меню Бота или получите Новый токен.', 'attachments': [{'payload': {'buttons': [[{'payload': 'MainMenu', 'text': 'Главное меню', 'type': 'callback'}], [{'payload': 'GetNewToken', 'text': 'Новый токен', 'type': 'callback'}]]}, 'type': 'inline_keyboard'}], 'markup': [{'from': 40, 'length': 11, 'type': 'strong'}]}, 'sender': {'user_id': 212594155, 'first_name': 'DASHA_TOKEN_2_BOT', 'is_bot': True, 'username': 'id575104156000_2_bot', 'last_activity_time': 1788894346485, 'name': 'DASHA_TOKEN_2_BOT'}}, 'user_locale': 'ru', 'update_type': 'message_callback'}
clb

2026-09-08 22:05:47
mid.000000000dc3234e01a0826980d20959
snd

2026-09-08 22:05:47
mid.000000000dc3234e01a082679cb8577e
del

2026-09-08 22:05:48
mid.000000000dc3234e01a08269841c2f17
snd

2026-09-08 22:05:49
mid.000000000dc3234e01a0826987aa4aed
snd

2026-09-08 22:05:51
mid.000000000dc3234e01a0826980d20959
del

2026-09-08 22:06:19
mid.000000000dc3234e01a0826987aa4aed
del

2026-09-08 22:06:19
mid.000000000dc3234e01a08269841c2f17
del

2026-09-08 22:06:20
mid.000000000dc3234e01a0826a0193756c
snd

2026-09-08 22:09:01
mid.000000000dc3234e01a0826c774b0959
snd

2026-09-08 22:09:02
mid.000000000dc3234e01a0826a0193756c
del

2026-09-08 22:09:03
mid.000000000dc3234e01a0826c804e0dcd
snd

2026-09-08 22:09:05
mid.000000000dc3234e01a0826c774b0959
del

2026-09-08 22:32:30
{'callback': {'timestamp': 1788895864754, 'callback_id': 'f9LHodD0cOIpN9xwhaCVUle6YFkO4WYKeoFNXbvBzzQjFXvVAX0oohDCJC7JcbF_-CezVyeJRKLJwvAXapG1VTva_CYb8qQOzz-bBnAMi8GnCQyRh9RT', 'user': {'user_id': 23645861, 'first_name': 'Дмитрий', 'is_bot': False, 'last_name': 'Марков', 'last_activity_time': 1788895946000, 'name': 'Дмитрий Марков'}, 'payload': 'Start'}, 'timestamp': 1788895864754, 'message': {'recipient': {'chat_type': 'dialog', 'chat_id': 233194361, 'user_id': 23645861}, 'timestamp': 1788894244003, 'body': {'mid': 'mid.000000000de6437901a08267eca31ccd', 'seq': 117236973174987981, 'text': 'Бот-генератор токенов доступа v.1.2.', 'attachments': [{'payload': {'buttons': [[{'payload': 'Start', 'text': 'Начать', 'type': 'callback'}]]}, 'type': 'inline_keyboard'}]}, 'sender': {'user_id': 210669020, 'first_name': 'DASHA_TOKEN_BOT', 'is_bot': True, 'username': 'id575104156000_bot', 'last_activity_time': 1788895949905, 'name': 'DASHA_TOKEN_BOT'}}, 'user_locale': 'ru', 'update_type': 'message_callback'}
clb

2026-09-08 22:32:30
{'callback': {'timestamp': 1788895908729, 'callback_id': 'f9LHodD0cOIDYft1PWsY3m5qP0SFJ6k0TGljTQPHGNi8zwepO1b62rdivccN52kHhItuw7o0DbrzR7h6BOCsrDeSdwB9UOh8WJZe-qAjBaUM7bocb6hY', 'user': {'user_id': 23645861, 'first_name': 'Дмитрий', 'is_bot': False, 'last_name': 'Марков', 'last_activity_time': 1788895946000, 'name': 'Дмитрий Марков'}, 'payload': 'Authorization'}, 'timestamp': 1788895908729, 'message': {'recipient': {'chat_type': 'dialog', 'chat_id': 230892366, 'user_id': 23645861}, 'timestamp': 1788894543950, 'body': {'mid': 'mid.000000000dc3234e01a0826c804e0dcd', 'seq': 117236992832310733, 'text': 'Превышено разрешенное время бездействия Бота.', 'attachments': [{'payload': {'buttons': [[{'payload': 'Authorization', 'text': 'Авторизоваться', 'type': 'callback'}]]}, 'type': 'inline_keyboard'}], 'markup': [{'from': 40, 'length': 4, 'type': 'strong'}]}, 'sender': {'user_id': 212594155, 'first_name': 'DASHA_TOKEN_2_BOT', 'is_bot': True, 'username': 'id575104156000_2_bot', 'last_activity_time': 1788895949929, 'name': 'DASHA_TOKEN_2_BOT'}}, 'user_locale': 'ru', 'update_type': 'message_callback'}
clb

2026-09-08 22:32:31
mid.000000000dc3234e01a08281fa580959
snd

2026-09-08 22:32:31
mid.000000000de6437901a08281fa640959
snd

2026-09-08 22:32:31
mid.000000000dc3234e01a0826c804e0dcd
del

2026-09-08 22:32:31
mid.000000000de6437901a08267eca31ccd
del

2026-09-08 22:32:32
mid.000000000dc3234e01a08281fe31068b
snd

2026-09-08 22:32:32
mid.000000000de6437901a08281fe4e6018
snd

2026-09-08 22:32:33
mid.000000000dc3234e01a0828201cc6aca
snd

2026-09-08 22:32:33
mid.000000000de6437901a0828201d97a53
snd

2026-09-08 22:32:33
mid.000000000dc3234e01a08281fa580959
del

2026-09-08 22:32:33
mid.000000000de6437901a08281fa640959
del

2026-09-08 22:32:33
{'callback': {'timestamp': 1788895866239, 'callback_id': 'f9LHodD0cOKBEJGpAfRfgnFqvUvUYTI9AX9D7KuoH67omPGPSMCbbPf4nsn-bIMNy0LAlF6XyIIVu_ybmPpaMHmNPzVvTcgPPkH5oMb75dKkK2SHUzIo', 'user': {'user_id': 23645861, 'first_name': 'Дмитрий', 'is_bot': False, 'last_name': 'Марков', 'last_activity_time': 1788895946000, 'name': 'Дмитрий Марков'}, 'payload': 'Start'}, 'timestamp': 1788895866239, 'message': {'recipient': {'chat_type': 'dialog', 'chat_id': 233194361, 'user_id': 23645861}, 'timestamp': 1788894244003, 'body': {'mid': 'mid.000000000de6437901a08267eca31ccd', 'seq': 117236973174987981, 'text': 'Бот-генератор токенов доступа v.1.2.', 'attachments': [{'payload': {'buttons': [[{'payload': 'Start', 'text': 'Начать', 'type': 'callback'}]]}, 'type': 'inline_keyboard'}]}, 'sender': {'user_id': 210669020, 'first_name': 'DASHA_TOKEN_BOT', 'is_bot': True, 'username': 'id575104156000_bot', 'last_activity_time': 1788895949906, 'name': 'DASHA_TOKEN_BOT'}}, 'user_locale': 'ru', 'update_type': 'message_callback'}
clb

2026-09-08 22:32:34
mid.000000000de6437901a0828205620959
snd

2026-09-08 22:32:34
mid.000000000de6437901a0828201d97a53
del

2026-09-08 22:32:35
mid.000000000de6437901a08281fe4e6018
del

2026-09-08 22:32:35
mid.000000000de6437901a082820a374b08
snd

2026-09-08 22:32:36
mid.000000000de6437901a082820da523b2
snd

2026-09-08 22:32:36
mid.000000000de6437901a0828205620959
del

2026-09-08 22:32:36
{'callback': {'timestamp': 1788895871170, 'callback_id': 'f9LHodD0cOJMi-gr66E4XXDJYKnFp7SBt7EUeIqxPgM_jKAWEnDqkCKlcsdw-GSxuvQymIHgLcxaTIPErU-DPs26YL_Z75eGyXmn83Unf5jzN96QHCjC', 'user': {'user_id': 23645861, 'first_name': 'Дмитрий', 'is_bot': False, 'last_name': 'Марков', 'last_activity_time': 1788895946000, 'name': 'Дмитрий Марков'}, 'payload': 'Start'}, 'timestamp': 1788895871170, 'message': {'recipient': {'chat_type': 'dialog', 'chat_id': 233194361, 'user_id': 23645861}, 'timestamp': 1788894244003, 'body': {'mid': 'mid.000000000de6437901a08267eca31ccd', 'seq': 117236973174987981, 'text': 'Бот-генератор токенов доступа v.1.2.', 'attachments': [{'payload': {'buttons': [[{'payload': 'Start', 'text': 'Начать', 'type': 'callback'}]]}, 'type': 'inline_keyboard'}]}, 'sender': {'user_id': 210669020, 'first_name': 'DASHA_TOKEN_BOT', 'is_bot': True, 'username': 'id575104156000_bot', 'last_activity_time': 1788895949906, 'name': 'DASHA_TOKEN_BOT'}}, 'user_locale': 'ru', 'update_type': 'message_callback'}
clb

2026-09-08 22:32:37
mid.000000000de6437901a0828210a00959
snd

2026-09-08 22:32:37
mid.000000000de6437901a082820da523b2
del

2026-09-08 22:32:37
mid.000000000de6437901a082820a374b08
del

2026-09-08 22:32:38
mid.000000000de6437901a08282152a074d
snd

2026-09-08 22:32:39
mid.000000000de6437901a082821928310b
snd

2026-09-08 22:32:39
mid.000000000de6437901a0828210a00959
del

2026-09-08 22:32:39
{'callback': {'timestamp': 1788895898744, 'callback_id': 'f9LHodD0cOKntItReDJCc-5LBg9junfFKOdBo-VnD_7_Z44uFXcHXG2uMKmLbeBpejo3c2U9hhfZY4GxY0tzff3u5E3HfZ0IBTXibGQ0ryAXYTWqGzom', 'user': {'user_id': 23645861, 'first_name': 'Дмитрий', 'is_bot': False, 'last_name': 'Марков', 'last_activity_time': 1788895946000, 'name': 'Дмитрий Марков'}, 'payload': 'Start'}, 'timestamp': 1788895898744, 'message': {'recipient': {'chat_type': 'dialog', 'chat_id': 233194361, 'user_id': 23645861}, 'timestamp': 1788894244003, 'body': {'mid': 'mid.000000000de6437901a08267eca31ccd', 'seq': 117236973174987981, 'text': 'Бот-генератор токенов доступа v.1.2.', 'attachments': [{'payload': {'buttons': [[{'payload': 'Start', 'text': 'Начать', 'type': 'callback'}]]}, 'type': 'inline_keyboard'}]}, 'sender': {'user_id': 210669020, 'first_name': 'DASHA_TOKEN_BOT', 'is_bot': True, 'username': 'id575104156000_bot', 'last_activity_time': 1788895949907, 'name': 'DASHA_TOKEN_BOT'}}, 'user_locale': 'ru', 'update_type': 'message_callback'}
clb

2026-09-08 22:32:40
mid.000000000de6437901a082821c4d0959
snd

2026-09-08 22:32:40
mid.000000000de6437901a082821928310b
del

2026-09-08 22:32:40
mid.000000000de6437901a08282152a074d
del

2026-09-08 22:32:41
mid.000000000de6437901a0828220ec2d8c
snd

2026-09-08 22:32:42
mid.000000000de6437901a08282240d666a
snd

2026-09-08 22:32:42
mid.000000000de6437901a082821c4d0959
del

2026-09-08 22:32:48
{'callback': {'timestamp': 1788895967778, 'callback_id': 'f9LHodD0cOKhYnKBcP5q949aglxnVVUq29w6qEQYtJJEviihf3ERhuGrqqdA96iqBenc5GXO_GSOrWTy9jGm3wYd5-HW4Pay3os5eEC_nDV_lLnz0ouZ', 'user': {'user_id': 23645861, 'first_name': 'Дмитрий', 'is_bot': False, 'last_name': 'Марков', 'last_activity_time': 1788895967000, 'name': 'Дмитрий Марков'}, 'payload': 'KBRD.0'}, 'timestamp': 1788895967778, 'message': {'recipient': {'chat_type': 'dialog', 'chat_id': 230892366, 'user_id': 23645861}, 'timestamp': 1788895953356, 'body': {'mid': 'mid.000000000dc3234e01a0828201cc6aca', 'seq': 117237085199166154, 'text': 'Введите код доступа:  _ _ _ _', 'attachments': [{'payload': {'buttons': [[{'payload': 'KBRD.7', 'text': '7', 'type': 'callback'}, {'payload': 'KBRD.8', 'text': '8', 'type': 'callback'}, {'payload': 'KBRD.9', 'text': '9', 'type': 'callback'}], [{'payload': 'KBRD.4', 'text': '4', 'type': 'callback'}, {'payload': 'KBRD.5', 'text': '5', 'type': 'callback'}, {'payload': 'KBRD.6', 'text': '6', 'type': 'callback'}], [{'payload': 'KBRD.3', 'text': '3', 'type': 'callback'}, {'payload': 'KBRD.2', 'text': '2', 'type': 'callback'}, {'payload': 'KBRD.1', 'text': '1', 'type': 'callback'}], [{'payload': 'KBRD.0', 'text': '0', 'type': 'callback'}, {'payload': 'KBRD.Cancel', 'text': 'Сброс', 'type': 'callback'}], [{'payload': 'RecoveryAuthorization', 'text': 'Восстановление доступа', 'type': 'callback'}], [{'payload': 'CancelCurrentOperation', 'text': 'Прервать операцию', 'type': 'callback'}]]}, 'type': 'inline_keyboard'}], 'markup': [{'from': 21, 'length': 8, 'type': 'strong'}]}, 'sender': {'user_id': 212594155, 'first_name': 'DASHA_TOKEN_2_BOT', 'is_bot': True, 'username': 'id575104156000_2_bot', 'last_activity_time': 1788895968358, 'name': 'DASHA_TOKEN_2_BOT'}}, 'user_locale': 'ru', 'update_type': 'message_callback'}
clb

2026-09-08 22:32:49
23645861
edt

2026-09-08 22:32:50
{'callback': {'timestamp': 1788895968207, 'callback_id': 'f9LHodD0cOKS4vjKnRzkkmPN5aFxoG2TTXSmbPSA557QCxg3eiledbzV532YxbJsqWd-z3WcJb_CArqqFxu0bBb--uKMEpOJ6wuy2PzpcoBjA0r0LCZ3', 'user': {'user_id': 23645861, 'first_name': 'Дмитрий', 'is_bot': False, 'last_name': 'Марков', 'last_activity_time': 1788895969000, 'name': 'Дмитрий Марков'}, 'payload': 'KBRD.0'}, 'timestamp': 1788895968207, 'message': {'recipient': {'chat_type': 'dialog', 'chat_id': 230892366, 'user_id': 23645861}, 'timestamp': 1788895953356, 'body': {'mid': 'mid.000000000dc3234e01a0828201cc6aca', 'seq': 117237085199166154, 'text': 'Введите код доступа:  * _ _ _', 'attachments': [{'payload': {'buttons': [[{'payload': 'KBRD.7', 'text': '7', 'type': 'callback'}, {'payload': 'KBRD.8', 'text': '8', 'type': 'callback'}, {'payload': 'KBRD.9', 'text': '9', 'type': 'callback'}], [{'payload': 'KBRD.4', 'text': '4', 'type': 'callback'}, {'payload': 'KBRD.5', 'text': '5', 'type': 'callback'}, {'payload': 'KBRD.6', 'text': '6', 'type': 'callback'}], [{'payload': 'KBRD.3', 'text': '3', 'type': 'callback'}, {'payload': 'KBRD.2', 'text': '2', 'type': 'callback'}, {'payload': 'KBRD.1', 'text': '1', 'type': 'callback'}], [{'payload': 'KBRD.0', 'text': '0', 'type': 'callback'}, {'payload': 'KBRD.Cancel', 'text': 'Сброс', 'type': 'callback'}], [{'payload': 'RecoveryAuthorization', 'text': 'Восстановление доступа', 'type': 'callback'}], [{'payload': 'CancelCurrentOperation', 'text': 'Прервать операцию', 'type': 'callback'}]]}, 'type': 'inline_keyboard'}], 'markup': [{'from': 21, 'length': 8, 'type': 'strong'}]}, 'sender': {'user_id': 212594155, 'first_name': 'DASHA_TOKEN_2_BOT', 'is_bot': True, 'username': 'id575104156000_2_bot', 'last_activity_time': 1788895969599, 'name': 'DASHA_TOKEN_2_BOT'}}, 'user_locale': 'ru', 'update_type': 'message_callback'}
clb

2026-09-08 22:32:50
23645861
edt

2026-09-08 22:32:50
{'callback': {'timestamp': 1788895968642, 'callback_id': 'f9LHodD0cOKp6e-rq38otQlnUKhSbiNyC03mNHMuE9MgVZaNQ_IzpK_5t6cyBeVApyN7kmKVgGkB0Vuyp8atFV8gEveCdLKzN9oYXCs1t149GxF2CJZY', 'user': {'user_id': 23645861, 'first_name': 'Дмитрий', 'is_bot': False, 'last_name': 'Марков', 'last_activity_time': 1788895969000, 'name': 'Дмитрий Марков'}, 'payload': 'KBRD.0'}, 'timestamp': 1788895968642, 'message': {'recipient': {'chat_type': 'dialog', 'chat_id': 230892366, 'user_id': 23645861}, 'timestamp': 1788895953356, 'body': {'mid': 'mid.000000000dc3234e01a0828201cc6aca', 'seq': 117237085199166154, 'text': 'Введите код доступа:  * _ _ _', 'attachments': [{'payload': {'buttons': [[{'payload': 'KBRD.7', 'text': '7', 'type': 'callback'}, {'payload': 'KBRD.8', 'text': '8', 'type': 'callback'}, {'payload': 'KBRD.9', 'text': '9', 'type': 'callback'}], [{'payload': 'KBRD.4', 'text': '4', 'type': 'callback'}, {'payload': 'KBRD.5', 'text': '5', 'type': 'callback'}, {'payload': 'KBRD.6', 'text': '6', 'type': 'callback'}], [{'payload': 'KBRD.3', 'text': '3', 'type': 'callback'}, {'payload': 'KBRD.2', 'text': '2', 'type': 'callback'}, {'payload': 'KBRD.1', 'text': '1', 'type': 'callback'}], [{'payload': 'KBRD.0', 'text': '0', 'type': 'callback'}, {'payload': 'KBRD.Cancel', 'text': 'Сброс', 'type': 'callback'}], [{'payload': 'RecoveryAuthorization', 'text': 'Восстановление доступа', 'type': 'callback'}], [{'payload': 'CancelCurrentOperation', 'text': 'Прервать операцию', 'type': 'callback'}]]}, 'type': 'inline_keyboard'}], 'markup': [{'from': 21, 'length': 8, 'type': 'strong'}]}, 'sender': {'user_id': 212594155, 'first_name': 'DASHA_TOKEN_2_BOT', 'is_bot': True, 'username': 'id575104156000_2_bot', 'last_activity_time': 1788895969601, 'name': 'DASHA_TOKEN_2_BOT'}}, 'user_locale': 'ru', 'update_type': 'message_callback'}
clb

2026-09-08 22:32:51
23645861
edt

2026-09-08 22:32:52
{'callback': {'timestamp': 1788895970792, 'callback_id': 'f9LHodD0cOKsvyReSQUj2Ih_0VcRgivqySb8zvaqJrf04ca2awg6tSdUma_riv-k4IS1XXGXrk4h-MDTtvszrY3ZzyH6VIwhMTrJsG2pGv3sBBRsokfS', 'user': {'user_id': 23645861, 'first_name': 'Дмитрий', 'is_bot': False, 'last_name': 'Марков', 'last_activity_time': 1788895971000, 'name': 'Дмитрий Марков'}, 'payload': 'KBRD.0'}, 'timestamp': 1788895970792, 'message': {'recipient': {'chat_type': 'dialog', 'chat_id': 230892366, 'user_id': 23645861}, 'timestamp': 1788895953356, 'body': {'mid': 'mid.000000000dc3234e01a0828201cc6aca', 'seq': 117237085199166154, 'text': 'Введите код доступа:  * * * _', 'attachments': [{'payload': {'buttons': [[{'payload': 'KBRD.7', 'text': '7', 'type': 'callback'}, {'payload': 'KBRD.8', 'text': '8', 'type': 'callback'}, {'payload': 'KBRD.9', 'text': '9', 'type': 'callback'}], [{'payload': 'KBRD.4', 'text': '4', 'type': 'callback'}, {'payload': 'KBRD.5', 'text': '5', 'type': 'callback'}, {'payload': 'KBRD.6', 'text': '6', 'type': 'callback'}], [{'payload': 'KBRD.3', 'text': '3', 'type': 'callback'}, {'payload': 'KBRD.2', 'text': '2', 'type': 'callback'}, {'payload': 'KBRD.1', 'text': '1', 'type': 'callback'}], [{'payload': 'KBRD.0', 'text': '0', 'type': 'callback'}, {'payload': 'KBRD.Cancel', 'text': 'Сброс', 'type': 'callback'}], [{'payload': 'RecoveryAuthorization', 'text': 'Восстановление доступа', 'type': 'callback'}], [{'payload': 'CancelCurrentOperation', 'text': 'Прервать операцию', 'type': 'callback'}]]}, 'type': 'inline_keyboard'}], 'markup': [{'from': 21, 'length': 8, 'type': 'strong'}]}, 'sender': {'user_id': 212594155, 'first_name': 'DASHA_TOKEN_2_BOT', 'is_bot': True, 'username': 'id575104156000_2_bot', 'last_activity_time': 1788895971816, 'name': 'DASHA_TOKEN_2_BOT'}}, 'user_locale': 'ru', 'update_type': 'message_callback'}
clb

2026-09-08 22:32:53
23645861
edt

2026-09-08 22:32:53
mid.000000000dc3234e01a0828251230959
snd

2026-09-08 22:32:53
mid.000000000dc3234e01a0828201cc6aca
del

2026-09-08 22:32:54
mid.000000000dc3234e01a08281fe31068b
del

2026-09-08 22:32:54
mid.000000000dc3234e01a08282558f7d7e
snd

2026-09-08 22:32:55
mid.000000000dc3234e01a0828251230959
del

2026-09-08 22:32:56
{'callback': {'timestamp': 1788895972554, 'callback_id': 'f9LHodD0cOLr_Jj_vHkXC0nzdg4MfRT4J2V-6Drz8CoIPuLVgh1jr6GDmRRyZEiTGI3KwTqsxyiLrjKHuJSnvWkVYBaEAh8QIkcvttnlifmzme46qO62', 'user': {'user_id': 23645861, 'first_name': 'Дмитрий', 'is_bot': False, 'last_name': 'Марков', 'last_activity_time': 1788895972000, 'name': 'Дмитрий Марков'}, 'payload': 'KBRD.0'}, 'timestamp': 1788895972554, 'message': {'recipient': {'chat_type': 'dialog', 'chat_id': 230892366, 'user_id': 23645861}, 'timestamp': 1788895953356, 'body': {'mid': 'mid.000000000dc3234e01a0828201cc6aca', 'seq': 117237085199166154, 'text': 'Введите код доступа:  * * * *', 'attachments': [{'payload': {'buttons': [[{'payload': 'KBRD.7', 'text': '7', 'type': 'callback'}, {'payload': 'KBRD.8', 'text': '8', 'type': 'callback'}, {'payload': 'KBRD.9', 'text': '9', 'type': 'callback'}], [{'payload': 'KBRD.4', 'text': '4', 'type': 'callback'}, {'payload': 'KBRD.5', 'text': '5', 'type': 'callback'}, {'payload': 'KBRD.6', 'text': '6', 'type': 'callback'}], [{'payload': 'KBRD.3', 'text': '3', 'type': 'callback'}, {'payload': 'KBRD.2', 'text': '2', 'type': 'callback'}, {'payload': 'KBRD.1', 'text': '1', 'type': 'callback'}], [{'payload': 'KBRD.0', 'text': '0', 'type': 'callback'}, {'payload': 'KBRD.Cancel', 'text': 'Сброс', 'type': 'callback'}], [{'payload': 'RecoveryAuthorization', 'text': 'Восстановление доступа', 'type': 'callback'}], [{'payload': 'CancelCurrentOperation', 'text': 'Прервать операцию', 'type': 'callback'}]]}, 'type': 'inline_keyboard'}], 'markup': [{'from': 21, 'length': 8, 'type': 'strong'}]}, 'sender': {'user_id': 212594155, 'first_name': 'DASHA_TOKEN_2_BOT', 'is_bot': True, 'username': 'id575104156000_2_bot', 'last_activity_time': 1788895975772, 'name': 'DASHA_TOKEN_2_BOT'}}, 'user_locale': 'ru', 'update_type': 'message_callback'}
clb

2026-09-08 22:32:57
23645861
edt

2026-09-08 22:32:58
{'callback': {'timestamp': 1788895977127, 'callback_id': 'f9LHodD0cOIUQWrJleHKbs3kkbSQ-bnAq83Si5FqcIdhtCGBygeRNA4Mk9zBO7g_w2P2ZLIwG4MRkHWmHiWxb6FhzOTNfaKEKSylfrP8rAwMXFSvEBat', 'user': {'user_id': 23645861, 'first_name': 'Дмитрий', 'is_bot': False, 'last_name': 'Марков', 'last_activity_time': 1788895977000, 'name': 'Дмитрий Марков'}, 'payload': 'GetNewToken'}, 'timestamp': 1788895977127, 'message': {'recipient': {'chat_type': 'dialog', 'chat_id': 230892366, 'user_id': 23645861}, 'timestamp': 1788895974799, 'body': {'mid': 'mid.000000000dc3234e01a08282558f7d7e', 'seq': 117237086604459390, 'text': 'Выберите команду меню Бота или получите Новый токен.', 'attachments': [{'payload': {'buttons': [[{'payload': 'MainMenu', 'text': 'Главное меню', 'type': 'callback'}], [{'payload': 'GetNewToken', 'text': 'Новый токен', 'type': 'callback'}]]}, 'type': 'inline_keyboard'}], 'markup': [{'from': 40, 'length': 11, 'type': 'strong'}]}, 'sender': {'user_id': 212594155, 'first_name': 'DASHA_TOKEN_2_BOT', 'is_bot': True, 'username': 'id575104156000_2_bot', 'last_activity_time': 1788895977657, 'name': 'DASHA_TOKEN_2_BOT'}}, 'user_locale': 'ru', 'update_type': 'message_callback'}
clb

2026-09-08 22:32:59
mid.000000000dc3234e01a0828266c30959
snd

2026-09-08 22:32:59
mid.000000000dc3234e01a08282558f7d7e
del

2026-09-08 22:32:59
mid.000000000dc3234e01a0828269c72f17
snd

2026-09-08 22:33:00
mid.000000000dc3234e01a082826cc01fdb
snd

2026-09-08 22:33:01
mid.000000000dc3234e01a0828266c30959
del

2026-09-08 22:33:30
mid.000000000dc3234e01a082826cc01fdb
del

2026-09-08 22:33:31
mid.000000000dc3234e01a0828269c72f17
del

2026-09-08 22:33:31
mid.000000000dc3234e01a08282e6871a7f
snd

2026-09-08 22:34:10
{'callback': {'timestamp': 1788896049871, 'callback_id': 'f9LHodD0cOIGSk54IHN8-DP5x1ZScZ8kxaPlp4jlAcqLykOKmxEnnOQ3w9rLq2zjqGuZg7-lX43dJCUp9gQqYXRrZN-Wo4d-VukTrRNtwf1c3OZDasEL', 'user': {'user_id': 23645861, 'first_name': 'Дмитрий', 'is_bot': False, 'last_name': 'Марков', 'last_activity_time': 1788896045000, 'name': 'Дмитрий Марков'}, 'payload': 'KBRD.0'}, 'timestamp': 1788896049871, 'message': {'recipient': {'chat_type': 'dialog', 'chat_id': 233194361, 'user_id': 23645861}, 'timestamp': 1788895962125, 'body': {'mid': 'mid.000000000de6437901a08282240d666a', 'seq': 117237085773850218, 'text': 'Введите код доступа:  _ _ _ _', 'attachments': [{'payload': {'buttons': [[{'payload': 'KBRD.7', 'text': '7', 'type': 'callback'}, {'payload': 'KBRD.8', 'text': '8', 'type': 'callback'}, {'payload': 'KBRD.9', 'text': '9', 'type': 'callback'}], [{'payload': 'KBRD.4', 'text': '4', 'type': 'callback'}, {'payload': 'KBRD.5', 'text': '5', 'type': 'callback'}, {'payload': 'KBRD.6', 'text': '6', 'type': 'callback'}], [{'payload': 'KBRD.3', 'text': '3', 'type': 'callback'}, {'payload': 'KBRD.2', 'text': '2', 'type': 'callback'}, {'payload': 'KBRD.1', 'text': '1', 'type': 'callback'}], [{'payload': 'KBRD.0', 'text': '0', 'type': 'callback'}, {'payload': 'KBRD.Cancel', 'text': 'Сброс', 'type': 'callback'}], [{'payload': 'RecoveryAuthorization', 'text': 'Восстановление доступа', 'type': 'callback'}], [{'payload': 'CancelCurrentOperation', 'text': 'Прервать операцию', 'type': 'callback'}]]}, 'type': 'inline_keyboard'}], 'markup': [{'from': 21, 'length': 8, 'type': 'strong'}]}, 'sender': {'user_id': 210669020, 'first_name': 'DASHA_TOKEN_BOT', 'is_bot': True, 'username': 'id575104156000_bot', 'last_activity_time': 1788896050435, 'name': 'DASHA_TOKEN_BOT'}}, 'user_locale': 'ru', 'update_type': 'message_callback'}
clb

2026-09-08 22:34:11
23645861
edt

2026-09-08 22:34:13
{'callback': {'timestamp': 1788896050540, 'callback_id': 'f9LHodD0cOJ2QLrZSzce9QxAL96vmKl4PoT9RN-WDWVTO-qLB7J-Z_lHxsvDxbKVFfvt77WaTnajI87B9nxXx991jF_sNdh69Ya-xStMyYMU2MNqJOpQ', 'user': {'user_id': 23645861, 'first_name': 'Дмитрий', 'is_bot': False, 'last_name': 'Марков', 'last_activity_time': 1788896045000, 'name': 'Дмитрий Марков'}, 'payload': 'KBRD.0'}, 'timestamp': 1788896050540, 'message': {'recipient': {'chat_type': 'dialog', 'chat_id': 233194361, 'user_id': 23645861}, 'timestamp': 1788895962125, 'body': {'mid': 'mid.000000000de6437901a08282240d666a', 'seq': 117237085773850218, 'text': 'Введите код доступа:  * _ _ _', 'attachments': [{'payload': {'buttons': [[{'payload': 'KBRD.7', 'text': '7', 'type': 'callback'}, {'payload': 'KBRD.8', 'text': '8', 'type': 'callback'}, {'payload': 'KBRD.9', 'text': '9', 'type': 'callback'}], [{'payload': 'KBRD.4', 'text': '4', 'type': 'callback'}, {'payload': 'KBRD.5', 'text': '5', 'type': 'callback'}, {'payload': 'KBRD.6', 'text': '6', 'type': 'callback'}], [{'payload': 'KBRD.3', 'text': '3', 'type': 'callback'}, {'payload': 'KBRD.2', 'text': '2', 'type': 'callback'}, {'payload': 'KBRD.1', 'text': '1', 'type': 'callback'}], [{'payload': 'KBRD.0', 'text': '0', 'type': 'callback'}, {'payload': 'KBRD.Cancel', 'text': 'Сброс', 'type': 'callback'}], [{'payload': 'RecoveryAuthorization', 'text': 'Восстановление доступа', 'type': 'callback'}], [{'payload': 'CancelCurrentOperation', 'text': 'Прервать операцию', 'type': 'callback'}]]}, 'type': 'inline_keyboard'}], 'markup': [{'from': 21, 'length': 8, 'type': 'strong'}]}, 'sender': {'user_id': 210669020, 'first_name': 'DASHA_TOKEN_BOT', 'is_bot': True, 'username': 'id575104156000_bot', 'last_activity_time': 1788896051930, 'name': 'DASHA_TOKEN_BOT'}}, 'user_locale': 'ru', 'update_type': 'message_callback'}
clb

2026-09-08 22:34:13
23645861
edt

2026-09-08 22:34:13
{'callback': {'timestamp': 1788896051040, 'callback_id': 'f9LHodD0cOJXA5YAlh3LMIJmTRpDH3hxvepdXjL0nb9y6v3raNXpT5h7RCDCtKJPnQOyM-3FLG8nBv0vIRs9eO-g4HAJDvGSBwqEKRxyHZEtufHET5Ma', 'user': {'user_id': 23645861, 'first_name': 'Дмитрий', 'is_bot': False, 'last_name': 'Марков', 'last_activity_time': 1788896045000, 'name': 'Дмитрий Марков'}, 'payload': 'KBRD.0'}, 'timestamp': 1788896051040, 'message': {'recipient': {'chat_type': 'dialog', 'chat_id': 233194361, 'user_id': 23645861}, 'timestamp': 1788895962125, 'body': {'mid': 'mid.000000000de6437901a08282240d666a', 'seq': 117237085773850218, 'text': 'Введите код доступа:  * _ _ _', 'attachments': [{'payload': {'buttons': [[{'payload': 'KBRD.7', 'text': '7', 'type': 'callback'}, {'payload': 'KBRD.8', 'text': '8', 'type': 'callback'}, {'payload': 'KBRD.9', 'text': '9', 'type': 'callback'}], [{'payload': 'KBRD.4', 'text': '4', 'type': 'callback'}, {'payload': 'KBRD.5', 'text': '5', 'type': 'callback'}, {'payload': 'KBRD.6', 'text': '6', 'type': 'callback'}], [{'payload': 'KBRD.3', 'text': '3', 'type': 'callback'}, {'payload': 'KBRD.2', 'text': '2', 'type': 'callback'}, {'payload': 'KBRD.1', 'text': '1', 'type': 'callback'}], [{'payload': 'KBRD.0', 'text': '0', 'type': 'callback'}, {'payload': 'KBRD.Cancel', 'text': 'Сброс', 'type': 'callback'}], [{'payload': 'RecoveryAuthorization', 'text': 'Восстановление доступа', 'type': 'callback'}], [{'payload': 'CancelCurrentOperation', 'text': 'Прервать операцию', 'type': 'callback'}]]}, 'type': 'inline_keyboard'}], 'markup': [{'from': 21, 'length': 8, 'type': 'strong'}]}, 'sender': {'user_id': 210669020, 'first_name': 'DASHA_TOKEN_BOT', 'is_bot': True, 'username': 'id575104156000_bot', 'last_activity_time': 1788896051931, 'name': 'DASHA_TOKEN_BOT'}}, 'user_locale': 'ru', 'update_type': 'message_callback'}
clb

2026-09-08 22:34:13
23645861
edt

2026-09-08 22:34:13
{'callback': {'timestamp': 1788896051611, 'callback_id': 'f9LHodD0cOLeX-k1-Hf_ZISQKMXhSKPVak0n5UlzEyPUVrdjl_yIUdd6T7kfEXhA6r3ev_4aRGjmSckomIUVq5YMi7DlTiIpq1m_-hybhrMBbxkdeD_l', 'user': {'user_id': 23645861, 'first_name': 'Дмитрий', 'is_bot': False, 'last_name': 'Марков', 'last_activity_time': 1788896045000, 'name': 'Дмитрий Марков'}, 'payload': 'KBRD.0'}, 'timestamp': 1788896051611, 'message': {'recipient': {'chat_type': 'dialog', 'chat_id': 233194361, 'user_id': 23645861}, 'timestamp': 1788895962125, 'body': {'mid': 'mid.000000000de6437901a08282240d666a', 'seq': 117237085773850218, 'text': 'Введите код доступа:  * _ _ _', 'attachments': [{'payload': {'buttons': [[{'payload': 'KBRD.7', 'text': '7', 'type': 'callback'}, {'payload': 'KBRD.8', 'text': '8', 'type': 'callback'}, {'payload': 'KBRD.9', 'text': '9', 'type': 'callback'}], [{'payload': 'KBRD.4', 'text': '4', 'type': 'callback'}, {'payload': 'KBRD.5', 'text': '5', 'type': 'callback'}, {'payload': 'KBRD.6', 'text': '6', 'type': 'callback'}], [{'payload': 'KBRD.3', 'text': '3', 'type': 'callback'}, {'payload': 'KBRD.2', 'text': '2', 'type': 'callback'}, {'payload': 'KBRD.1', 'text': '1', 'type': 'callback'}], [{'payload': 'KBRD.0', 'text': '0', 'type': 'callback'}, {'payload': 'KBRD.Cancel', 'text': 'Сброс', 'type': 'callback'}], [{'payload': 'RecoveryAuthorization', 'text': 'Восстановление доступа', 'type': 'callback'}], [{'payload': 'CancelCurrentOperation', 'text': 'Прервать операцию', 'type': 'callback'}]]}, 'type': 'inline_keyboard'}], 'markup': [{'from': 21, 'length': 8, 'type': 'strong'}]}, 'sender': {'user_id': 210669020, 'first_name': 'DASHA_TOKEN_BOT', 'is_bot': True, 'username': 'id575104156000_bot', 'last_activity_time': 1788896052189, 'name': 'DASHA_TOKEN_BOT'}}, 'user_locale': 'ru', 'update_type': 'message_callback'}
clb

2026-09-08 22:34:14
23645861
edt

2026-09-08 22:34:14
mid.000000000de6437901a082838df10959
snd

2026-09-08 22:34:15
mid.000000000de6437901a08282240d666a
del

2026-09-08 22:34:15
mid.000000000de6437901a0828220ec2d8c
del

2026-09-08 22:34:15
mid.000000000de6437901a08283928913de
snd

2026-09-08 22:34:16
mid.000000000de6437901a082838df10959
del

2026-09-08 22:34:18
{'callback': {'timestamp': 1788896057422, 'callback_id': 'f9LHodD0cOKASnFGD2Ldr8chGqDgMic5n2DoL1UpNIsTDM2f9l8LcNRu9cbyP9obdjxrDxnuvzHJGIcqMTVCAyljzxEZxxXih5HMauG8yUXqWm6twE-4', 'user': {'user_id': 23645861, 'first_name': 'Дмитрий', 'is_bot': False, 'last_name': 'Марков', 'last_activity_time': 1788896057000, 'name': 'Дмитрий Марков'}, 'payload': 'GetNewToken'}, 'timestamp': 1788896057422, 'message': {'recipient': {'chat_type': 'dialog', 'chat_id': 233194361, 'user_id': 23645861}, 'timestamp': 1788896055945, 'body': {'mid': 'mid.000000000de6437901a08283928913de', 'seq': 117237091922416606, 'text': 'Выберите команду меню Бота или получите Новый токен.', 'attachments': [{'payload': {'buttons': [[{'payload': 'MainMenu', 'text': 'Главное меню', 'type': 'callback'}], [{'payload': 'GetNewToken', 'text': 'Новый токен', 'type': 'callback'}]]}, 'type': 'inline_keyboard'}], 'markup': [{'from': 40, 'length': 11, 'type': 'strong'}]}, 'sender': {'user_id': 210669020, 'first_name': 'DASHA_TOKEN_BOT', 'is_bot': True, 'username': 'id575104156000_bot', 'last_activity_time': 1788896057953, 'name': 'DASHA_TOKEN_BOT'}}, 'user_locale': 'ru', 'update_type': 'message_callback'}
clb

2026-09-08 22:34:18
mid.000000000de6437901a082839df50959
snd

2026-09-08 22:34:19
mid.000000000de6437901a08283928913de
del

2026-09-08 22:34:19
mid.000000000de6437901a08283a1cd2f17
snd

2026-09-08 22:34:20
mid.000000000de6437901a08283a4c903c5
snd

2026-09-08 22:34:20
mid.000000000de6437901a082839df50959
del

2026-09-08 22:34:48
{'callback': {'timestamp': 1788896087879, 'callback_id': 'f9LHodD0cOInnH2NXYrdAtLmKYIq2ZqXE5soOxl9iOSTWoOrmylGKQcVQRKFECrnqv1Q8zova5y8sy_wFB9AMkfSH4Rep9Sv56yfWeT19F3TsqWZFobl', 'user': {'user_id': 23645861, 'first_name': 'Дмитрий', 'is_bot': False, 'last_name': 'Марков', 'last_activity_time': 1788896074000, 'name': 'Дмитрий Марков'}, 'payload': 'GetNewToken'}, 'timestamp': 1788896087879, 'message': {'recipient': {'chat_type': 'dialog', 'chat_id': 233194361, 'user_id': 23645861}, 'timestamp': 1788896060617, 'body': {'mid': 'mid.000000000de6437901a08283a4c903c5', 'seq': 117237092228596677, 'text': '923869', 'attachments': [{'payload': {'buttons': [[{'payload': 'MainMenu', 'text': 'Главное меню', 'type': 'callback'}], [{'payload': 'GetNewToken', 'text': 'Новый токен', 'type': 'callback'}]]}, 'type': 'inline_keyboard'}], 'markup': [{'from': 0, 'length': 6, 'type': 'strong'}]}, 'sender': {'user_id': 210669020, 'first_name': 'DASHA_TOKEN_BOT', 'is_bot': True, 'username': 'id575104156000_bot', 'last_activity_time': 1788896088417, 'name': 'DASHA_TOKEN_BOT'}}, 'user_locale': 'ru', 'update_type': 'message_callback'}
clb

2026-09-08 22:34:49
mid.000000000de6437901a08284150f0959
snd

2026-09-08 22:34:49
mid.000000000de6437901a08283a4c903c5
del

2026-09-08 22:34:50
mid.000000000de6437901a08283a1cd2f17
del

2026-09-08 22:34:50
mid.000000000de6437901a08284197b148f
snd

2026-09-08 22:34:50
mid.000000000de6437901a08284197b148f
del

2026-09-08 22:34:51
mid.000000000de6437901a082841c972f17
snd

2026-09-08 22:34:52
mid.000000000de6437901a082841f980add
snd

2026-09-08 22:34:52
mid.000000000de6437901a08284150f0959
del

2026-09-08 22:34:58
{'callback': {'timestamp': 1788896097553, 'callback_id': 'f9LHodD0cOJh8fAdZa1SQHp_stELcQFnV0lGSMMwP9bpjFVXueKmM3-1Dc8FYp8PAOkfAponnHq7wmelomWDdCLssB23e3cPFDEQ4TrcPor_p6FhY3I_', 'user': {'user_id': 23645861, 'first_name': 'Дмитрий', 'is_bot': False, 'last_name': 'Марков', 'last_activity_time': 1788896094000, 'name': 'Дмитрий Марков'}, 'payload': 'GetNewToken'}, 'timestamp': 1788896097553, 'message': {'recipient': {'chat_type': 'dialog', 'chat_id': 230892366, 'user_id': 23645861}, 'timestamp': 1788896011911, 'body': {'mid': 'mid.000000000dc3234e01a08282e6871a7f', 'seq': 117237089036606079, 'text': 'Текст для Token.IsDeactive не найден423243', 'attachments': [{'payload': {'buttons': [[{'payload': 'MainMenu', 'text': 'Главное меню', 'type': 'callback'}], [{'payload': 'GetNewToken', 'text': 'Новый токен', 'type': 'callback'}]]}, 'type': 'inline_keyboard'}], 'markup': [{'from': 10, 'length': 16, 'type': 'strong'}]}, 'sender': {'user_id': 212594155, 'first_name': 'DASHA_TOKEN_2_BOT', 'is_bot': True, 'username': 'id575104156000_2_bot', 'last_activity_time': 1788896098132, 'name': 'DASHA_TOKEN_2_BOT'}}, 'user_locale': 'ru', 'update_type': 'message_callback'}
clb

2026-09-08 22:34:59
mid.000000000dc3234e01a082843b030959
snd

2026-09-08 22:34:59
mid.000000000dc3234e01a08282e6871a7f
del

2026-09-08 22:34:59
mid.000000000dc3234e01a082843dfe2f17
snd

2026-09-08 22:35:00
mid.000000000dc3234e01a08284410c52e3
snd

2026-09-08 22:35:00
mid.000000000de6437901a082841f980add
del

2026-09-08 22:35:01
mid.000000000de6437901a082841c972f17
del

2026-09-08 22:35:01
mid.000000000de6437901a0828445b75717
snd

2026-09-08 22:35:02
mid.000000000dc3234e01a082843b030959
del

2026-09-08 22:35:29
{'callback': {'timestamp': 1788896128793, 'callback_id': 'f9LHodD0cOJb44rX48FktEei4btritQDtZ7IXC2mLFNhy7i7_bHwQ8Dnb35vATzve0iRKFfclc3yUeD2iQ3SJi_V37e9XV_Sv0dt0BbjEkM7Dh_LO0cL', 'user': {'user_id': 23645861, 'first_name': 'Дмитрий', 'is_bot': False, 'last_name': 'Марков', 'last_activity_time': 1788896125000, 'name': 'Дмитрий Марков'}, 'payload': 'GetNewToken'}, 'timestamp': 1788896128793, 'message': {'recipient': {'chat_type': 'dialog', 'chat_id': 230892366, 'user_id': 23645861}, 'timestamp': 1788896100620, 'body': {'mid': 'mid.000000000dc3234e01a08284410c52e3', 'seq': 117237094850253539, 'text': '452371', 'attachments': [{'payload': {'buttons': [[{'payload': 'MainMenu', 'text': 'Главное меню', 'type': 'callback'}], [{'payload': 'GetNewToken', 'text': 'Новый токен', 'type': 'callback'}]]}, 'type': 'inline_keyboard'}], 'markup': [{'from': 0, 'length': 6, 'type': 'strong'}]}, 'sender': {'user_id': 212594155, 'first_name': 'DASHA_TOKEN_2_BOT', 'is_bot': True, 'username': 'id575104156000_2_bot', 'last_activity_time': 1788896129344, 'name': 'DASHA_TOKEN_2_BOT'}}, 'user_locale': 'ru', 'update_type': 'message_callback'}
clb

2026-09-08 22:35:30
mid.000000000dc3234e01a08284b4df0959
snd

2026-09-08 22:35:30
mid.000000000dc3234e01a08284410c52e3
del

2026-09-08 22:35:30
mid.000000000dc3234e01a082843dfe2f17
del

2026-09-08 22:35:31
mid.000000000dc3234e01a08284b9215c18
snd

2026-09-08 22:35:31
mid.000000000dc3234e01a08284b9215c18
del

2026-09-08 22:35:32
mid.000000000dc3234e01a08284bc0d2f17
snd

2026-09-08 22:35:32
mid.000000000dc3234e01a08284bf074ae2
snd

2026-09-08 22:35:33
mid.000000000dc3234e01a08284b4df0959
del

2026-09-08 22:35:47
{'callback': {'timestamp': 1788896146512, 'callback_id': 'f9LHodD0cOInnMDowkovRz9RUl-UgIW17S8aaVEwReW3BOGIKU7DhDazxsyPF56EXB74ThSxJGz82MuWLdcyya24pSo6g6C9BdeS1vgoawhWWnkCSevU', 'user': {'user_id': 23645861, 'first_name': 'Дмитрий', 'is_bot': False, 'last_name': 'Марков', 'last_activity_time': 1788896143000, 'name': 'Дмитрий Марков'}, 'payload': 'GetNewToken'}, 'timestamp': 1788896146512, 'message': {'recipient': {'chat_type': 'dialog', 'chat_id': 233194361, 'user_id': 23645861}, 'timestamp': 1788896101815, 'body': {'mid': 'mid.000000000de6437901a0828445b75717', 'seq': 117237094928570135, 'text': 'Текст для Token.IsDeactive не найден457373', 'attachments': [{'payload': {'buttons': [[{'payload': 'MainMenu', 'text': 'Главное меню', 'type': 'callback'}], [{'payload': 'GetNewToken', 'text': 'Новый токен', 'type': 'callback'}]]}, 'type': 'inline_keyboard'}], 'markup': [{'from': 10, 'length': 16, 'type': 'strong'}]}, 'sender': {'user_id': 210669020, 'first_name': 'DASHA_TOKEN_BOT', 'is_bot': True, 'username': 'id575104156000_bot', 'last_activity_time': 1788896147044, 'name': 'DASHA_TOKEN_BOT'}}, 'user_locale': 'ru', 'update_type': 'message_callback'}
clb

2026-09-08 22:35:47
mid.000000000de6437901a08284f9ed0959
snd

2026-09-08 22:35:48
mid.000000000de6437901a0828445b75717
del

2026-09-08 22:35:48
mid.000000000de6437901a08284fd062f17
snd

2026-09-08 22:35:49
mid.000000000de6437901a0828500102c8d
snd

2026-09-08 22:35:49
mid.000000000dc3234e01a08284bf074ae2
del

2026-09-08 22:35:50
mid.000000000dc3234e01a08284bc0d2f17
del

2026-09-08 22:35:50
mid.000000000dc3234e01a0828504c0728e
snd

2026-09-08 22:35:51
mid.000000000de6437901a08284f9ed0959
del

2026-09-08 22:36:19
mid.000000000de6437901a0828500102c8d
del

2026-09-08 22:36:20
mid.000000000de6437901a08284fd062f17
del

2026-09-08 22:36:20
mid.000000000de6437901a0828579b72665
snd

2026-09-08 22:38:35
mid.000000000dc3234e01a0828788160959
snd

2026-09-08 22:38:36
mid.000000000dc3234e01a0828504c0728e
del

2026-09-08 22:38:36
mid.000000000dc3234e01a082878d0d5ce4
snd

2026-09-08 22:38:37
mid.000000000dc3234e01a0828788160959
del

2026-09-08 22:38:48
mid.000000000de6437901a08287bb150959
snd

2026-09-08 22:38:48
mid.000000000de6437901a0828579b72665
del

2026-09-08 22:38:49
mid.000000000de6437901a08287be7b04f5
snd

2026-09-08 22:38:49
mid.000000000de6437901a08287bb150959
del

2026-09-08 23:38:36
mid.000000000dc3234e01a082be7cb95f7f
snd

2026-09-08 23:38:37
mid.000000000dc3234e01a082878d0d5ce4
del

2026-09-08 23:39:38
mid.000000000de6437901a082bf6e387e39
snd

2026-09-08 23:39:39
mid.000000000de6437901a08287be7b04f5
del

