2026-03-01 17:36:41
Бот TLG_Main подключен

2026-03-01 17:36:41
Бот TLG_Second подключен

2026-03-01 17:36:41
Бот DTB_RECOVERY_BOT подключен

2026-03-01 17:36:41
DTB запущен

2026-03-01 17:38:28
A request to the Telegram API was unsuccessful. Error code: 400. Description: Bad Request: message is not modified: specified new message content and reply markup are exactly the same as a current content and reply markup of the message
DEL_MES_BTN

2026-03-01 17:39:09
A request to the Telegram API was unsuccessful. Error code: 400. Description: Bad Request: message is not modified: specified new message content and reply markup are exactly the same as a current content and reply markup of the message
DEL_MES_BTN

2026-03-01 17:39:19
A request to the Telegram API was unsuccessful. Error code: 400. Description: Bad Request: message is not modified: specified new message content and reply markup are exactly the same as a current content and reply markup of the message
DEL_MES_BTN

2026-03-01 17:41:43
Бот MAX_Main подключен

2026-03-01 17:41:43
Бот TLG_Main подключен

2026-03-01 17:41:43
Бот TLG_Second подключен

2026-03-01 17:41:43
Бот DTB_RECOVERY_BOT подключен

2026-03-01 17:41:43
DTB запущен

2026-03-01 17:44:24
Бот MAX_Main подключен

2026-03-01 17:44:24
Бот TLG_Main подключен

2026-03-01 17:44:24
Бот TLG_Second подключен

2026-03-01 17:44:24
VK_Main бот запущен

2026-03-01 17:44:24
Бот DTB_RECOVERY_BOT подключен

2026-03-01 17:44:24
DTB запущен

2026-03-01 17:45:26
Бот MAX_Main подключен

2026-03-01 17:45:26
Бот TLG_Main подключен

2026-03-01 17:45:26
Бот TLG_Second подключен

2026-03-01 17:45:26
Бот DTB_RECOVERY_BOT подключен

2026-03-01 17:45:26
DTB запущен

2026-03-01 21:43:30
Бот MAX_Main подключен

2026-03-01 21:43:30
Бот TLG_Main подключен

2026-03-01 21:43:30
Бот TLG_Second подключен

2026-03-01 21:43:30
Бот DTB_RECOVERY_BOT подключен

2026-03-01 21:43:30
DTB запущен

2026-03-01 21:49:09
module 'BOT' has no attribute 'DTB_Btn_Max'
Ошибка on_clearmess_timer/ Start.Main : MAX_Main23645861

2026-03-01 21:53:16
Бот MAX_Main подключен

2026-03-01 21:53:16
Бот TLG_Main подключен

2026-03-01 21:53:16
Бот TLG_Second подключен

2026-03-01 21:53:16
Бот DTB_RECOVERY_BOT подключен

2026-03-01 21:53:16
DTB запущен

2026-03-01 22:54:54
Бот MAX_Main подключен

2026-03-01 22:54:54
Бот TLG_Main подключен

2026-03-01 22:54:54
Бот TLG_Second подключен

2026-03-01 22:54:54
Бот DTB_RECOVERY_BOT подключен

2026-03-01 22:54:54
DTB запущен

2026-03-01 23:04:51
Бот MAX_Main подключен

2026-03-01 23:04:51
Бот TLG_Main подключен

2026-03-01 23:04:51
Бот DTB_RECOVERY_BOT подключен

2026-03-01 23:04:51
Бот TLG_Second подключен

2026-03-01 23:04:51
DTB запущен

2026-03-01 23:14:58
Бот MAX_Main подключен

2026-03-01 23:14:58
Бот TLG_Main подключен

2026-03-01 23:14:58
Бот TLG_Second подключен

2026-03-01 23:14:58
Бот DTB_RECOVERY_BOT подключен

2026-03-01 23:14:58
DTB запущен

2026-03-01 23:31:42
Бот MAX_Main подключен

2026-03-01 23:31:42
Бот TLG_Main подключен

2026-03-01 23:31:42
Бот DTB_RECOVERY_BOT подключен

2026-03-01 23:31:42
Бот TLG_Second подключен

2026-03-01 23:31:42
DTB запущен

2026-03-01 23:31:56
c_BotApiMax.EditMessage() got an unexpected keyword argument '_reply_marup'. Did you mean '_reply_markup'?
DEL_MES_BTN

2026-03-01 23:32:29
c_BotApiMax.EditMessage() got an unexpected keyword argument '_reply_marup'. Did you mean '_reply_markup'?
DEL_MES_BTN

2026-03-01 23:32:37
c_BotApiMax.EditMessage() got an unexpected keyword argument '_reply_marup'. Did you mean '_reply_markup'?
DEL_MES_BTN

2026-03-01 23:32:49
c_BotApiMax.EditMessage() got an unexpected keyword argument '_reply_marup'. Did you mean '_reply_markup'?
DEL_MES_BTN

2026-03-01 23:32:56
c_BotApiMax.EditMessage() got an unexpected keyword argument '_reply_marup'. Did you mean '_reply_markup'?
DEL_MES_BTN

2026-03-01 23:32:56
c_BotApiMax.EditMessage() got an unexpected keyword argument '_reply_marup'. Did you mean '_reply_markup'?
DEL_MES_BTN

2026-03-01 23:34:02
Бот MAX_Main подключен

2026-03-01 23:34:02
Бот TLG_Main подключен

2026-03-01 23:34:02
Бот TLG_Second подключен

2026-03-01 23:34:02
Бот DTB_RECOVERY_BOT подключен

2026-03-01 23:34:02
DTB запущен

2026-03-01 23:59:07
Бот MAX_Main подключен

2026-03-01 23:59:07
Бот TLG_Second подключен

2026-03-01 23:59:07
Бот TLG_Main подключен

2026-03-01 23:59:07
Бот DTB_RECOVERY_BOT подключен

2026-03-01 23:59:07
DTB запущен

