2026-03-03 11:58:23
{'callback': {'timestamp': 1772528304028, 'callback_id': 'f9LHodD0cOIfxHee79oFdhV5A_m8UYkOzlgSL5Gdrc-z0GsN5raZuMhlzt0OZAeeyr30__hmD0d2OIdmO4zBKNMQ7TpgGZE2EAHpoke3nZ4yNCAjeTPy', 'user': {'user_id': 23645861, 'first_name': 'Дмитрий', 'last_name': 'Марков', 'is_bot': False, 'last_activity_time': 1772528296000, 'name': 'Дмитрий Марков'}, 'payload': 'Start'}, 'message': {'recipient': {'chat_id': 233194361, 'chat_type': 'dialog', 'user_id': 23645861}, 'timestamp': 1772520682751, 'body': {'mid': 'mid.000000000de64379019cb27734ff4095', 'seq': 116163915464786069, 'text': 'Бот-генератор токенов доступа v.1.2.', 'attachments': [{'callback_id': 'f9LHodD0cOJfvDgX_auh_kAfWo-Ahizx7SHLZA6D9Yv0IEcqp0ZYuAWbKiPi_gHcp615_8kd6Jhbjq1_ZXmn72EQTf8yWWd2gyRXPVVXzduASqEICsF1', 'payload': {'buttons': [[{'payload': 'Start', 'text': 'Начать', 'intent': 'default', 'type': 'callback'}]]}, 'type': 'inline_keyboard'}]}, 'sender': {'user_id': 210669020, 'first_name': 'DASHA_TOKEN_BOT', 'username': 'id575104156000_bot', 'is_bot': True, 'last_activity_time': 1772528304257, 'name': 'DASHA_TOKEN_BOT'}}, 'timestamp': 1772528304028, 'user_locale': 'ru', 'update_type': 'message_callback'}
clb

2026-03-03 11:58:24
mid.000000000de64379019cb2eb834f0959
snd

2026-03-03 11:58:25
mid.000000000de64379019cb2eb861c773c
snd

2026-03-03 11:58:25
mid.000000000de64379019cb2eb834f0959
del

2026-03-03 11:59:48
{'callback': {'timestamp': 1772528388874, 'callback_id': 'f9LHodD0cOJdGk4S6N1HC7N4vQZdxoKD2-5WLLjxhChx8TakPGNpvxbaYT-uJ0-TZiRACKPycRbUr7a_2uxDAtAV8CZ977RDPBNwxvWkmnRWyyeVJYtw', 'user': {'user_id': 23645861, 'first_name': 'Дмитрий', 'last_name': 'Марков', 'is_bot': False, 'last_activity_time': 1772528386000, 'name': 'Дмитрий Марков'}, 'payload': 'Registration'}, 'message': {'recipient': {'chat_id': 233194361, 'chat_type': 'dialog', 'user_id': 23645861}, 'timestamp': 1772528305692, 'body': {'mid': 'mid.000000000de64379019cb2eb861c773c', 'seq': 116164415041861436, 'text': 'Текст для RequiredRegistration не найден', 'attachments': [{'callback_id': 'f9LHodD0cOIbamwmCX31U8GQLoOB36fM2FbFGM52eipA9s7cenDCR-r_FDtwuSM62_jB3xuxpWYJiLIu6WutpQ1yHyIBkWhd0OeRkm41R1iFhHGiKDpd', 'payload': {'buttons': [[{'payload': 'Registration', 'text': 'Регистрация', 'intent': 'default', 'type': 'callback'}]]}, 'type': 'inline_keyboard'}], 'markup': [{'from': 10, 'length': 20, 'type': 'strong'}]}, 'sender': {'user_id': 210669020, 'first_name': 'DASHA_TOKEN_BOT', 'username': 'id575104156000_bot', 'is_bot': True, 'last_activity_time': 1772528389117, 'name': 'DASHA_TOKEN_BOT'}}, 'timestamp': 1772528388874, 'user_locale': 'ru', 'update_type': 'message_callback'}
clb

2026-03-03 11:59:49
mid.000000000de64379019cb2eccf120959
snd

2026-03-03 11:59:50
mid.000000000de64379019cb2eb861c773c
del

2026-03-03 11:59:51
mid.000000000de64379019cb2ecd6866541
snd

2026-03-03 11:59:53
mid.000000000de64379019cb2ecddc057da
snd

2026-03-03 11:59:54
mid.000000000de64379019cb2eccf120959
del

2026-03-03 11:59:55
{'message': {'recipient': {'chat_id': 233194361, 'chat_type': 'dialog', 'user_id': 210669020}, 'timestamp': 1772528396238, 'body': {'mid': 'mid.000000000de64379019cb2ece7ce2a73', 'seq': 116164420975864435, 'text': '', 'attachments': [{'payload': {'vcf_info': 'BEGIN:VCARD\r\nVERSION:3.0\r\nPRODID:ez-vcard 0.10.3\r\nTEL;TYPE=cell:79175560062\r\nFN:Дмитрий Марков\r\nEND:VCARD\r\n', 'max_info': {'user_id': 23645861, 'first_name': 'Дмитрий', 'last_name': 'Марков', 'is_bot': False, 'last_activity_time': 1772528386000, 'name': 'Дмитрий Марков'}}, 'type': 'contact'}]}, 'sender': {'user_id': 23645861, 'first_name': 'Дмитрий', 'last_name': 'Марков', 'is_bot': False, 'last_activity_time': 1772528386000, 'name': 'Дмитрий Марков'}}, 'timestamp': 1772528396238, 'user_locale': 'ru', 'update_type': 'message_created'}
txt

2026-03-03 11:59:57
mid.000000000de64379019cb2ecec460959
snd

2026-03-03 11:59:57
mid.000000000de64379019cb2ece7ce2a73
del

2026-03-03 11:59:58
mid.000000000de64379019cb2ecddc057da
del

2026-03-03 11:59:59
mid.000000000de64379019cb2ecd6866541
del

2026-03-03 12:00:00
mid.000000000de64379019cb2ecfae3536f
snd

2026-03-03 12:00:01
mid.000000000de64379019cb2ecec460959
del

2026-03-03 12:00:21
{'message': {'recipient': {'chat_id': 233194361, 'chat_type': 'dialog', 'user_id': 210669020}, 'timestamp': 1772528422071, 'body': {'mid': 'mid.000000000de64379019cb2ed4cb7460f', 'seq': 116164422668862991, 'text': '0000'}, 'sender': {'user_id': 23645861, 'first_name': 'Дмитрий', 'last_name': 'Марков', 'is_bot': False, 'last_activity_time': 1772528416000, 'name': 'Дмитрий Марков'}}, 'timestamp': 1772528422071, 'user_locale': 'ru', 'update_type': 'message_created'}
txt

2026-03-03 12:00:22
mid.000000000de64379019cb2ed510d0959
snd

2026-03-03 12:00:23
mid.000000000de64379019cb2ed4cb7460f
del

2026-03-03 12:00:24
mid.000000000de64379019cb2ecfae3536f
del

2026-03-03 12:00:25
mid.000000000de64379019cb2ed5c575ebe
snd

2026-03-03 12:00:26
mid.000000000de64379019cb2ed510d0959
del

2026-03-03 12:00:34
{'callback': {'timestamp': 1772528434143, 'callback_id': 'f9LHodD0cOJP-LVMpV0CVLXJIiyyydCK2Pt8AkwUlPr24rRhLr-diZRjKci0u5uYYzjX_mwidBuU2rSiR81g0MeCtV1EjJ0Xo1591WeteWOm80LwbYui', 'user': {'user_id': 23645861, 'first_name': 'Дмитрий', 'last_name': 'Марков', 'is_bot': False, 'last_activity_time': 1772528433000, 'name': 'Дмитрий Марков'}, 'payload': 'GetNewToken'}, 'message': {'recipient': {'chat_id': 233194361, 'chat_type': 'dialog', 'user_id': 23645861}, 'timestamp': 1772528426071, 'body': {'mid': 'mid.000000000de64379019cb2ed5c575ebe', 'seq': 116164422931013310, 'text': 'Выберите команду меню Бота или получите Новый токен.', 'attachments': [{'callback_id': 'f9LHodD0cOJ2a3gVC8BHivGmbfrtt8O3WcfjHgl4bVwwCWkVu1_5vVfinOqvviwvsuk3qbULEoh-NxFs6ueDkz37PYDeyyAh7UKZfoDv9fxmZ3Lt-hzi', 'payload': {'buttons': [[{'payload': 'MainMenu', 'text': 'Главное меню', 'intent': 'default', 'type': 'callback'}], [{'payload': 'GetNewToken', 'text': 'Новый токен', 'intent': 'default', 'type': 'callback'}]]}, 'type': 'inline_keyboard'}], 'markup': [{'from': 40, 'length': 11, 'type': 'strong'}]}, 'sender': {'user_id': 210669020, 'first_name': 'DASHA_TOKEN_BOT', 'username': 'id575104156000_bot', 'is_bot': True, 'last_activity_time': 1772528434412, 'name': 'DASHA_TOKEN_BOT'}}, 'timestamp': 1772528434143, 'user_locale': 'ru', 'update_type': 'message_callback'}
clb

2026-03-03 12:00:35
mid.000000000de64379019cb2ed810a0959
snd

2026-03-03 12:00:36
mid.000000000de64379019cb2ed5c575ebe
del

2026-03-03 12:00:37
mid.000000000de64379019cb2ed88762f17
snd

2026-03-03 12:00:38
mid.000000000de64379019cb2ed8ef54042
snd

2026-03-03 12:00:39
mid.000000000de64379019cb2ed810a0959
del

2026-03-03 12:01:09
mid.000000000de64379019cb2ed8ef54042
del

2026-03-03 12:01:10
mid.000000000de64379019cb2ed88762f17
del

2026-03-03 12:01:11
mid.000000000de64379019cb2ee0f121703
snd

2026-03-03 12:05:36
mid.000000000de64379019cb2f218ff0959
snd

2026-03-03 12:05:37
mid.000000000de64379019cb2ee0f121703
del

2026-03-03 12:05:38
mid.000000000de64379019cb2f2224f1a2b
snd

2026-03-03 12:05:39
mid.000000000de64379019cb2f218ff0959
del

2026-03-03 13:20:10
mid.000000000de64379019cb3365e422a7e
snd

2026-03-03 13:20:11
mid.000000000de64379019cb2f2224f1a2b
del

2026-03-03 13:32:56
{'callback': {'timestamp': 1772533801374, 'callback_id': 'f9LHodD0cOItI2iWisLgSD9De7yi59Pq1R_7NqrI7PSv5zte8ld2SSSwSJlo0zfqP4xe0oigBW74VNYx77MJKq24YX7mZsRA1-aBYx0NdrmJat9Dsc-j', 'user': {'user_id': 23645861, 'first_name': 'Дмитрий', 'last_name': 'Марков', 'is_bot': False, 'last_activity_time': 1772533941000, 'name': 'Дмитрий Марков'}, 'payload': 'Start'}, 'message': {'recipient': {'chat_id': 233194361, 'chat_type': 'dialog', 'user_id': 23645861}, 'timestamp': 1772533210690, 'body': {'mid': 'mid.000000000de64379019cb3365e422a7e', 'seq': 116164736495790718, 'text': 'Бот-генератор токенов доступа v.1.2.', 'attachments': [{'callback_id': 'f9LHodD0cOLRwEfeCIed0PtcsYdlxOTMamSQffjqK3D-o9Lt-wZCYxf2AWzFNK9rZ4l8hzczQKHVogmH8ADOXVLY3Qakkfevzdp71NyGAZOkDAZ-6Q-T', 'payload': {'buttons': [[{'payload': 'Start', 'text': 'Начать', 'intent': 'default', 'type': 'callback'}]]}, 'type': 'inline_keyboard'}]}, 'sender': {'user_id': 210669020, 'first_name': 'DASHA_TOKEN_BOT', 'username': 'id575104156000_bot', 'is_bot': True, 'last_activity_time': 1772533976269, 'name': 'DASHA_TOKEN_BOT'}}, 'timestamp': 1772533801374, 'user_locale': 'ru', 'update_type': 'message_callback'}
clb

2026-03-03 13:32:56
mid.000000000de64379019cb3420f980959
snd

2026-03-03 13:32:57
mid.000000000de64379019cb3365e422a7e
del

2026-03-03 13:32:58
mid.000000000de64379019cb34214900672
snd

2026-03-03 13:32:58
mid.000000000de64379019cb3420f980959
del

2026-03-03 13:32:59
{'callback': {'timestamp': 1772533833045, 'callback_id': 'f9LHodD0cOKn6U_7q9A_m8_fmkpXdr4mCdndPMbsjIQj3ppVdzNhm2LCQ3G36gilEIim8zF_MwnDAWXsFW0z4hozUEKTVyJwZci-FyCk8EsOGllOXdtB', 'user': {'user_id': 23645861, 'first_name': 'Дмитрий', 'last_name': 'Марков', 'is_bot': False, 'last_activity_time': 1772533978000, 'name': 'Дмитрий Марков'}, 'payload': 'Start'}, 'message': {'recipient': {'chat_id': 233194361, 'chat_type': 'dialog', 'user_id': 23645861}, 'timestamp': 1772533210690, 'body': {'mid': 'mid.000000000de64379019cb3365e422a7e', 'seq': 116164736495790718, 'text': 'Бот-генератор токенов доступа v.1.2.', 'attachments': [{'callback_id': 'f9LHodD0cOLD5E_Kq7Fcf0YjJ4m6aoYUokieYVAF_6TPb-HU6_bAITVuaci7SReZVSM1lHqKCwSwAkl6q3CE8CN5e8xUtBpfty6IYz4eDEMo0lSqSR2v', 'payload': {'buttons': [[{'payload': 'Start', 'text': 'Начать', 'intent': 'default', 'type': 'callback'}]]}, 'type': 'inline_keyboard'}]}, 'sender': {'user_id': 210669020, 'first_name': 'DASHA_TOKEN_BOT', 'username': 'id575104156000_bot', 'is_bot': True, 'last_activity_time': 1772533979293, 'name': 'DASHA_TOKEN_BOT'}}, 'timestamp': 1772533833045, 'user_locale': 'ru', 'update_type': 'message_callback'}
clb

2026-03-03 13:32:59
mid.000000000de64379019cb3421ad20959
snd

2026-03-03 13:33:00
mid.000000000de64379019cb34214900672
del

2026-03-03 13:33:00
mid.000000000de64379019cb3421f682645
snd

2026-03-03 13:33:01
mid.000000000de64379019cb3421ad20959
del

2026-03-03 13:38:03
mid.000000000de64379019cb346bc560959
snd

2026-03-03 13:38:03
mid.000000000de64379019cb3421f682645
del

2026-03-03 13:38:04
mid.000000000de64379019cb346bfb97215
snd

2026-03-03 13:38:04
mid.000000000de64379019cb346bc560959
del

2026-03-03 14:39:00
mid.000000000de64379019cb37e8b6b3855
snd

2026-03-03 14:39:00
mid.000000000de64379019cb346bfb97215
del

2026-03-03 15:39:02
mid.000000000de64379019cb3b583257b3e
snd

2026-03-03 15:39:03
mid.000000000de64379019cb37e8b6b3855
del

2026-03-03 15:43:24
{'callback': {'timestamp': 1772541804991, 'callback_id': 'f9LHodD0cOIZjGSKWgzD5XaqImK7QxOCrixp0JtX_8ezK5v4Yq5gOlzfa-a912He9fB2vGYvmHr0pc7Rj4Xe59xCPbnuA_HOTZ_1hiYTDiSrpw87zCsw', 'user': {'user_id': 23645861, 'first_name': 'Дмитрий', 'last_name': 'Марков', 'is_bot': False, 'last_activity_time': 1772541801000, 'name': 'Дмитрий Марков'}, 'payload': 'Start'}, 'message': {'recipient': {'chat_id': 233194361, 'chat_type': 'dialog', 'user_id': 23645861}, 'timestamp': 1772541543205, 'body': {'mid': 'mid.000000000de64379019cb3b583257b3e', 'seq': 116165282575514430, 'text': 'Бот-генератор токенов доступа v.1.2.', 'attachments': [{'callback_id': 'f9LHodD0cOKkBEezYh5Ml9e40aHVPlcW77DCWmGwoEnvhcLk8KAKKnHGxdnMw8hXbbeKAl2pip8bl0bkK1yI9uaRfIagtsm2Ziup_ogfufAshCn3Qbh3', 'payload': {'buttons': [[{'payload': 'Start', 'text': 'Начать', 'intent': 'default', 'type': 'callback'}]]}, 'type': 'inline_keyboard'}]}, 'sender': {'user_id': 210669020, 'first_name': 'DASHA_TOKEN_BOT', 'username': 'id575104156000_bot', 'is_bot': True, 'last_activity_time': 1772541805255, 'name': 'DASHA_TOKEN_BOT'}}, 'timestamp': 1772541804991, 'user_locale': 'ru', 'update_type': 'message_callback'}
clb

2026-03-03 15:43:25
mid.000000000de64379019cb3b9843e0959
snd

2026-03-03 15:43:25
mid.000000000de64379019cb3b583257b3e
del

2026-03-03 15:43:26
mid.000000000de64379019cb3b9877862c0
snd

2026-03-03 15:43:26
mid.000000000de64379019cb3b9843e0959
del

2026-03-03 15:43:33
{'message': {'recipient': {'chat_id': 233194361, 'chat_type': 'dialog', 'user_id': 210669020}, 'timestamp': 1772541813531, 'body': {'mid': 'mid.000000000de64379019cb3b9a31b1429', 'seq': 116165300291572777, 'text': 'Ролд'}, 'sender': {'user_id': 23645861, 'first_name': 'Дмитрий', 'last_name': 'Марков', 'is_bot': False, 'last_activity_time': 1772541801000, 'name': 'Дмитрий Марков'}}, 'timestamp': 1772541813531, 'user_locale': 'ru', 'update_type': 'message_created'}
txt

2026-03-03 15:43:33
mid.000000000de64379019cb3b9a4c30959
snd

2026-03-03 15:43:34
mid.000000000de64379019cb3b9a31b1429
del

2026-03-03 15:43:34
mid.000000000de64379019cb3b9a76f1aca
snd

2026-03-03 15:43:34
mid.000000000de64379019cb3b9a4c30959
del

2026-03-03 15:43:39
{'message': {'recipient': {'chat_id': 233194361, 'chat_type': 'dialog', 'user_id': 210669020}, 'timestamp': 1772541819244, 'body': {'mid': 'mid.000000000de64379019cb3b9b96c460f', 'seq': 116165300665992719, 'text': '0000'}, 'sender': {'user_id': 23645861, 'first_name': 'Дмитрий', 'last_name': 'Марков', 'is_bot': False, 'last_activity_time': 1772541816000, 'name': 'Дмитрий Марков'}}, 'timestamp': 1772541819244, 'user_locale': 'ru', 'update_type': 'message_created'}
txt

2026-03-03 15:43:39
mid.000000000de64379019cb3b9bb1d0959
snd

2026-03-03 15:43:39
mid.000000000de64379019cb3b9b96c460f
del

2026-03-03 15:43:40
mid.000000000de64379019cb3b9a76f1aca
del

2026-03-03 15:43:40
mid.000000000de64379019cb3b9877862c0
del

2026-03-03 15:43:40
mid.000000000de64379019cb3b9c09d511e
snd

2026-03-03 15:43:41
mid.000000000de64379019cb3b9bb1d0959
del

2026-03-03 15:48:46
mid.000000000de64379019cb3be69bb0959
snd

2026-03-03 15:48:46
mid.000000000de64379019cb3b9c09d511e
del

2026-03-03 15:48:47
mid.000000000de64379019cb3be6d0b0ddd
snd

2026-03-03 15:48:47
mid.000000000de64379019cb3be69bb0959
del

2026-03-03 16:49:15
mid.000000000de64379019cb3f5c8a921b2
snd

2026-03-03 16:49:15
mid.000000000de64379019cb3be6d0b0ddd
del

2026-03-03 17:49:17
mid.000000000de64379019cb42cc0b56259
snd

2026-03-03 17:49:17
mid.000000000de64379019cb3f5c8a921b2
del

2026-03-03 18:49:19
mid.000000000de64379019cb463b7954e46
snd

2026-03-03 18:49:20
mid.000000000de64379019cb42cc0b56259
del

2026-03-03 19:49:21
mid.000000000de64379019cb49aafb95366
snd

2026-03-03 19:49:22
mid.000000000de64379019cb463b7954e46
del

2026-03-03 20:49:23
mid.000000000de64379019cb4d1a37c10b4
snd

2026-03-03 20:49:23
mid.000000000de64379019cb49aafb95366
del

2026-03-03 21:49:24
mid.000000000de64379019cb508972741ab
snd

2026-03-03 21:49:25
mid.000000000de64379019cb4d1a37c10b4
del

2026-03-03 22:49:26
mid.000000000de64379019cb53f8b240fad
snd

2026-03-03 22:49:26
mid.000000000de64379019cb508972741ab
del

2026-03-03 23:49:27
mid.000000000de64379019cb5767e926f42
snd

2026-03-03 23:49:28
mid.000000000de64379019cb53f8b240fad
del

