2026-03-05 13:14:38
Бот MAX_Main подключен

2026-03-05 13:14:38
Бот TLG_Main подключен

2026-03-05 13:14:38
Бот TLG_Second подключен

2026-03-05 13:14:38
Бот DTB_RECOVERY_BOT подключен

2026-03-05 13:14:38
DTB запущен

2026-03-05 13:21:38
Бот MAX_Main подключен

2026-03-05 13:21:38
Бот TLG_Main подключен

2026-03-05 13:21:38
Бот DTB_RECOVERY_BOT подключен

2026-03-05 13:21:38
Бот TLG_Second подключен

2026-03-05 13:21:38
DTB запущен

2026-03-05 13:23:43
Бот MAX_Main подключен

2026-03-05 13:23:44
Бот TLG_Main подключен

2026-03-05 13:23:44
Бот TLG_Second подключен

2026-03-05 13:23:44
Бот DTB_RECOVERY_BOT подключен

2026-03-05 13:23:44
DTB запущен

2026-03-05 13:24:46
Бот MAX_Main подключен

2026-03-05 13:24:46
Бот TLG_Main подключен

2026-03-05 13:24:46
Бот TLG_Second подключен

2026-03-05 13:24:46
Бот DTB_RECOVERY_BOT подключен

2026-03-05 13:24:46
DTB запущен

2026-03-05 13:26:08
Бот MAX_Main подключен

2026-03-05 13:26:08
Бот TLG_Second подключен

2026-03-05 13:26:08
Бот TLG_Main подключен

2026-03-05 13:26:08
Бот DTB_RECOVERY_BOT подключен

2026-03-05 13:26:08
DTB запущен

2026-03-05 13:27:09
Бот MAX_Main подключен

2026-03-05 13:27:09
Бот TLG_Main подключен

2026-03-05 13:27:09
Бот TLG_Second подключен

2026-03-05 13:27:09
Бот DTB_RECOVERY_BOT подключен

2026-03-05 13:27:09
DTB запущен

2026-03-05 13:28:51
Бот MAX_Main подключен

2026-03-05 13:28:51
Бот TLG_Main подключен

2026-03-05 13:28:51
Бот TLG_Second подключен

2026-03-05 13:28:51
Бот DTB_RECOVERY_BOT подключен

2026-03-05 13:28:51
DTB запущен

2026-03-05 13:30:43
Бот MAX_Main подключен

2026-03-05 13:30:43
Бот TLG_Main подключен

2026-03-05 13:30:43
Бот TLG_Second подключен

н

2026-03-05 13:30:43
DTB запущен

2026-03-05 13:35:54
Бот MAX_Main подключен

2026-03-05 13:35:54
Бот TLG_Main подключен

2026-03-05 13:35:54
Бот DTB_RECOVERY_BOT подключен

2026-03-05 13:35:54
Бот TLG_Second подключен

2026-03-05 13:35:54
DTB запущен

2026-03-05 18:13:39
Бот MAX_Main подключен

2026-03-05 18:13:39
Бот TLG_Main подключен

2026-03-05 18:13:39
Бот TLG_Second подключен

2026-03-05 18:13:39
Бот DTB_RECOVERY_BOT подключен

2026-03-05 18:13:39
DTB запущен

2026-03-05 20:38:15
Бот MAX_Main подключен

2026-03-05 20:38:15
Бот TLG_Main подключен

2026-03-05 20:38:15
Бот TLG_Second подключен

2026-03-05 20:38:15
Бот DTB_RECOVERY_BOT подключен

2026-03-05 20:38:15
DTB запущен

2026-03-05 20:38:40
Бот MAX_Main подключен

2026-03-05 20:38:40
Бот TLG_Main подключен

2026-03-05 20:38:40
Бот TLG_Second подключен

2026-03-05 20:38:40
Бот DTB_RECOVERY_BOT подключен

2026-03-05 20:38:40
DTB запущен

2026-03-05 20:41:13
Бот MAX_Main подключен

2026-03-05 20:41:13
Бот TLG_Main подключен

2026-03-05 20:41:13
Бот TLG_Second подключен

2026-03-05 20:41:13
Бот DTB_RECOVERY_BOT подключен

2026-03-05 20:41:13
DTB запущен

2026-03-05 20:45:03
Бот MAX_Main подключен

2026-03-05 20:45:03
Бот TLG_Main подключен

2026-03-05 20:45:03
Бот TLG_Second подключен

2026-03-05 20:45:03
Бот DTB_RECOVERY_BOT подключен

2026-03-05 20:45:03
DTB запущен

2026-03-05 20:55:43
Бот MAX_Main подключен

2026-03-05 20:55:43
Бот TLG_Second подключен

2026-03-05 20:55:43
Бот DTB_RECOVERY_BOT подключен

2026-03-05 20:55:43
DTB запущен

2026-03-05 21:27:30
Бот MAX_Main подключен

2026-03-05 21:27:30
Бот TLG_Main подключен

2026-03-05 21:27:30
Бот TLG_Second подключен

2026-03-05 21:27:30
Бот DTB_RECOVERY_BOT подключен

2026-03-05 21:27:30
DTB запущен

2026-03-05 22:19:40
Бот MAX_Main подключен

2026-03-05 22:19:40
Бот TLG_Main подключен

2026-03-05 22:19:40
Бот TLG_Second подключен

2026-03-05 22:19:40
Бот DTB_RECOVERY_BOT подключен

2026-03-05 22:19:40
DTB запущен

2026-03-05 22:44:56
Бот MAX_Main подключен

2026-03-05 22:44:56
Бот TLG_Main подключен

2026-03-05 22:44:56
Бот TLG_Second подключен

2026-03-05 22:44:56
Бот DTB_RECOVERY_BOT подключен

2026-03-05 22:44:56
DTB запущен

2026-03-05 22:51:05
Бот MAX_Main подключен

2026-03-05 22:51:05
Бот TLG_Main подключен

2026-03-05 22:51:05
Бот TLG_Second подключен

2026-03-05 22:51:05
Бот DTB_RECOVERY_BOT подключен

2026-03-05 22:51:05
DTB запущен

2026-03-05 23:02:13
Бот MAX_Main подключен

2026-03-05 23:02:13
Бот TLG_Main подключен

2026-03-05 23:02:13
Бот DTB_RECOVERY_BOT подключен

2026-03-05 23:02:13
Бот TLG_Second подключен

2026-03-05 23:02:13
DTB запущен

2026-03-05 23:09:50
Бот MAX_Main подключен

2026-03-05 23:09:50
Бот TLG_Main подключен

2026-03-05 23:09:50
Бот TLG_Second подключен

2026-03-05 23:09:50
Бот DTB_RECOVERY_BOT подключен

2026-03-05 23:09:50
DTB запущен

2026-03-05 23:21:07
Бот MAX_Main подключен

2026-03-05 23:21:07
Бот TLG_Main подключен

2026-03-05 23:21:07
Бот TLG_Second подключен

2026-03-05 23:21:07
Бот DTB_RECOVERY_BOT подключен

2026-03-05 23:21:07
DTB запущен

2026-03-05 23:26:45
Бот MAX_Main подключен

2026-03-05 23:26:45
Бот TLG_Main подключен

2026-03-05 23:26:45
Бот TLG_Second подключен

2026-03-05 23:26:45
Бот DTB_RECOVERY_BOT подключен

2026-03-05 23:26:45
DTB запущен

