2026-02-07 11:19:04
Бот TLG_Main подключен

2026-02-07 11:19:04
Бот DTB_RECOVERY_BOT подключен

2026-02-07 11:19:04
DTB запущен

2026-02-07 11:20:06
name 'DTB_Bot' is not defined
Ошибка on_clearmess_timer

2026-02-07 11:20:06
name 'DTB_Bot' is not defined
Ошибка on_clearmess_timer

2026-02-07 11:20:06
name 'DTB_Bot' is not defined
Ошибка on_clearmess_timer

2026-02-07 11:20:36
A request to the Telegram API was unsuccessful. Error code: 400. Description: Bad Request: message is not modified: specified new message content and reply markup are exactly the same as a current content and reply markup of the message
DEL_MES_BTN

2026-02-07 11:21:22
Бот TLG_Main подключен

2026-02-07 11:21:22
Бот DTB_RECOVERY_BOT подключен

2026-02-07 11:21:22
DTB запущен

2026-02-07 11:23:35
Бот TLG_Main подключен

2026-02-07 11:23:35
Бот DTB_RECOVERY_BOT подключен

2026-02-07 11:23:35
DTB запущен

2026-02-07 11:23:43
A request to the Telegram API was unsuccessful. Error code: 400. Description: Bad Request: message is not modified: specified new message content and reply markup are exactly the same as a current content and reply markup of the message
DEL_MES_BTN

2026-02-07 11:26:14
Бот TLG_Main подключен

2026-02-07 11:26:14
Бот DTB_RECOVERY_BOT подключен

2026-02-07 11:26:14
DTB запущен

2026-02-07 11:28:45
Бот TLG_Main подключен

2026-02-07 11:28:45
Бот DTB_RECOVERY_BOT подключен

2026-02-07 11:28:45
DTB запущен

2026-02-07 19:08:25
Бот TLG_Main подключен

2026-02-07 19:08:25
Бот DTB_RECOVERY_BOT подключен

2026-02-07 19:08:25
DTB запущен

