2026-03-17 22:12:52
Бот MAX_Main подключен

2026-03-17 22:12:52
Бот MAX_Second подключен

2026-03-17 22:12:52
Бот TLG_Second подключен

2026-03-17 22:12:52
Бот TLG_Main подключен

2026-03-17 22:12:52
Бот DTB_RECOVERY подключен

2026-03-17 22:12:52
Бот VK_Main подключен

2026-03-17 22:12:52
DTB запущен

2026-03-17 22:13:43
Бот MAX_Main подключен

2026-03-17 22:13:43
Бот MAX_Second подключен

2026-03-17 22:13:43
Бот TLG_Main подключен

2026-03-17 22:13:43
Бот TLG_Second подключен

2026-03-17 22:13:54
Бот DTB_RECOVERY подключен

2026-03-17 22:13:54
Бот VK_Main подключен

2026-03-17 22:13:54
DTB запущен

2026-03-17 22:13:54
Бот DTB_RECOVERY подключен

