2026-02-26 15:40:41
Бот TLG_Main подключен

2026-02-26 15:40:41
Бот VK_Main подключен

2026-02-26 15:40:41
Бот TLG_Second подключен

2026-02-26 15:40:41
Бот DTB_RECOVERY_BOT подключен

2026-02-26 15:40:41
DTB запущен

2026-02-26 15:41:56
[911] Keyboard format is invalid: row 1 contains too much columns
Ошибка on_clearmess_timer/ Start.Main : VK_Main1052448277

2026-02-26 15:43:43
Бот TLG_Main подключен

2026-02-26 15:43:43
Бот VK_Main подключен

2026-02-26 15:43:43
Бот TLG_Second подключен

2026-02-26 15:43:43
Бот DTB_RECOVERY_BOT подключен

2026-02-26 15:43:43
DTB запущен

2026-02-26 15:44:01
A request to the Telegram API was unsuccessful. Error code: 400. Description: Bad Request: message is not modified: specified new message content and reply markup are exactly the same as a current content and reply markup of the message
DEL_MES_BTN

2026-02-26 20:38:42
Бот TLG_Main подключен

ен

2026-02-26 20:38:42
Бот VK_Main подключен

2026-02-26 20:38:42
Бот TLG_Second подключен

2026-02-26 20:38:42
DTB запущен

2026-02-26 20:41:05
A request to the Telegram API was unsuccessful. Error code: 400. Description: Bad Request: message is not modified: specified new message content and reply markup are exactly the same as a current content and reply markup of the message
DEL_MES_BTN

