2026-03-02 08:43:36
Бот MAX_Main подключен

2026-03-02 08:43:36
Бот TLG_Main подключен

2026-03-02 08:43:36
Бот TLG_Second подключен

2026-03-02 08:43:36
Бот DTB_RECOVERY_BOT подключен

2026-03-02 08:43:36
DTB запущен

2026-03-02 10:26:08
Бот MAX_Main подключен

2026-03-02 10:26:08
Бот TLG_Second подключен

2026-03-02 10:26:08
Бот TLG_Main подключен

2026-03-02 10:26:08
Бот DTB_RECOVERY_BOT подключен

2026-03-02 10:26:08
DTB запущен

2026-03-02 22:20:50
Бот MAX_Main подключен

2026-03-02 22:20:50
Бот TLG_Second подключен

2026-03-02 22:20:50
Бот TLG_Main подключен

2026-03-02 22:20:50
Бот DTB_RECOVERY_BOT подключен

2026-03-02 22:20:51
DTB запущен

2026-03-02 22:32:51
Бот MAX_Main подключен

2026-03-02 22:32:51
Бот TLG_Main подключен

2026-03-02 22:32:51
Бот TLG_Second подключен

2026-03-02 22:32:51
Бот DTB_RECOVERY_BOT подключен

2026-03-02 22:32:51
DTB запущен

2026-03-02 22:47:38
Бот MAX_Main подключен

2026-03-02 22:47:38
Бот TLG_Second подключен

2026-03-02 22:47:38
Бот TLG_Main подключен

2026-03-02 22:47:38
Бот DTB_RECOVERY_BOT подключен

2026-03-02 22:47:38
DTB запущен

2026-03-02 22:51:51
Бот MAX_Main подключен

2026-03-02 22:51:51
Бот TLG_Main подключен

2026-03-02 22:51:51
Бот TLG_Second подключен

2026-03-02 22:51:51
Бот DTB_RECOVERY_BOT подключен

2026-03-02 22:51:51
DTB запущен

