2026-02-04 16:53:48
 - Бот TLG_Main подключен

2026-02-04 16:53:48
 - Бот DTB_RECOVERY_BOT подключен

2026-02-04 16:53:48
 - DTB запущен

2026-02-04 16:57:07
 - Бот TLG_Main подключен

2026-02-04 16:57:07
 - Бот DTB_RECOVERY_BOT подключен

2026-02-04 16:57:07
 - DTB запущен

2026-02-04 16:59:36
 - Бот TLG_Main подключен

2026-02-04 16:59:36
 - Бот DTB_RECOVERY_BOT подключен

2026-02-04 16:59:36
 - DTB запущен

2026-02-04 20:20:17
 - Бот TLG_Main подключен

2026-02-04 20:20:17
 - Бот DTB_RECOVERY_BOT подключен

2026-02-04 20:20:17
 - DTB запущен

2026-02-04 20:41:29
 - Бот TLG_Main подключен

2026-02-04 20:41:29
 - Бот DTB_RECOVERY_BOT подключен

2026-02-04 20:42:25
 - Бот TLG_Main подключен

2026-02-04 20:42:25
 - Бот DTB_RECOVERY_BOT подключен

2026-02-04 20:42:25
 - DTB запущен

2026-02-04 20:44:02
 - Бот TLG_Main подключен

2026-02-04 20:44:02
 - Бот DTB_RECOVERY_BOT подключен

2026-02-04 20:44:02
 - DTB запущен

2026-02-04 20:46:01
 - Бот TLG_Main подключен

2026-02-04 20:46:01
 - Бот DTB_RECOVERY_BOT подключен

2026-02-04 20:46:01
 - DTB запущен

2026-02-04 20:47:51
 - Бот DTB_RECOVERY_BOT подключен

2026-02-04 20:47:51
 - DTB запущен

2026-02-04 20:55:18
 - Бот TLG_Main подключен

2026-02-04 20:55:18
 - Бот DTB_RECOVERY_BOT подключен

2026-02-04 20:55:18
 - DTB запущен

2026-02-04 20:56:58
 - Бот TLG_Main подключен

2026-02-04 20:56:58
 - Бот DTB_RECOVERY_BOT подключен

2026-02-04 20:56:58
 - DTB запущен

2026-02-04 21:50:34
 - Бот TLG_Main подключен

2026-02-04 21:50:34
 - Бот DTB_RECOVERY_BOT подключен

2026-02-04 21:50:34
 - DTB запущен

2026-02-04 21:51:04
DEL_MES_BTN - A request to the Telegram API was unsuccessful. Error code: 400. Description: Bad Request: message is not modified: specified new message content and reply markup are exactly the same as a current content and reply markup of the message

2026-02-04 21:52:37
 - Бот TLG_Main подключен

2026-02-04 21:52:37
 - Бот DTB_RECOVERY_BOT подключен

2026-02-04 21:52:37
 - DTB запущен

2026-02-04 21:52:51
DEL_MES_BTN - A request to the Telegram API was unsuccessful. Error code: 400. Description: Bad Request: message is not modified: specified new message content and reply markup are exactly the same as a current content and reply markup of the message

2026-02-04 21:52:51
DEL_MES_BTN - A request to the Telegram API was unsuccessful. Error code: 400. Description: Bad Request: message can't be edited

2026-02-04 21:52:51
DEL_MES_BTN - A request to the Telegram API was unsuccessful. Error code: 400. Description: Bad Request: message can't be edited

2026-02-04 21:52:55
DEL_MES_BTN - A request to the Telegram API was unsuccessful. Error code: 400. Description: Bad Request: message is not modified: specified new message content and reply markup are exactly the same as a current content and reply markup of the message

2026-02-04 21:53:46
EXEC SELECT ID, PASSWORD, RECOVERY FROM USER ID = 79175560062 - near "=": syntax error

2026-02-04 21:53:46
DEL_MES_BTN - A request to the Telegram API was unsuccessful. Error code: 400. Description: Bad Request: message is not modified: specified new message content and reply markup are exactly the same as a current content and reply markup of the message

2026-02-04 21:53:46
DEL_MES_BTN - A request to the Telegram API was unsuccessful. Error code: 400. Description: Bad Request: message can't be edited

2026-02-04 21:56:12
 - Бот TLG_Main подключен

2026-02-04 21:56:12
 - Бот DTB_RECOVERY_BOT подключен

2026-02-04 21:56:12
 - DTB запущен

2026-02-04 21:56:24
DEL_MES_BTN - A request to the Telegram API was unsuccessful. Error code: 400. Description: Bad Request: message is not modified: specified new message content and reply markup are exactly the same as a current content and reply markup of the message

2026-02-04 21:56:46
DEL_MES_BTN - A request to the Telegram API was unsuccessful. Error code: 400. Description: Bad Request: message is not modified: specified new message content and reply markup are exactly the same as a current content and reply markup of the message

2026-02-04 21:57:51
EXEC SELECT ID, PASSWORD, RECOVERY FROM USER ID = 79175560062 - near "=": syntax error

2026-02-04 22:02:42
 - Бот TLG_Main подключен

2026-02-04 22:02:42
 - Бот DTB_RECOVERY_BOT подключен

2026-02-04 22:02:42
 - DTB запущен

2026-02-04 22:03:37
DEL_MES_BTN - A request to the Telegram API was unsuccessful. Error code: 400. Description: Bad Request: message is not modified: specified new message content and reply markup are exactly the same as a current content and reply markup of the message

2026-02-04 22:03:48
EXEC SELECT ID, PASSWORD, RECOVERY FROM USER ID = 79175560062 - near "=": syntax error

2026-02-04 22:03:48
DEL_MES_BTN - A request to the Telegram API was unsuccessful. Error code: 400. Description: Bad Request: message is not modified: specified new message content and reply markup are exactly the same as a current content and reply markup of the message

