2026-03-04 19:33:58
Бот MAX_Main подключен

2026-03-04 19:33:58
Бот TLG_Main подключен

2026-03-04 19:33:58
Бот TLG_Second подключен

2026-03-04 19:33:58
Бот DTB_RECOVERY_BOT подключен

2026-03-04 19:33:58
DTB запущен

2026-03-04 20:35:00
Бот MAX_Main подключен

2026-03-04 20:35:00
Бот TLG_Main подключен

2026-03-04 20:35:00
Бот TLG_Second подключен

2026-03-04 20:35:00
Бот DTB_RECOVERY_BOT подключен

2026-03-04 20:35:00
DTB запущен

2026-03-04 20:57:33
Бот MAX_Main подключен

2026-03-04 20:57:33
Бот TLG_Main подключен

2026-03-04 20:57:33
Бот TLG_Second подключен

2026-03-04 20:57:33
Бот DTB_RECOVERY_BOT подключен

2026-03-04 20:57:33
DTB запущен

2026-03-04 21:05:04
Бот MAX_Main подключен

2026-03-04 21:05:04
Бот TLG_Main подключен

2026-03-04 21:05:04
Бот TLG_Second подключен

2026-03-04 21:05:04
Бот DTB_RECOVERY_BOT подключен

2026-03-04 21:05:04
DTB запущен

