2026-02-03 12:33:30
 - Бот 8491793641:AAG6md5NNzUlBY6oV0Ns0vg-ixQkMZ3JdYQ подключен

2026-02-03 12:33:30
 - DTB запущен

2026-02-03 20:23:59
 - Бот TLG_Main подключен

2026-02-03 20:23:59
 - DTB запущен

2026-02-03 20:25:09
 - DTB запущен

2026-02-03 20:25:09
 - Бот TLG_Main подключен

2026-02-03 20:25:09
 - Бот DTB_RECOVERY_BOT подключен

2026-02-03 20:26:10
Ошибка on_clearmess_timer/ Start.Main : 991033097 - name 'DTB_Btn_Tlg' is not defined

2026-02-03 20:28:24
 - Бот DTB_RECOVERY_BOT подключен

2026-02-03 20:28:24
 - DTB запущен

2026-02-03 20:28:24
 - Бот TLG_Main подключен

2026-02-03 20:30:23
 - Бот TLG_Main подключен

2026-02-03 20:30:23
 - Бот DTB_RECOVERY_BOT подключен

2026-02-03 20:30:23
 - DTB запущен

2026-02-03 21:27:23
 - Бот TLG_Main подключен

2026-02-03 21:27:23
 - Бот DTB_RECOVERY_BOT подключен

2026-02-03 21:27:23
 - DTB запущен

2026-02-03 21:29:30
 - Бот TLG_Main подключен

2026-02-03 21:29:30
 - Бот DTB_RECOVERY_BOT подключен

2026-02-03 21:29:30
 - DTB запущен

2026-02-03 22:29:07
 - Бот TLG_Main подключен

2026-02-03 22:29:07
 - Бот DTB_RECOVERY_BOT подключен

2026-02-03 22:29:07
 - DTB запущен

2026-02-03 22:44:36
 - Бот TLG_Main подключен

2026-02-03 22:44:36
 - Бот DTB_RECOVERY_BOT подключен

2026-02-03 22:44:36
 - DTB запущен

