2026-02-25 14:22:05
Бот DTB_RECOVERY_BOT подключен

2026-02-25 14:22:05
Бот TLG_Main подключен

2026-02-25 14:22:05
DTB запущен

2026-02-25 14:23:58
A request to the Telegram API was unsuccessful. Error code: 400. Description: Bad Request: message can't be deleted for everyone
DEL_MES

2026-02-25 14:24:56
A request to the Telegram API was unsuccessful. Error code: 400. Description: Bad Request: message is not modified: specified new message content and reply markup are exactly the same as a current content and reply markup of the message
DEL_MES_BTN

2026-02-25 14:25:29
A request to the Telegram API was unsuccessful. Error code: 400. Description: Bad Request: message is not modified: specified new message content and reply markup are exactly the same as a current content and reply markup of the message
DEL_MES_BTN

2026-02-25 14:25:38
A request to the Telegram API was unsuccessful. Error code: 400. Description: Bad Request: message is not modified: specified new message content and reply markup are exactly the same as a current content and reply markup of the message
DEL_MES_BTN

2026-02-25 14:26:11
A request to the Telegram API was unsuccessful. Error code: 400. Description: Bad Request: message is not modified: specified new message content and reply markup are exactly the same as a current content and reply markup of the message
DEL_MES_BTN

2026-02-25 14:28:35
A request to the Telegram API was unsuccessful. Error code: 400. Description: Bad Request: message is not modified: specified new message content and reply markup are exactly the same as a current content and reply markup of the message
DEL_MES_BTN

2026-02-25 14:28:42
A request to the Telegram API was unsuccessful. Error code: 400. Description: Bad Request: message is not modified: specified new message content and reply markup are exactly the same as a current content and reply markup of the message
DEL_MES_BTN

2026-02-25 14:28:54
A request to the Telegram API was unsuccessful. Error code: 400. Description: Bad Request: message is not modified: specified new message content and reply markup are exactly the same as a current content and reply markup of the message
DEL_MES_BTN

2026-02-25 14:29:13
A request to the Telegram API was unsuccessful. Error code: 400. Description: Bad Request: message is not modified: specified new message content and reply markup are exactly the same as a current content and reply markup of the message
DEL_MES_BTN

2026-02-25 14:29:19
A request to the Telegram API was unsuccessful. Error code: 400. Description: Bad Request: message is not modified: specified new message content and reply markup are exactly the same as a current content and reply markup of the message
DEL_MES_BTN

2026-02-25 15:56:31
Бот TLG_Main подключен

2026-02-25 15:56:31
Бот TLG_Second подключен

2026-02-25 15:56:31
Бот DTB_RECOVERY_BOT подключен

2026-02-25 15:56:31
DTB запущен

2026-02-25 15:58:29
A request to the Telegram API was unsuccessful. Error code: 400. Description: Bad Request: message is not modified: specified new message content and reply markup are exactly the same as a current content and reply markup of the message
DEL_MES_BTN

2026-02-25 15:58:52
A request to the Telegram API was unsuccessful. Error code: 400. Description: Bad Request: message is not modified: specified new message content and reply markup are exactly the same as a current content and reply markup of the message
DEL_MES_BTN

2026-02-25 15:59:09
A request to the Telegram API was unsuccessful. Error code: 400. Description: Bad Request: message is not modified: specified new message content and reply markup are exactly the same as a current content and reply markup of the message
DEL_MES_BTN

2026-02-25 17:10:24
Бот TLG_Main подключен


2026-02-25 17:10:24
Бот DTB_RECOVERY_BOT подключен

2026-02-25 17:10:24
DTB запущен

2026-02-25 17:10:53
A request to the Telegram API was unsuccessful. Error code: 400. Description: Bad Request: message is not modified: specified new message content and reply markup are exactly the same as a current content and reply markup of the message
DEL_MES_BTN

2026-02-25 17:11:00
A request to the Telegram API was unsuccessful. Error code: 400. Description: Bad Request: message is not modified: specified new message content and reply markup are exactly the same as a current content and reply markup of the message
DEL_MES_BTN

2026-02-25 17:11:27
A request to the Telegram API was unsuccessful. Error code: 400. Description: Bad Request: message is not modified: specified new message content and reply markup are exactly the same as a current content and reply markup of the message
DEL_MES_BTN

2026-02-25 17:27:40
Бот TLG_Main подключен

2026-02-25 17:27:40
Бот TLG_Second подключен

2026-02-25 17:27:40
Бот DTB_RECOVERY_BOT подключен

2026-02-25 17:27:40
DTB запущен

2026-02-25 17:27:51
A request to the Telegram API was unsuccessful. Error code: 400. Description: Bad Request: message is not modified: specified new message content and reply markup are exactly the same as a current content and reply markup of the message
DEL_MES_BTN

2026-02-25 17:28:05
A request to the Telegram API was unsuccessful. Error code: 400. Description: Bad Request: message is not modified: specified new message content and reply markup are exactly the same as a current content and reply markup of the message
DEL_MES_BTN

2026-02-25 17:28:05
A request to the Telegram API was unsuccessful. Error code: 400. Description: Bad Request: message is not modified: specified new message content and reply markup are exactly the same as a current content and reply markup of the message
DEL_MES_BTN

2026-02-25 17:28:11
A request to the Telegram API was unsuccessful. Error code: 400. Description: Bad Request: message is not modified: specified new message content and reply markup are exactly the same as a current content and reply markup of the message
DEL_MES_BTN

2026-02-25 17:28:13
A request to the Telegram API was unsuccessful. Error code: 400. Description: Bad Request: message is not modified: specified new message content and reply markup are exactly the same as a current content and reply markup of the message
DEL_MES_BTN

2026-02-25 17:28:20
A request to the Telegram API was unsuccessful. Error code: 400. Description: Bad Request: message is not modified: specified new message content and reply markup are exactly the same as a current content and reply markup of the message
DEL_MES_BTN

2026-02-25 17:28:37
A request to the Telegram API was unsuccessful. Error code: 400. Description: Bad Request: message is not modified: specified new message content and reply markup are exactly the same as a current content and reply markup of the message
DEL_MES_BTN

2026-02-25 17:28:43
A request to the Telegram API was unsuccessful. Error code: 400. Description: Bad Request: message is not modified: specified new message content and reply markup are exactly the same as a current content and reply markup of the message
DEL_MES_BTN

2026-02-25 17:28:51
A request to the Telegram API was unsuccessful. Error code: 400. Description: Bad Request: message is not modified: specified new message content and reply markup are exactly the same as a current content and reply markup of the message
DEL_MES_BTN

2026-02-25 17:29:01
A request to the Telegram API was unsuccessful. Error code: 400. Description: Bad Request: message is not modified: specified new message content and reply markup are exactly the same as a current content and reply markup of the message
DEL_MES_BTN

2026-02-25 22:55:54
Бот TLG_Main подключен

2026-02-25 22:55:54
Бот TLG_Second подключен

2026-02-25 22:55:54
Бот DTB_RECOVERY_BOT подключен

2026-02-25 22:55:54
Бот VK_Main подключен

2026-02-25 22:57:37
Бот TLG_Main подключен

2026-02-25 22:57:37
Бот TLG_Second подключен

2026-02-25 22:57:37
Бот DTB_RECOVERY_BOT подключен

2026-02-25 22:57:37
Бот VK_Main подключен

2026-02-25 22:57:37
DTB запущен

2026-02-25 23:00:34
Бот TLG_Main подключен

2026-02-25 23:00:34
Бот TLG_Second подключен

2026-02-25 23:00:34
Бот DTB_RECOVERY_BOT подключен

2026-02-25 23:00:34
Бот VK_Main подключен

2026-02-25 23:00:34
DTB запущен

2026-02-25 23:04:35
Бот TLG_Main подключен

2026-02-25 23:04:35
Бот TLG_Second подключен

2026-02-25 23:04:35
Бот DTB_RECOVERY_BOT подключен

2026-02-25 23:04:35
Бот VK_Main подключен

2026-02-25 23:04:35
DTB запущен

2026-02-25 23:06:16
[100] One of the parameters specified was missing or invalid: message_id not integer
DEL_MES

2026-02-25 23:06:19
[100] One of the parameters specified was missing or invalid: keyboard contains incorrect JSON
Ошибка on_clearmess_timer/ Start.Main : VK_Main1052448277

2026-02-25 23:10:05
Бот TLG_Main подключен

2026-02-25 23:10:05
Бот TLG_Second подключен

2026-02-25 23:10:05
Бот DTB_RECOVERY_BOT подключен

2026-02-25 23:10:05
Бот VK_Main подключен

2026-02-25 23:10:05
DTB запущен

2026-02-25 23:10:37
[100] One of the parameters specified was missing or invalid: message_id not integer
DEL_MES

