2026-02-17 16:06:28
A request to the Telegram API was unsuccessful. Error code: 400. Description: Bad Request: message can't be deleted for everyone
DEL_MES

2026-02-17 17:06:29
('Connection aborted.', ConnectionResetError(10054, 'Удаленный хост принудительно разорвал существующее подключение', None, 10054, None))
Ошибка on_clearmess_timer/ Start.Main : 991033097

2026-02-17 17:06:29
('Connection aborted.', ConnectionResetError(10054, 'Удаленный хост принудительно разорвал существующее подключение', None, 10054, None))
DEL_MES

2026-02-17 21:45:19
Бот TLG_Main подключен

2026-02-17 21:45:19
Бот DTB_RECOVERY_BOT подключен

2026-02-17 21:45:19
DTB запущен

2026-02-17 21:52:43
Бот TLG_Main подключен

2026-02-17 21:52:43
Бот DTB_RECOVERY_BOT подключен

2026-02-17 21:52:43
DTB запущен

2026-02-17 21:52:59
A request to the Telegram API was unsuccessful. Error code: 400. Description: Bad Request: message is not modified: specified new message content and reply markup are exactly the same as a current content and reply markup of the message
DEL_MES_BTN

2026-02-17 21:55:21
A request to the Telegram API was unsuccessful. Error code: 400. Description: Bad Request: message is not modified: specified new message content and reply markup are exactly the same as a current content and reply markup of the message
DEL_MES_BTN

2026-02-17 22:08:31
Бот TLG_Main подключен

2026-02-17 22:08:31
Бот DTB_RECOVERY_BOT подключен

2026-02-17 22:08:31
DTB запущен

