2026-03-18 00:23:07
mid.000000000dc3234e019cfdae58ec7483
snd

2026-03-18 00:23:07
mid.000000000dc3234e019cfd776178525b
del

2026-03-18 00:27:12
mid.000000000de64379019cfdb215fb7c1f
snd

2026-03-18 00:27:13
mid.000000000de64379019cfd7b1ec3187a
del

2026-03-18 01:23:09
mid.000000000dc3234e019cfde5507d6407
snd

2026-03-18 01:23:10
mid.000000000dc3234e019cfdae58ec7483
del

2026-03-18 01:27:14
mid.000000000de64379019cfde90d692ab9
snd

2026-03-18 01:27:15
mid.000000000de64379019cfdb215fb7c1f
del

2026-03-18 02:23:12
mid.000000000dc3234e019cfe1c47ac0953
snd

2026-03-18 02:23:12
mid.000000000dc3234e019cfde5507d6407
del

2026-03-18 02:27:17
mid.000000000de64379019cfe20059f1100
snd

2026-03-18 02:27:17
mid.000000000de64379019cfde90d692ab9
del

2026-03-18 03:23:14
mid.000000000dc3234e019cfe533f8773d1
snd

2026-03-18 03:23:15
mid.000000000dc3234e019cfe1c47ac0953
del

2026-03-18 03:27:20
mid.000000000de64379019cfe56fd6349d7
snd

2026-03-18 03:27:20
mid.000000000de64379019cfe20059f1100
del

2026-03-18 04:23:17
mid.000000000dc3234e019cfe8a3abb05d4
snd

2026-03-18 04:23:18
mid.000000000dc3234e019cfe533f8773d1
del

2026-03-18 04:27:22
mid.000000000de64379019cfe8df7e91fe3
snd

2026-03-18 04:27:23
mid.000000000de64379019cfe56fd6349d7
del

2026-03-18 05:23:20
mid.000000000dc3234e019cfec1320d7d87
snd

2026-03-18 05:23:20
mid.000000000dc3234e019cfe8a3abb05d4
del

2026-03-18 05:27:25
mid.000000000de64379019cfec4ef4e5d75
snd

2026-03-18 05:27:25
mid.000000000de64379019cfe8df7e91fe3
del

2026-03-18 06:23:22
mid.000000000dc3234e019cfef82988525f
snd

2026-03-18 06:23:22
mid.000000000dc3234e019cfec1320d7d87
del

2026-03-18 06:27:27
mid.000000000de64379019cfefbe66032ea
snd

2026-03-18 06:27:27
mid.000000000de64379019cfec4ef4e5d75
del

2026-03-18 07:23:24
mid.000000000dc3234e019cff2f20ce614a
snd

2026-03-18 07:23:25
mid.000000000dc3234e019cfef82988525f
del

2026-03-18 07:27:29
mid.000000000de64379019cff32ddd97289
snd

2026-03-18 07:27:29
mid.000000000de64379019cfefbe66032ea
del

2026-03-18 08:23:26
mid.000000000dc3234e019cff6617b006d4
snd

2026-03-18 08:23:27
mid.000000000dc3234e019cff2f20ce614a
del

2026-03-18 08:27:31
mid.000000000de64379019cff69d4735122
snd

2026-03-18 08:27:32
mid.000000000de64379019cff32ddd97289
del

2026-03-18 09:23:28
mid.000000000dc3234e019cff9d0ea5525e
snd

2026-03-18 09:23:29
mid.000000000dc3234e019cff6617b006d4
del

2026-03-18 09:27:33
mid.000000000de64379019cffa0cba82f48
snd

2026-03-18 09:27:34
mid.000000000de64379019cff69d4735122
del

2026-03-18 10:23:31
mid.000000000dc3234e019cffd406c108f6
snd

2026-03-18 10:23:31
mid.000000000dc3234e019cff9d0ea5525e
del

2026-03-18 10:27:36
mid.000000000de64379019cffd7c3a305d4
snd

2026-03-18 10:27:36
mid.000000000de64379019cffa0cba82f48
del

2026-03-18 11:23:33
mid.000000000dc3234e019d000afd3f5d75
snd

2026-03-18 11:23:33
mid.000000000dc3234e019cffd406c108f6
del

2026-03-18 11:27:38
mid.000000000de64379019d000eba2e062d
snd

2026-03-18 11:27:38
mid.000000000de64379019cffd7c3a305d4
del

2026-03-18 12:23:35
mid.000000000dc3234e019d0041f45c47f9
snd

2026-03-18 12:23:35
mid.000000000dc3234e019d000afd3f5d75
del

2026-03-18 12:27:40
mid.000000000de64379019d0045b14a68dc
snd

2026-03-18 12:27:41
mid.000000000de64379019d000eba2e062d
del

2026-03-18 13:23:37
mid.000000000dc3234e019d0078ec0f7c1f
snd

2026-03-18 13:23:38
mid.000000000dc3234e019d0041f45c47f9
del

2026-03-18 13:27:42
mid.000000000de64379019d007ca9521bcf
snd

2026-03-18 13:27:43
mid.000000000de64379019d0045b14a68dc
del

2026-03-18 14:23:40
mid.000000000dc3234e019d00afe36b0c68
snd

2026-03-18 14:23:40
mid.000000000dc3234e019d0078ec0f7c1f
del

2026-03-18 14:27:45
mid.000000000de64379019d00b3a0c07289
snd

2026-03-18 14:27:45
mid.000000000de64379019d007ca9521bcf
del

2026-03-18 15:23:42
mid.000000000dc3234e019d00e6daed4b55
snd

2026-03-18 15:23:42
mid.000000000dc3234e019d00afe36b0c68
del

2026-03-18 15:27:47
mid.000000000de64379019d00ea986f2418
snd

2026-03-18 15:27:48
mid.000000000de64379019d00b3a0c07289
del

2026-03-18 15:59:22
{'callback': {'timestamp': 1773838762150, 'callback_id': 'f9LHodD0cOLaZlxFmw6l0MVXwnYnNC_6r_eT50fXnXsIaC4TVJs5NOizUM3QfWbwhzeV5wLfKu_QK1r0nG_L_Fu9qx1eILEpyiTTbT37Co5gigkibvPG', 'user': {'user_id': 23645861, 'first_name': 'Дмитрий', 'last_name': 'Марков', 'is_bot': False, 'last_activity_time': 1773838752000, 'name': 'Дмитрий Марков'}, 'payload': 'Start'}, 'message': {'recipient': {'chat_id': 230892366, 'chat_type': 'dialog', 'user_id': 23645861}, 'timestamp': 1773836622573, 'body': {'mid': 'mid.000000000dc3234e019d00e6daed4b55', 'seq': 116250156896963413, 'text': 'Бот-генератор токенов доступа v.1.2.', 'attachments': [{'callback_id': 'f9LHodD0cOJb3W1pEZMyRM070vrD5Qi-3GJ6BR-UtbQ2dy-HWRCEI-u1NXTUb9V_GlM3PgTev8GXrK4MMdt0icKNSWvoXqH8meF3qF_ZPKa2fHH5FVeW', 'payload': {'buttons': [[{'payload': 'Start', 'text': 'Начать', 'intent': 'default', 'type': 'callback'}]]}, 'type': 'inline_keyboard'}]}, 'sender': {'user_id': 212594155, 'first_name': 'DASHA_TOKEN_2_BOT', 'username': 'id575104156000_2_bot', 'is_bot': True, 'last_activity_time': 1773838762318, 'name': 'DASHA_TOKEN_2_BOT'}}, 'timestamp': 1773838762150, 'user_locale': 'ru', 'update_type': 'message_callback'}
clb

2026-03-18 15:59:22
mid.000000000dc3234e019d010783780959
snd

2026-03-18 15:59:23
mid.000000000dc3234e019d00e6daed4b55
del

2026-03-18 15:59:23
mid.000000000dc3234e019d010787716824
snd

2026-03-18 15:59:24
mid.000000000dc3234e019d01078b9334b1
snd

2026-03-18 15:59:25
mid.000000000dc3234e019d010783780959
del

2026-03-18 15:59:26
{'callback': {'timestamp': 1773838766763, 'callback_id': 'f9LHodD0cOItVCJFdQefjgRjmNpWuujhYk0MaL_vDJF1nBw8VMg9Hy9MkRcnYOUonc2T8PI3diiV8U7JVRbCnU_gl5iiEbH_nrNfhPUyaF3k1UaTVrTv', 'user': {'user_id': 23645861, 'first_name': 'Дмитрий', 'last_name': 'Марков', 'is_bot': False, 'last_activity_time': 1773838752000, 'name': 'Дмитрий Марков'}, 'payload': 'KBRD.9'}, 'message': {'recipient': {'chat_id': 230892366, 'chat_type': 'dialog', 'user_id': 23645861}, 'timestamp': 1773838764947, 'body': {'mid': 'mid.000000000dc3234e019d01078b9334b1', 'seq': 116250297299580081, 'text': 'Введите код доступа:  _ _ _ _', 'attachments': [{'callback_id': 'f9LHodD0cOJ3OoPLmz7PZt49EC6e9ICwVkO2FcCrgqE_YplM793WNKgohJWUcmLYsqjieqbEWXmFQcBsl9Zxuv2Qr-lps2RIWjGLRgwacbfbhgybOcnq', 'payload': {'buttons': [[{'payload': 'KBRD.7', 'text': '7', 'intent': 'default', 'type': 'callback'}, {'payload': 'KBRD.8', 'text': '8', 'intent': 'default', 'type': 'callback'}, {'payload': 'KBRD.9', 'text': '9', 'intent': 'default', 'type': 'callback'}], [{'payload': 'KBRD.4', 'text': '4', 'intent': 'default', 'type': 'callback'}, {'payload': 'KBRD.5', 'text': '5', 'intent': 'default', 'type': 'callback'}, {'payload': 'KBRD.6', 'text': '6', 'intent': 'default', 'type': 'callback'}], [{'payload': 'KBRD.3', 'text': '3', 'intent': 'default', 'type': 'callback'}, {'payload': 'KBRD.2', 'text': '2', 'intent': 'default', 'type': 'callback'}, {'payload': 'KBRD.1', 'text': '1', 'intent': 'default', 'type': 'callback'}], [{'payload': 'KBRD.0', 'text': '0', 'intent': 'default', 'type': 'callback'}, {'payload': 'KBRD.Cancel', 'text': 'Сброс', 'intent': 'default', 'type': 'callback'}], [{'payload': 'RecoveryAuthorization', 'text': 'Восстановление доступа', 'intent': 'default', 'type': 'callback'}], [{'payload': 'CancelCurrentOperation', 'text': 'Прервать операцию', 'intent': 'default', 'type': 'callback'}]]}, 'type': 'inline_keyboard'}], 'markup': [{'from': 21, 'length': 8, 'type': 'strong'}]}, 'sender': {'user_id': 212594155, 'first_name': 'DASHA_TOKEN_2_BOT', 'username': 'id575104156000_2_bot', 'is_bot': True, 'last_activity_time': 1773838766936, 'name': 'DASHA_TOKEN_2_BOT'}}, 'timestamp': 1773838766763, 'user_locale': 'ru', 'update_type': 'message_callback'}
clb

2026-03-18 15:59:27
23645861
edt

2026-03-18 15:59:27
{'callback': {'timestamp': 1773838767213, 'callback_id': 'f9LHodD0cOJufTsuvtwClfVscUOJAza_MPbd0WaB9gLcyb4dQE28q6vUb0lTKXhY1hLu_IKvtD_fFfM9js1_xmtJP5sZB8wTJ84BeFXJyDdX7qh0AK5m', 'user': {'user_id': 23645861, 'first_name': 'Дмитрий', 'last_name': 'Марков', 'is_bot': False, 'last_activity_time': 1773838752000, 'name': 'Дмитрий Марков'}, 'payload': 'KBRD.9'}, 'message': {'recipient': {'chat_id': 230892366, 'chat_type': 'dialog', 'user_id': 23645861}, 'timestamp': 1773838764947, 'body': {'mid': 'mid.000000000dc3234e019d01078b9334b1', 'seq': 116250297299580081, 'text': 'Введите код доступа:  * _ _ _', 'attachments': [{'callback_id': 'f9LHodD0cOKS75-HNwVvTp8MupMPf1yWEPSxmdE6CUFGdOJy2MnG06HAbghHGi1jukcvoxRKP3XoQHAJO9fTFRLAUljBWCZBXwxbYsHmjMAzq9iGJgQJ', 'payload': {'buttons': [[{'payload': 'KBRD.7', 'text': '7', 'intent': 'default', 'type': 'callback'}, {'payload': 'KBRD.8', 'text': '8', 'intent': 'default', 'type': 'callback'}, {'payload': 'KBRD.9', 'text': '9', 'intent': 'default', 'type': 'callback'}], [{'payload': 'KBRD.4', 'text': '4', 'intent': 'default', 'type': 'callback'}, {'payload': 'KBRD.5', 'text': '5', 'intent': 'default', 'type': 'callback'}, {'payload': 'KBRD.6', 'text': '6', 'intent': 'default', 'type': 'callback'}], [{'payload': 'KBRD.3', 'text': '3', 'intent': 'default', 'type': 'callback'}, {'payload': 'KBRD.2', 'text': '2', 'intent': 'default', 'type': 'callback'}, {'payload': 'KBRD.1', 'text': '1', 'intent': 'default', 'type': 'callback'}], [{'payload': 'KBRD.0', 'text': '0', 'intent': 'default', 'type': 'callback'}, {'payload': 'KBRD.Cancel', 'text': 'Сброс', 'intent': 'default', 'type': 'callback'}], [{'payload': 'RecoveryAuthorization', 'text': 'Восстановление доступа', 'intent': 'default', 'type': 'callback'}], [{'payload': 'CancelCurrentOperation', 'text': 'Прервать операцию', 'intent': 'default', 'type': 'callback'}]]}, 'type': 'inline_keyboard'}], 'markup': [{'from': 21, 'length': 8, 'type': 'strong'}]}, 'sender': {'user_id': 212594155, 'first_name': 'DASHA_TOKEN_2_BOT', 'username': 'id575104156000_2_bot', 'is_bot': True, 'last_activity_time': 1773838767902, 'name': 'DASHA_TOKEN_2_BOT'}}, 'timestamp': 1773838767213, 'user_locale': 'ru', 'update_type': 'message_callback'}
clb

2026-03-18 15:59:28
23645861
edt

2026-03-18 15:59:28
{'callback': {'timestamp': 1773838767642, 'callback_id': 'f9LHodD0cOK6v1coYpn1z2cw4wE3jqEq388tav0XjLObcto7ltgz_efEIUGeNcrEr5vU4GE7i6zF7BhSRCg4GKsyq6zJgZnZlkl1qQzZMxiEyCkM6CQB', 'user': {'user_id': 23645861, 'first_name': 'Дмитрий', 'last_name': 'Марков', 'is_bot': False, 'last_activity_time': 1773838752000, 'name': 'Дмитрий Марков'}, 'payload': 'KBRD.9'}, 'message': {'recipient': {'chat_id': 230892366, 'chat_type': 'dialog', 'user_id': 23645861}, 'timestamp': 1773838764947, 'body': {'mid': 'mid.000000000dc3234e019d01078b9334b1', 'seq': 116250297299580081, 'text': 'Введите код доступа:  * _ _ _', 'attachments': [{'callback_id': 'f9LHodD0cOIBAKdf31f7WcnrKJwftiO3uKHdcDfGhQ4StZ_5r8nGtsoqNxEAyvg_aDFYlg5bmP6Y4C7xFdG3JiXT1efPGNfHQUz0XJzpnQKD6cQGhaIR', 'payload': {'buttons': [[{'payload': 'KBRD.7', 'text': '7', 'intent': 'default', 'type': 'callback'}, {'payload': 'KBRD.8', 'text': '8', 'intent': 'default', 'type': 'callback'}, {'payload': 'KBRD.9', 'text': '9', 'intent': 'default', 'type': 'callback'}], [{'payload': 'KBRD.4', 'text': '4', 'intent': 'default', 'type': 'callback'}, {'payload': 'KBRD.5', 'text': '5', 'intent': 'default', 'type': 'callback'}, {'payload': 'KBRD.6', 'text': '6', 'intent': 'default', 'type': 'callback'}], [{'payload': 'KBRD.3', 'text': '3', 'intent': 'default', 'type': 'callback'}, {'payload': 'KBRD.2', 'text': '2', 'intent': 'default', 'type': 'callback'}, {'payload': 'KBRD.1', 'text': '1', 'intent': 'default', 'type': 'callback'}], [{'payload': 'KBRD.0', 'text': '0', 'intent': 'default', 'type': 'callback'}, {'payload': 'KBRD.Cancel', 'text': 'Сброс', 'intent': 'default', 'type': 'callback'}], [{'payload': 'RecoveryAuthorization', 'text': 'Восстановление доступа', 'intent': 'default', 'type': 'callback'}], [{'payload': 'CancelCurrentOperation', 'text': 'Прервать операцию', 'intent': 'default', 'type': 'callback'}]]}, 'type': 'inline_keyboard'}], 'markup': [{'from': 21, 'length': 8, 'type': 'strong'}]}, 'sender': {'user_id': 212594155, 'first_name': 'DASHA_TOKEN_2_BOT', 'username': 'id575104156000_2_bot', 'is_bot': True, 'last_activity_time': 1773838767904, 'name': 'DASHA_TOKEN_2_BOT'}}, 'timestamp': 1773838767642, 'user_locale': 'ru', 'update_type': 'message_callback'}
clb

2026-03-18 15:59:28
23645861
edt

2026-03-18 15:59:29
{'callback': {'timestamp': 1773838768097, 'callback_id': 'f9LHodD0cOJMKFJ5kp3uacKAv1Ihz8lNc7B3TE6_yjfpX59ihJWkFPinX0yBY30NCewlLaJqZkLYzNbtZKpDie0knJO6Pc-N61zGYyIuWQpEAlmyjFVx', 'user': {'user_id': 23645861, 'first_name': 'Дмитрий', 'last_name': 'Марков', 'is_bot': False, 'last_activity_time': 1773838752000, 'name': 'Дмитрий Марков'}, 'payload': 'KBRD.9'}, 'message': {'recipient': {'chat_id': 230892366, 'chat_type': 'dialog', 'user_id': 23645861}, 'timestamp': 1773838764947, 'body': {'mid': 'mid.000000000dc3234e019d01078b9334b1', 'seq': 116250297299580081, 'text': 'Введите код доступа:  * * * _', 'attachments': [{'callback_id': 'f9LHodD0cOJfssCb94aJZ3S0TSR3VVXmperE7nLiFIvPLxlpgZJNqkR2Qdy02eaTMEr-yttD7oyxvqBCYx8pJ6CyjRLWgnxNerH9BgJgPzOdXg7biQyt', 'payload': {'buttons': [[{'payload': 'KBRD.7', 'text': '7', 'intent': 'default', 'type': 'callback'}, {'payload': 'KBRD.8', 'text': '8', 'intent': 'default', 'type': 'callback'}, {'payload': 'KBRD.9', 'text': '9', 'intent': 'default', 'type': 'callback'}], [{'payload': 'KBRD.4', 'text': '4', 'intent': 'default', 'type': 'callback'}, {'payload': 'KBRD.5', 'text': '5', 'intent': 'default', 'type': 'callback'}, {'payload': 'KBRD.6', 'text': '6', 'intent': 'default', 'type': 'callback'}], [{'payload': 'KBRD.3', 'text': '3', 'intent': 'default', 'type': 'callback'}, {'payload': 'KBRD.2', 'text': '2', 'intent': 'default', 'type': 'callback'}, {'payload': 'KBRD.1', 'text': '1', 'intent': 'default', 'type': 'callback'}], [{'payload': 'KBRD.0', 'text': '0', 'intent': 'default', 'type': 'callback'}, {'payload': 'KBRD.Cancel', 'text': 'Сброс', 'intent': 'default', 'type': 'callback'}], [{'payload': 'RecoveryAuthorization', 'text': 'Восстановление доступа', 'intent': 'default', 'type': 'callback'}], [{'payload': 'CancelCurrentOperation', 'text': 'Прервать операцию', 'intent': 'default', 'type': 'callback'}]]}, 'type': 'inline_keyboard'}], 'markup': [{'from': 21, 'length': 8, 'type': 'strong'}]}, 'sender': {'user_id': 212594155, 'first_name': 'DASHA_TOKEN_2_BOT', 'username': 'id575104156000_2_bot', 'is_bot': True, 'last_activity_time': 1773838769510, 'name': 'DASHA_TOKEN_2_BOT'}}, 'timestamp': 1773838768097, 'user_locale': 'ru', 'update_type': 'message_callback'}
clb

2026-03-18 15:59:29
23645861
edt

2026-03-18 15:59:30
mid.000000000dc3234e019d0107a1680959
snd

2026-03-18 15:59:30
mid.000000000dc3234e019d01078b9334b1
del

2026-03-18 15:59:31
mid.000000000dc3234e019d010787716824
del

2026-03-18 15:59:31
mid.000000000dc3234e019d0107a6e91fde
snd

2026-03-18 15:59:32
mid.000000000dc3234e019d0107a1680959
del

2026-03-18 16:02:39
mid.000000000dc3234e019d010a863c0959
snd

2026-03-18 16:02:40
mid.000000000dc3234e019d0107a6e91fde
del

2026-03-18 16:02:40
mid.000000000dc3234e019d010a8a02655a
snd

2026-03-18 16:02:41
mid.000000000dc3234e019d010a863c0959
del

2026-03-18 16:27:49
mid.000000000de64379019d01218d3a50a2
snd

2026-03-18 16:27:49
mid.000000000de64379019d00ea986f2418
del

2026-03-18 17:03:25
mid.000000000dc3234e019d014226c20f5d
snd

2026-03-18 17:03:25
mid.000000000dc3234e019d010a8a02655a
del

2026-03-18 17:27:52
mid.000000000de64379019d015888fd0ae3
snd

2026-03-18 17:27:52
mid.000000000de64379019d01218d3a50a2
del

2026-03-18 19:19:39
mid.000000000de64379019d01bee1f34b0c
snd

2026-03-18 19:19:40
mid.000000000dc3234e019d01bee5b257f5
snd

2026-03-18 19:19:41
mid.000000000dc3234e019d014226c20f5d
del

