2026-09-09 00:38:41
mid.000000000dc3234e01a082f57c7a54ec
snd

2026-09-09 00:38:41
mid.000000000dc3234e01a082be7cb95f7f
del

2026-09-09 00:39:43
mid.000000000de6437901a082f66dd7020d
snd

2026-09-09 00:39:44
mid.000000000de6437901a082bf6e387e39
del

2026-09-09 01:38:45
mid.000000000dc3234e01a0832c7bb0016c
snd

2026-09-09 01:38:45
mid.000000000dc3234e01a082f57c7a54ec
del

2026-09-09 01:39:47
mid.000000000de6437901a0832d6d277041
snd

2026-09-09 01:39:48
mid.000000000de6437901a082f66dd7020d
del

2026-09-09 02:38:49
mid.000000000dc3234e01a083637b707eed
snd

2026-09-09 02:38:50
mid.000000000dc3234e01a0832c7bb0016c
del

2026-09-09 02:39:51
mid.000000000de6437901a083646cc52781
snd

2026-09-09 02:39:52
mid.000000000de6437901a0832d6d277041
del

2026-09-09 03:38:53
mid.000000000dc3234e01a0839a79da0de5
snd

2026-09-09 03:38:54
mid.000000000dc3234e01a083637b707eed
del

2026-09-09 03:39:55
mid.000000000de6437901a0839b6b4b31ec
snd

2026-09-09 03:39:56
mid.000000000de6437901a083646cc52781
del

2026-09-09 04:38:58
mid.000000000dc3234e01a083d179631fb9
snd

2026-09-09 04:38:58
mid.000000000dc3234e01a0839a79da0de5
del

2026-09-09 04:40:00
mid.000000000de6437901a083d26ada2781
snd

2026-09-09 04:40:01
mid.000000000de6437901a0839b6b4b31ec
del

2026-09-09 05:39:02
mid.000000000dc3234e01a0840879e61fa8
snd

2026-09-09 05:39:03
mid.000000000dc3234e01a083d179631fb9
del

2026-09-09 05:40:05
mid.000000000de6437901a084096db90023
snd

2026-09-09 05:40:06
mid.000000000de6437901a083d26ada2781
del

2026-09-09 06:39:08
mid.000000000dc3234e01a0843f7ecf3d60
snd

2026-09-09 06:39:09
mid.000000000dc3234e01a0840879e61fa8
del

2026-09-09 06:40:10
mid.000000000de6437901a08440700e4e6e
snd

2026-09-09 06:40:11
mid.000000000de6437901a084096db90023
del

2026-09-09 07:39:12
mid.000000000dc3234e01a084767d943bad
snd

2026-09-09 07:39:13
mid.000000000dc3234e01a0843f7ecf3d60
del

2026-09-09 07:40:14
mid.000000000de6437901a084776f167e98
snd

2026-09-09 07:40:15
mid.000000000de6437901a08440700e4e6e
del

2026-09-09 08:39:17
mid.000000000dc3234e01a084ad7dd53412
snd

2026-09-09 08:39:17
mid.000000000dc3234e01a084767d943bad
del

2026-09-09 08:40:19
mid.000000000de6437901a084ae6f390bba
snd

2026-09-09 08:40:20
mid.000000000de6437901a084776f167e98
del

2026-09-09 09:39:21
mid.000000000dc3234e01a084e47cf355f3
snd

2026-09-09 09:39:22
mid.000000000dc3234e01a084ad7dd53412
del

2026-09-09 09:40:23
mid.000000000de6437901a084e56e412a41
snd

2026-09-09 09:40:24
mid.000000000de6437901a084ae6f390bba
del

2026-09-09 09:41:54
{'callback': {'timestamp': 1788936113938, 'callback_id': 'f9LHodD0cOIU5cQMA7qOp_j7qaHhef0OOOMUgSVPt2QN-yCDZrli-uOrqg0Z3F7oHocd10tD0NNEexaJq0vmdsYN8hwIdv1wFVz-jRc_5bUd8L9rAPRJ', 'user': {'user_id': 23645861, 'first_name': 'Дмитрий', 'is_bot': False, 'last_name': 'Марков', 'last_activity_time': 1788936110000, 'name': 'Дмитрий Марков'}, 'payload': 'Start'}, 'timestamp': 1788936113938, 'message': {'recipient': {'chat_type': 'dialog', 'chat_id': 233194361, 'user_id': 23645861}, 'timestamp': 1788936023617, 'body': {'mid': 'mid.000000000de6437901a084e56e412a41', 'seq': 117239711243774529, 'text': 'Бот-генератор токенов доступа v.1.2.', 'attachments': [{'payload': {'buttons': [[{'payload': 'Start', 'text': 'Начать', 'type': 'callback'}]]}, 'type': 'inline_keyboard'}]}, 'sender': {'user_id': 210669020, 'first_name': 'DASHA_TOKEN_BOT', 'is_bot': True, 'username': 'id575104156000_bot', 'last_activity_time': 1788936114558, 'name': 'DASHA_TOKEN_BOT'}}, 'user_locale': 'ru', 'update_type': 'message_callback'}
clb

2026-09-09 09:41:55
mid.000000000de6437901a084e6d5170959
snd

2026-09-09 09:41:55
mid.000000000de6437901a084e56e412a41
del

2026-09-09 09:41:56
mid.000000000de6437901a084e6d8210d38
snd

2026-09-09 09:41:56
mid.000000000de6437901a084e6db463cea
snd

2026-09-09 09:41:57
mid.000000000de6437901a084e6d5170959
del

2026-09-09 09:42:06
{'callback': {'timestamp': 1788936125855, 'callback_id': 'f9LHodD0cOKewDv7DHpG6-7tbVmNbaZygzQAcyhEx_yyq7ZSZllmm3UYNS1Sqx4CaZnLM4RsAboFogQTLZfNJMtrDE_vIl0Q7jTobkhd16yXFTitvKpV', 'user': {'user_id': 23645861, 'first_name': 'Дмитрий', 'is_bot': False, 'last_name': 'Марков', 'last_activity_time': 1788936125000, 'name': 'Дмитрий Марков'}, 'payload': 'RecoveryAuthorization'}, 'timestamp': 1788936125855, 'message': {'recipient': {'chat_type': 'dialog', 'chat_id': 233194361, 'user_id': 23645861}, 'timestamp': 1788936117062, 'body': {'mid': 'mid.000000000de6437901a084e6db463cea', 'seq': 117239717367790826, 'text': 'Введите код доступа:  _ _ _ _', 'attachments': [{'payload': {'buttons': [[{'payload': 'KBRD.7', 'text': '7', 'type': 'callback'}, {'payload': 'KBRD.8', 'text': '8', 'type': 'callback'}, {'payload': 'KBRD.9', 'text': '9', 'type': 'callback'}], [{'payload': 'KBRD.4', 'text': '4', 'type': 'callback'}, {'payload': 'KBRD.5', 'text': '5', 'type': 'callback'}, {'payload': 'KBRD.6', 'text': '6', 'type': 'callback'}], [{'payload': 'KBRD.3', 'text': '3', 'type': 'callback'}, {'payload': 'KBRD.2', 'text': '2', 'type': 'callback'}, {'payload': 'KBRD.1', 'text': '1', 'type': 'callback'}], [{'payload': 'KBRD.0', 'text': '0', 'type': 'callback'}, {'payload': 'KBRD.Cancel', 'text': 'Сброс', 'type': 'callback'}], [{'payload': 'RecoveryAuthorization', 'text': 'Восстановление доступа', 'type': 'callback'}], [{'payload': 'CancelCurrentOperation', 'text': 'Прервать операцию', 'type': 'callback'}]]}, 'type': 'inline_keyboard'}], 'markup': [{'from': 21, 'length': 8, 'type': 'strong'}]}, 'sender': {'user_id': 210669020, 'first_name': 'DASHA_TOKEN_BOT', 'is_bot': True, 'username': 'id575104156000_bot', 'last_activity_time': 1788936126490, 'name': 'DASHA_TOKEN_BOT'}}, 'user_locale': 'ru', 'update_type': 'message_callback'}
clb

2026-09-09 09:42:07
mid.000000000de6437901a084e703a80959
snd

2026-09-09 09:42:07
mid.000000000de6437901a084e6db463cea
del

2026-09-09 09:42:08
mid.000000000de6437901a084e6d8210d38
del

2026-09-09 09:42:08
mid.000000000de6437901a084e708067435
snd

2026-09-09 09:42:08
mid.000000000de6437901a084e709891a79
snd

2026-09-09 09:42:11
mid.000000000de6437901a084e71517787d
snd

2026-09-09 09:42:12
mid.000000000de6437901a084e703a80959
del

2026-09-09 09:42:42
{'message': {'recipient': {'chat_type': 'dialog', 'chat_id': 233194361, 'user_id': 210669020}, 'timestamp': 1788936162044, 'body': {'mid': 'mid.000000000de6437901a084e78afc05ed', 'seq': 117239720315717101, 'text': '566129'}, 'sender': {'user_id': 23645861, 'first_name': 'Дмитрий', 'is_bot': False, 'last_name': 'Марков', 'last_activity_time': 1788936142000, 'name': 'Дмитрий Марков'}}, 'timestamp': 1788936162044, 'user_locale': 'ru', 'update_type': 'message_created'}
txt

2026-09-09 09:42:42
mid.000000000de6437901a084e78ed70959
snd

2026-09-09 09:42:43
mid.000000000de6437901a084e78afc05ed
del

2026-09-09 09:42:43
mid.000000000de6437901a084e71517787d
del

2026-09-09 09:42:44
mid.000000000de6437901a084e7962b06b9
snd

2026-09-09 09:42:46
mid.000000000de6437901a084e79c697e69
snd

2026-09-09 09:42:46
mid.000000000de6437901a084e78ed70959
del

2026-09-09 09:42:51
{'callback': {'timestamp': 1788936170868, 'callback_id': 'f9LHodD0cOLnAKQZBKyM8utllYWelR3z_bG1yxheHT9g55JbBe9kE9Iz8iepOo0b46SveRqi2UpS0NN0hs4TPjJmT6eEihNucbif0jAvRTA4UCgdN5eq', 'user': {'user_id': 23645861, 'first_name': 'Дмитрий', 'is_bot': False, 'last_name': 'Марков', 'last_activity_time': 1788936168000, 'name': 'Дмитрий Марков'}, 'payload': 'KBRD.0'}, 'timestamp': 1788936170868, 'message': {'recipient': {'chat_type': 'dialog', 'chat_id': 233194361, 'user_id': 23645861}, 'timestamp': 1788936166505, 'body': {'mid': 'mid.000000000de6437901a084e79c697e69', 'seq': 117239720608104041, 'text': 'Введите код доступа:  _ _ _ _', 'attachments': [{'payload': {'buttons': [[{'payload': 'KBRD.7', 'text': '7', 'type': 'callback'}, {'payload': 'KBRD.8', 'text': '8', 'type': 'callback'}, {'payload': 'KBRD.9', 'text': '9', 'type': 'callback'}], [{'payload': 'KBRD.4', 'text': '4', 'type': 'callback'}, {'payload': 'KBRD.5', 'text': '5', 'type': 'callback'}, {'payload': 'KBRD.6', 'text': '6', 'type': 'callback'}], [{'payload': 'KBRD.3', 'text': '3', 'type': 'callback'}, {'payload': 'KBRD.2', 'text': '2', 'type': 'callback'}, {'payload': 'KBRD.1', 'text': '1', 'type': 'callback'}], [{'payload': 'KBRD.0', 'text': '0', 'type': 'callback'}, {'payload': 'KBRD.Cancel', 'text': 'Сброс', 'type': 'callback'}], [{'payload': 'RecoveryAuthorization', 'text': 'Восстановление доступа', 'type': 'callback'}], [{'payload': 'CancelCurrentOperation', 'text': 'Прервать операцию', 'type': 'callback'}]]}, 'type': 'inline_keyboard'}], 'markup': [{'from': 21, 'length': 8, 'type': 'strong'}]}, 'sender': {'user_id': 210669020, 'first_name': 'DASHA_TOKEN_BOT', 'is_bot': True, 'username': 'id575104156000_bot', 'last_activity_time': 1788936171469, 'name': 'DASHA_TOKEN_BOT'}}, 'user_locale': 'ru', 'update_type': 'message_callback'}
clb

2026-09-09 09:42:52
23645861
edt

2026-09-09 09:42:54
{'callback': {'timestamp': 1788936172579, 'callback_id': 'f9LHodD0cOJWrZmvpmDkFoWwhe54lJmz2MSv3iqedhJ3tq6UhxgpOaZi1c5DR-3EYyLkWGqiT5BwjyHHuLc_CZPFWMXRiLtSX303xp4R7oIZc-XWjkKp', 'user': {'user_id': 23645861, 'first_name': 'Дмитрий', 'is_bot': False, 'last_name': 'Марков', 'last_activity_time': 1788936172000, 'name': 'Дмитрий Марков'}, 'payload': 'KBRD.0'}, 'timestamp': 1788936172579, 'message': {'recipient': {'chat_type': 'dialog', 'chat_id': 233194361, 'user_id': 23645861}, 'timestamp': 1788936166505, 'body': {'mid': 'mid.000000000de6437901a084e79c697e69', 'seq': 117239720608104041, 'text': 'Введите код доступа:  * _ _ _', 'attachments': [{'payload': {'buttons': [[{'payload': 'KBRD.7', 'text': '7', 'type': 'callback'}, {'payload': 'KBRD.8', 'text': '8', 'type': 'callback'}, {'payload': 'KBRD.9', 'text': '9', 'type': 'callback'}], [{'payload': 'KBRD.4', 'text': '4', 'type': 'callback'}, {'payload': 'KBRD.5', 'text': '5', 'type': 'callback'}, {'payload': 'KBRD.6', 'text': '6', 'type': 'callback'}], [{'payload': 'KBRD.3', 'text': '3', 'type': 'callback'}, {'payload': 'KBRD.2', 'text': '2', 'type': 'callback'}, {'payload': 'KBRD.1', 'text': '1', 'type': 'callback'}], [{'payload': 'KBRD.0', 'text': '0', 'type': 'callback'}, {'payload': 'KBRD.Cancel', 'text': 'Сброс', 'type': 'callback'}], [{'payload': 'RecoveryAuthorization', 'text': 'Восстановление доступа', 'type': 'callback'}], [{'payload': 'CancelCurrentOperation', 'text': 'Прервать операцию', 'type': 'callback'}]]}, 'type': 'inline_keyboard'}], 'markup': [{'from': 21, 'length': 8, 'type': 'strong'}]}, 'sender': {'user_id': 210669020, 'first_name': 'DASHA_TOKEN_BOT', 'is_bot': True, 'username': 'id575104156000_bot', 'last_activity_time': 1788936173187, 'name': 'DASHA_TOKEN_BOT'}}, 'user_locale': 'ru', 'update_type': 'message_callback'}
clb

2026-09-09 09:42:54
23645861
edt

2026-09-09 09:42:56
{'callback': {'timestamp': 1788936175835, 'callback_id': 'f9LHodD0cOKjxsTZKZ3Pi_nCbJvhMTzPO2nlQNn0GKsV58KGd-QehjPXAw2fy2PDjqIFzA2EdwDOSyDi7iXBBHl_7GufB0NL14mgy5mdTL96xeGHw6f9', 'user': {'user_id': 23645861, 'first_name': 'Дмитрий', 'is_bot': False, 'last_name': 'Марков', 'last_activity_time': 1788936175000, 'name': 'Дмитрий Марков'}, 'payload': 'KBRD.Cancel'}, 'timestamp': 1788936175835, 'message': {'recipient': {'chat_type': 'dialog', 'chat_id': 233194361, 'user_id': 23645861}, 'timestamp': 1788936166505, 'body': {'mid': 'mid.000000000de6437901a084e79c697e69', 'seq': 117239720608104041, 'text': 'Введите код доступа:  * * _ _', 'attachments': [{'payload': {'buttons': [[{'payload': 'KBRD.7', 'text': '7', 'type': 'callback'}, {'payload': 'KBRD.8', 'text': '8', 'type': 'callback'}, {'payload': 'KBRD.9', 'text': '9', 'type': 'callback'}], [{'payload': 'KBRD.4', 'text': '4', 'type': 'callback'}, {'payload': 'KBRD.5', 'text': '5', 'type': 'callback'}, {'payload': 'KBRD.6', 'text': '6', 'type': 'callback'}], [{'payload': 'KBRD.3', 'text': '3', 'type': 'callback'}, {'payload': 'KBRD.2', 'text': '2', 'type': 'callback'}, {'payload': 'KBRD.1', 'text': '1', 'type': 'callback'}], [{'payload': 'KBRD.0', 'text': '0', 'type': 'callback'}, {'payload': 'KBRD.Cancel', 'text': 'Сброс', 'type': 'callback'}], [{'payload': 'RecoveryAuthorization', 'text': 'Восстановление доступа', 'type': 'callback'}], [{'payload': 'CancelCurrentOperation', 'text': 'Прервать операцию', 'type': 'callback'}]]}, 'type': 'inline_keyboard'}], 'markup': [{'from': 21, 'length': 8, 'type': 'strong'}]}, 'sender': {'user_id': 210669020, 'first_name': 'DASHA_TOKEN_BOT', 'is_bot': True, 'username': 'id575104156000_bot', 'last_activity_time': 1788936176448, 'name': 'DASHA_TOKEN_BOT'}}, 'user_locale': 'ru', 'update_type': 'message_callback'}
clb

2026-09-09 09:42:57
23645861
edt

2026-09-09 09:43:00
{'callback': {'timestamp': 1788936179113, 'callback_id': 'f9LHodD0cOLNUTKUr9WeIypFal9JW055hhN6DxR93-NQ1rX4xTXRhYiSrewaPxayP4Wz4NF6H5EbHe2oepCRuAq57Fu5x2GCVQ1Es5ySMD7J3sV8lHqa', 'user': {'user_id': 23645861, 'first_name': 'Дмитрий', 'is_bot': False, 'last_name': 'Марков', 'last_activity_time': 1788936178000, 'name': 'Дмитрий Марков'}, 'payload': 'KBRD.9'}, 'timestamp': 1788936179113, 'message': {'recipient': {'chat_type': 'dialog', 'chat_id': 233194361, 'user_id': 23645861}, 'timestamp': 1788936166505, 'body': {'mid': 'mid.000000000de6437901a084e79c697e69', 'seq': 117239720608104041, 'text': 'Введите код доступа:  _ _ _ _', 'attachments': [{'payload': {'buttons': [[{'payload': 'KBRD.7', 'text': '7', 'type': 'callback'}, {'payload': 'KBRD.8', 'text': '8', 'type': 'callback'}, {'payload': 'KBRD.9', 'text': '9', 'type': 'callback'}], [{'payload': 'KBRD.4', 'text': '4', 'type': 'callback'}, {'payload': 'KBRD.5', 'text': '5', 'type': 'callback'}, {'payload': 'KBRD.6', 'text': '6', 'type': 'callback'}], [{'payload': 'KBRD.3', 'text': '3', 'type': 'callback'}, {'payload': 'KBRD.2', 'text': '2', 'type': 'callback'}, {'payload': 'KBRD.1', 'text': '1', 'type': 'callback'}], [{'payload': 'KBRD.0', 'text': '0', 'type': 'callback'}, {'payload': 'KBRD.Cancel', 'text': 'Сброс', 'type': 'callback'}], [{'payload': 'RecoveryAuthorization', 'text': 'Восстановление доступа', 'type': 'callback'}], [{'payload': 'CancelCurrentOperation', 'text': 'Прервать операцию', 'type': 'callback'}]]}, 'type': 'inline_keyboard'}], 'markup': [{'from': 21, 'length': 8, 'type': 'strong'}]}, 'sender': {'user_id': 210669020, 'first_name': 'DASHA_TOKEN_BOT', 'is_bot': True, 'username': 'id575104156000_bot', 'last_activity_time': 1788936179737, 'name': 'DASHA_TOKEN_BOT'}}, 'user_locale': 'ru', 'update_type': 'message_callback'}
clb

2026-09-09 09:43:00
23645861
edt

2026-09-09 09:43:02
{'callback': {'timestamp': 1788936180511, 'callback_id': 'f9LHodD0cOLcemc76t5MLSKLqeapeMXQSItWUaXI4H-uMBTRYkfkfzcN1OZo3r8O0FsWxJLjtnDt-RrncgglFf3Dv3kXbAMdxzy7nK9GOyIoIICgLmoZ', 'user': {'user_id': 23645861, 'first_name': 'Дмитрий', 'is_bot': False, 'last_name': 'Марков', 'last_activity_time': 1788936178000, 'name': 'Дмитрий Марков'}, 'payload': 'KBRD.9'}, 'timestamp': 1788936180511, 'message': {'recipient': {'chat_type': 'dialog', 'chat_id': 233194361, 'user_id': 23645861}, 'timestamp': 1788936166505, 'body': {'mid': 'mid.000000000de6437901a084e79c697e69', 'seq': 117239720608104041, 'text': 'Введите код доступа:  * _ _ _', 'attachments': [{'payload': {'buttons': [[{'payload': 'KBRD.7', 'text': '7', 'type': 'callback'}, {'payload': 'KBRD.8', 'text': '8', 'type': 'callback'}, {'payload': 'KBRD.9', 'text': '9', 'type': 'callback'}], [{'payload': 'KBRD.4', 'text': '4', 'type': 'callback'}, {'payload': 'KBRD.5', 'text': '5', 'type': 'callback'}, {'payload': 'KBRD.6', 'text': '6', 'type': 'callback'}], [{'payload': 'KBRD.3', 'text': '3', 'type': 'callback'}, {'payload': 'KBRD.2', 'text': '2', 'type': 'callback'}, {'payload': 'KBRD.1', 'text': '1', 'type': 'callback'}], [{'payload': 'KBRD.0', 'text': '0', 'type': 'callback'}, {'payload': 'KBRD.Cancel', 'text': 'Сброс', 'type': 'callback'}], [{'payload': 'RecoveryAuthorization', 'text': 'Восстановление доступа', 'type': 'callback'}], [{'payload': 'CancelCurrentOperation', 'text': 'Прервать операцию', 'type': 'callback'}]]}, 'type': 'inline_keyboard'}], 'markup': [{'from': 21, 'length': 8, 'type': 'strong'}]}, 'sender': {'user_id': 210669020, 'first_name': 'DASHA_TOKEN_BOT', 'is_bot': True, 'username': 'id575104156000_bot', 'last_activity_time': 1788936181168, 'name': 'DASHA_TOKEN_BOT'}}, 'user_locale': 'ru', 'update_type': 'message_callback'}
clb

2026-09-09 09:43:02
23645861
edt

2026-09-09 09:43:03
{'callback': {'timestamp': 1788936181934, 'callback_id': 'f9LHodD0cOKtMJaf5-yRUDssKuMWrx1f5vlpg32q6vtQX7VKX9GRY21ThO9nNaysIEhMCmwOqP5iiCDQE8b8pSzXuk3nzsHdSH95VFJguxneIvQcvgC7', 'user': {'user_id': 23645861, 'first_name': 'Дмитрий', 'is_bot': False, 'last_name': 'Марков', 'last_activity_time': 1788936178000, 'name': 'Дмитрий Марков'}, 'payload': 'KBRD.9'}, 'timestamp': 1788936181934, 'message': {'recipient': {'chat_type': 'dialog', 'chat_id': 233194361, 'user_id': 23645861}, 'timestamp': 1788936166505, 'body': {'mid': 'mid.000000000de6437901a084e79c697e69', 'seq': 117239720608104041, 'text': 'Введите код доступа:  * * _ _', 'attachments': [{'payload': {'buttons': [[{'payload': 'KBRD.7', 'text': '7', 'type': 'callback'}, {'payload': 'KBRD.8', 'text': '8', 'type': 'callback'}, {'payload': 'KBRD.9', 'text': '9', 'type': 'callback'}], [{'payload': 'KBRD.4', 'text': '4', 'type': 'callback'}, {'payload': 'KBRD.5', 'text': '5', 'type': 'callback'}, {'payload': 'KBRD.6', 'text': '6', 'type': 'callback'}], [{'payload': 'KBRD.3', 'text': '3', 'type': 'callback'}, {'payload': 'KBRD.2', 'text': '2', 'type': 'callback'}, {'payload': 'KBRD.1', 'text': '1', 'type': 'callback'}], [{'payload': 'KBRD.0', 'text': '0', 'type': 'callback'}, {'payload': 'KBRD.Cancel', 'text': 'Сброс', 'type': 'callback'}], [{'payload': 'RecoveryAuthorization', 'text': 'Восстановление доступа', 'type': 'callback'}], [{'payload': 'CancelCurrentOperation', 'text': 'Прервать операцию', 'type': 'callback'}]]}, 'type': 'inline_keyboard'}], 'markup': [{'from': 21, 'length': 8, 'type': 'strong'}]}, 'sender': {'user_id': 210669020, 'first_name': 'DASHA_TOKEN_BOT', 'is_bot': True, 'username': 'id575104156000_bot', 'last_activity_time': 1788936183035, 'name': 'DASHA_TOKEN_BOT'}}, 'user_locale': 'ru', 'update_type': 'message_callback'}
clb

2026-09-09 09:43:04
23645861
edt

2026-09-09 09:43:05
{'callback': {'timestamp': 1788936184785, 'callback_id': 'f9LHodD0cOIRjMouLocXsnG1JHnsNj831bedUFBe_ekAOvBJBIU-ivs_R5qHpv2pYp00wN_l0N_9_QhInQbRsy2eZkyix2PqmrSBI4px7bqwbbU-PXh2', 'user': {'user_id': 23645861, 'first_name': 'Дмитрий', 'is_bot': False, 'last_name': 'Марков', 'last_activity_time': 1788936178000, 'name': 'Дмитрий Марков'}, 'payload': 'KBRD.9'}, 'timestamp': 1788936184785, 'message': {'recipient': {'chat_type': 'dialog', 'chat_id': 233194361, 'user_id': 23645861}, 'timestamp': 1788936166505, 'body': {'mid': 'mid.000000000de6437901a084e79c697e69', 'seq': 117239720608104041, 'text': 'Введите код доступа:  * * * _', 'attachments': [{'payload': {'buttons': [[{'payload': 'KBRD.7', 'text': '7', 'type': 'callback'}, {'payload': 'KBRD.8', 'text': '8', 'type': 'callback'}, {'payload': 'KBRD.9', 'text': '9', 'type': 'callback'}], [{'payload': 'KBRD.4', 'text': '4', 'type': 'callback'}, {'payload': 'KBRD.5', 'text': '5', 'type': 'callback'}, {'payload': 'KBRD.6', 'text': '6', 'type': 'callback'}], [{'payload': 'KBRD.3', 'text': '3', 'type': 'callback'}, {'payload': 'KBRD.2', 'text': '2', 'type': 'callback'}, {'payload': 'KBRD.1', 'text': '1', 'type': 'callback'}], [{'payload': 'KBRD.0', 'text': '0', 'type': 'callback'}, {'payload': 'KBRD.Cancel', 'text': 'Сброс', 'type': 'callback'}], [{'payload': 'RecoveryAuthorization', 'text': 'Восстановление доступа', 'type': 'callback'}], [{'payload': 'CancelCurrentOperation', 'text': 'Прервать операцию', 'type': 'callback'}]]}, 'type': 'inline_keyboard'}], 'markup': [{'from': 21, 'length': 8, 'type': 'strong'}]}, 'sender': {'user_id': 210669020, 'first_name': 'DASHA_TOKEN_BOT', 'is_bot': True, 'username': 'id575104156000_bot', 'last_activity_time': 1788936185405, 'name': 'DASHA_TOKEN_BOT'}}, 'user_locale': 'ru', 'update_type': 'message_callback'}
clb

2026-09-09 09:43:06
23645861
edt

2026-09-09 09:43:06
mid.000000000de6437901a084e7eb280959
snd

2026-09-09 09:43:06
mid.000000000de6437901a084e79c697e69
del

2026-09-09 09:43:07
mid.000000000de6437901a084e7962b06b9
del

2026-09-09 09:43:08
mid.000000000de6437901a084e7f2646a2b
snd

2026-09-09 09:43:09
mid.000000000de6437901a084e7f85429f2
snd

2026-09-09 09:43:10
mid.000000000de6437901a084e7eb280959
del

2026-09-09 09:43:13
{'callback': {'timestamp': 1788936192397, 'callback_id': 'f9LHodD0cOKYQPSoF41p-7Aqbs11D4rv2ylBIISX3_x5AmUv7CL5OX18hSFLge1pxkZVsccPIH6Wc4gAvcXkKuRJ7nYJmc0WasEQd10nZ83G4A9depDs', 'user': {'user_id': 23645861, 'first_name': 'Дмитрий', 'is_bot': False, 'last_name': 'Марков', 'last_activity_time': 1788936178000, 'name': 'Дмитрий Марков'}, 'payload': 'KBRD.9'}, 'timestamp': 1788936192397, 'message': {'recipient': {'chat_type': 'dialog', 'chat_id': 233194361, 'user_id': 23645861}, 'timestamp': 1788936190036, 'body': {'mid': 'mid.000000000de6437901a084e7f85429f2', 'seq': 117239722150210034, 'text': 'Введите код доступа:  _ _ _ _', 'attachments': [{'payload': {'buttons': [[{'payload': 'KBRD.7', 'text': '7', 'type': 'callback'}, {'payload': 'KBRD.8', 'text': '8', 'type': 'callback'}, {'payload': 'KBRD.9', 'text': '9', 'type': 'callback'}], [{'payload': 'KBRD.4', 'text': '4', 'type': 'callback'}, {'payload': 'KBRD.5', 'text': '5', 'type': 'callback'}, {'payload': 'KBRD.6', 'text': '6', 'type': 'callback'}], [{'payload': 'KBRD.3', 'text': '3', 'type': 'callback'}, {'payload': 'KBRD.2', 'text': '2', 'type': 'callback'}, {'payload': 'KBRD.1', 'text': '1', 'type': 'callback'}], [{'payload': 'KBRD.0', 'text': '0', 'type': 'callback'}, {'payload': 'KBRD.Cancel', 'text': 'Сброс', 'type': 'callback'}], [{'payload': 'RecoveryAuthorization', 'text': 'Восстановление доступа', 'type': 'callback'}], [{'payload': 'CancelCurrentOperation', 'text': 'Прервать операцию', 'type': 'callback'}]]}, 'type': 'inline_keyboard'}], 'markup': [{'from': 21, 'length': 8, 'type': 'strong'}]}, 'sender': {'user_id': 210669020, 'first_name': 'DASHA_TOKEN_BOT', 'is_bot': True, 'username': 'id575104156000_bot', 'last_activity_time': 1788936193002, 'name': 'DASHA_TOKEN_BOT'}}, 'user_locale': 'ru', 'update_type': 'message_callback'}
clb

2026-09-09 09:43:13
23645861
edt

2026-09-09 09:43:16
{'callback': {'timestamp': 1788936195782, 'callback_id': 'f9LHodD0cOK_hZLGb8ot1SnQDbsI2gDW5yf4c8is2_XSDbDE-8Qpk-7qU_Ly2NYeGt6J0N1RoymUIHvMSzj7iLkUALhf5irVYGnMa7KX-sPU_bo3YFMX', 'user': {'user_id': 23645861, 'first_name': 'Дмитрий', 'is_bot': False, 'last_name': 'Марков', 'last_activity_time': 1788936178000, 'name': 'Дмитрий Марков'}, 'payload': 'KBRD.9'}, 'timestamp': 1788936195782, 'message': {'recipient': {'chat_type': 'dialog', 'chat_id': 233194361, 'user_id': 23645861}, 'timestamp': 1788936190036, 'body': {'mid': 'mid.000000000de6437901a084e7f85429f2', 'seq': 117239722150210034, 'text': 'Введите код доступа:  * _ _ _', 'attachments': [{'payload': {'buttons': [[{'payload': 'KBRD.7', 'text': '7', 'type': 'callback'}, {'payload': 'KBRD.8', 'text': '8', 'type': 'callback'}, {'payload': 'KBRD.9', 'text': '9', 'type': 'callback'}], [{'payload': 'KBRD.4', 'text': '4', 'type': 'callback'}, {'payload': 'KBRD.5', 'text': '5', 'type': 'callback'}, {'payload': 'KBRD.6', 'text': '6', 'type': 'callback'}], [{'payload': 'KBRD.3', 'text': '3', 'type': 'callback'}, {'payload': 'KBRD.2', 'text': '2', 'type': 'callback'}, {'payload': 'KBRD.1', 'text': '1', 'type': 'callback'}], [{'payload': 'KBRD.0', 'text': '0', 'type': 'callback'}, {'payload': 'KBRD.Cancel', 'text': 'Сброс', 'type': 'callback'}], [{'payload': 'RecoveryAuthorization', 'text': 'Восстановление доступа', 'type': 'callback'}], [{'payload': 'CancelCurrentOperation', 'text': 'Прервать операцию', 'type': 'callback'}]]}, 'type': 'inline_keyboard'}], 'markup': [{'from': 21, 'length': 8, 'type': 'strong'}]}, 'sender': {'user_id': 210669020, 'first_name': 'DASHA_TOKEN_BOT', 'is_bot': True, 'username': 'id575104156000_bot', 'last_activity_time': 1788936196386, 'name': 'DASHA_TOKEN_BOT'}}, 'user_locale': 'ru', 'update_type': 'message_callback'}
clb

2026-09-09 09:43:16
23645861
edt

2026-09-09 09:43:18
{'callback': {'timestamp': 1788936196969, 'callback_id': 'f9LHodD0cOKOZv9I_5ql7ZxbbUCpl_UBiZ8MvFBFhifw36IJCA2TYlApVHCBJx1FmgxQ7mlw1rOqfhojKAUo86zRi7nFrqbk3WRLHxpddKR0hPgZ4qTL', 'user': {'user_id': 23645861, 'first_name': 'Дмитрий', 'is_bot': False, 'last_name': 'Марков', 'last_activity_time': 1788936197000, 'name': 'Дмитрий Марков'}, 'payload': 'KBRD.9'}, 'timestamp': 1788936196969, 'message': {'recipient': {'chat_type': 'dialog', 'chat_id': 233194361, 'user_id': 23645861}, 'timestamp': 1788936190036, 'body': {'mid': 'mid.000000000de6437901a084e7f85429f2', 'seq': 117239722150210034, 'text': 'Введите код доступа:  * * _ _', 'attachments': [{'payload': {'buttons': [[{'payload': 'KBRD.7', 'text': '7', 'type': 'callback'}, {'payload': 'KBRD.8', 'text': '8', 'type': 'callback'}, {'payload': 'KBRD.9', 'text': '9', 'type': 'callback'}], [{'payload': 'KBRD.4', 'text': '4', 'type': 'callback'}, {'payload': 'KBRD.5', 'text': '5', 'type': 'callback'}, {'payload': 'KBRD.6', 'text': '6', 'type': 'callback'}], [{'payload': 'KBRD.3', 'text': '3', 'type': 'callback'}, {'payload': 'KBRD.2', 'text': '2', 'type': 'callback'}, {'payload': 'KBRD.1', 'text': '1', 'type': 'callback'}], [{'payload': 'KBRD.0', 'text': '0', 'type': 'callback'}, {'payload': 'KBRD.Cancel', 'text': 'Сброс', 'type': 'callback'}], [{'payload': 'RecoveryAuthorization', 'text': 'Восстановление доступа', 'type': 'callback'}], [{'payload': 'CancelCurrentOperation', 'text': 'Прервать операцию', 'type': 'callback'}]]}, 'type': 'inline_keyboard'}], 'markup': [{'from': 21, 'length': 8, 'type': 'strong'}]}, 'sender': {'user_id': 210669020, 'first_name': 'DASHA_TOKEN_BOT', 'is_bot': True, 'username': 'id575104156000_bot', 'last_activity_time': 1788936197575, 'name': 'DASHA_TOKEN_BOT'}}, 'user_locale': 'ru', 'update_type': 'message_callback'}
clb

2026-09-09 09:43:18
23645861
edt

2026-09-09 09:43:20
{'callback': {'timestamp': 1788936198989, 'callback_id': 'f9LHodD0cOKCnyEIHknZNzof7-KugotikNWs3A7dtSkO-YDIUR4NxKlXhRiCJb8AqkGiy2e_aOiHuXvnZQ64MrxTAtRxwQvLHcamSSKICGf93YXedbCX', 'user': {'user_id': 23645861, 'first_name': 'Дмитрий', 'is_bot': False, 'last_name': 'Марков', 'last_activity_time': 1788936199000, 'name': 'Дмитрий Марков'}, 'payload': 'KBRD.9'}, 'timestamp': 1788936198989, 'message': {'recipient': {'chat_type': 'dialog', 'chat_id': 233194361, 'user_id': 23645861}, 'timestamp': 1788936190036, 'body': {'mid': 'mid.000000000de6437901a084e7f85429f2', 'seq': 117239722150210034, 'text': 'Введите код доступа:  * * * _', 'attachments': [{'payload': {'buttons': [[{'payload': 'KBRD.7', 'text': '7', 'type': 'callback'}, {'payload': 'KBRD.8', 'text': '8', 'type': 'callback'}, {'payload': 'KBRD.9', 'text': '9', 'type': 'callback'}], [{'payload': 'KBRD.4', 'text': '4', 'type': 'callback'}, {'payload': 'KBRD.5', 'text': '5', 'type': 'callback'}, {'payload': 'KBRD.6', 'text': '6', 'type': 'callback'}], [{'payload': 'KBRD.3', 'text': '3', 'type': 'callback'}, {'payload': 'KBRD.2', 'text': '2', 'type': 'callback'}, {'payload': 'KBRD.1', 'text': '1', 'type': 'callback'}], [{'payload': 'KBRD.0', 'text': '0', 'type': 'callback'}, {'payload': 'KBRD.Cancel', 'text': 'Сброс', 'type': 'callback'}], [{'payload': 'RecoveryAuthorization', 'text': 'Восстановление доступа', 'type': 'callback'}], [{'payload': 'CancelCurrentOperation', 'text': 'Прервать операцию', 'type': 'callback'}]]}, 'type': 'inline_keyboard'}], 'markup': [{'from': 21, 'length': 8, 'type': 'strong'}]}, 'sender': {'user_id': 210669020, 'first_name': 'DASHA_TOKEN_BOT', 'is_bot': True, 'username': 'id575104156000_bot', 'last_activity_time': 1788936199603, 'name': 'DASHA_TOKEN_BOT'}}, 'user_locale': 'ru', 'update_type': 'message_callback'}
clb

2026-09-09 09:43:20
23645861
edt

2026-09-09 09:43:21
mid.000000000de6437901a084e824d60959
snd

2026-09-09 09:43:21
mid.000000000de6437901a084e7f85429f2
del

2026-09-09 09:43:22
mid.000000000de6437901a084e7f2646a2b
del

2026-09-09 09:43:22
mid.000000000de6437901a084e709891a79
del

2026-09-09 09:43:22
mid.000000000de6437901a084e708067435
del

2026-09-09 09:43:23
mid.000000000de6437901a084e82d21427e
snd

2026-09-09 09:43:23
mid.000000000de6437901a084e824d60959
del

2026-09-09 09:43:32
{'callback': {'timestamp': 1788936211595, 'callback_id': 'f9LHodD0cOKvW_jdV_7WH9huaJBlVe5jYYx29xIHeF8T-d6asz0h6mAjv49jCssBxL50XpNGZfgpGcWGpioXvPRZxa8mR4XxWmeb0RD8O8CEm5NpVQxa', 'user': {'user_id': 23645861, 'first_name': 'Дмитрий', 'is_bot': False, 'last_name': 'Марков', 'last_activity_time': 1788936212000, 'name': 'Дмитрий Марков'}, 'payload': 'MainMenu'}, 'timestamp': 1788936211595, 'message': {'recipient': {'chat_type': 'dialog', 'chat_id': 233194361, 'user_id': 23645861}, 'timestamp': 1788936203553, 'body': {'mid': 'mid.000000000de6437901a084e82d21427e', 'seq': 117239723036066430, 'text': 'Выберите команду меню Бота или получите Новый токен.', 'attachments': [{'payload': {'buttons': [[{'payload': 'MainMenu', 'text': 'Главное меню', 'type': 'callback'}], [{'payload': 'GetNewToken', 'text': 'Новый токен', 'type': 'callback'}]]}, 'type': 'inline_keyboard'}], 'markup': [{'from': 40, 'length': 11, 'type': 'strong'}]}, 'sender': {'user_id': 210669020, 'first_name': 'DASHA_TOKEN_BOT', 'is_bot': True, 'username': 'id575104156000_bot', 'last_activity_time': 1788936212208, 'name': 'DASHA_TOKEN_BOT'}}, 'user_locale': 'ru', 'update_type': 'message_callback'}
clb

2026-09-09 09:43:33
mid.000000000de6437901a084e852ba0959
snd

2026-09-09 09:43:33
mid.000000000de6437901a084e82d21427e
del

2026-09-09 09:43:33
mid.000000000de6437901a084e855b70b3b
snd

2026-09-09 09:43:34
mid.000000000de6437901a084e852ba0959
del

2026-09-09 09:43:40
{'callback': {'timestamp': 1788936219505, 'callback_id': 'f9LHodD0cOJD0pnDQcDvqTIX1XgfHG53Q90sJmLOIhEsEeNesZrWJGswOqjV2vn4zjd8zcxlYe6IWVM-Pgt0kGx_WJjSOPuWmBQC92DDbVcZaM8Y1EE8', 'user': {'user_id': 23645861, 'first_name': 'Дмитрий', 'is_bot': False, 'last_name': 'Марков', 'last_activity_time': 1788936219000, 'name': 'Дмитрий Марков'}, 'payload': 'MenuExit'}, 'timestamp': 1788936219505, 'message': {'recipient': {'chat_type': 'dialog', 'chat_id': 233194361, 'user_id': 23645861}, 'timestamp': 1788936213943, 'body': {'mid': 'mid.000000000de6437901a084e855b70b3b', 'seq': 117239723716971323, 'text': 'Выберите команду меню Бота или получите Новый токен.', 'attachments': [{'payload': {'buttons': [[{'payload': 'MenuAuth', 'text': 'Изменить доступ', 'type': 'callback'}, {'payload': 'MenuAbout', 'text': 'О сервисе', 'type': 'callback'}], [{'payload': 'MenuDeleteChat', 'text': 'Удалить чат из сервиса', 'type': 'callback'}], [{'payload': 'MenuDeleteUser', 'text': 'Отказаться от использования сервиса', 'type': 'callback'}], [{'payload': 'GetNewToken', 'text': 'Новый токен', 'type': 'callback'}, {'payload': 'MenuExit', 'text': 'Выход из меню', 'type': 'callback'}]]}, 'type': 'inline_keyboard'}], 'markup': [{'from': 40, 'length': 11, 'type': 'strong'}]}, 'sender': {'user_id': 210669020, 'first_name': 'DASHA_TOKEN_BOT', 'is_bot': True, 'username': 'id575104156000_bot', 'last_activity_time': 1788936220096, 'name': 'DASHA_TOKEN_BOT'}}, 'user_locale': 'ru', 'update_type': 'message_callback'}
clb

2026-09-09 09:43:40
mid.000000000de6437901a084e871790959
snd

2026-09-09 09:43:41
mid.000000000de6437901a084e855b70b3b
del

2026-09-09 09:43:41
mid.000000000de6437901a084e874711a65
snd

2026-09-09 09:43:42
mid.000000000de6437901a084e871790959
del

2026-09-09 09:43:45
{'callback': {'timestamp': 1788936224018, 'callback_id': 'f9LHodD0cOJzuC6KUNZSnneuUVC8i6Wm0na9J_0U0t4AfRDrKOHebnAzhVe4bsTjsGwScNhke6GRbZ6VODIbEhMchRbjl0xocTuCjVC9hZMwPKF7MhZA', 'user': {'user_id': 23645861, 'first_name': 'Дмитрий', 'is_bot': False, 'last_name': 'Марков', 'last_activity_time': 1788936224000, 'name': 'Дмитрий Марков'}, 'payload': 'GetNewToken'}, 'timestamp': 1788936224018, 'message': {'recipient': {'chat_type': 'dialog', 'chat_id': 233194361, 'user_id': 23645861}, 'timestamp': 1788936221809, 'body': {'mid': 'mid.000000000de6437901a084e874711a65', 'seq': 117239724232481381, 'text': 'Для продолжения перейдите в Главное меню Бота или получите Новый токен.', 'attachments': [{'payload': {'buttons': [[{'payload': 'MainMenu', 'text': 'Главное меню', 'type': 'callback'}], [{'payload': 'GetNewToken', 'text': 'Новый токен', 'type': 'callback'}]]}, 'type': 'inline_keyboard'}], 'markup': [{'from': 28, 'length': 12, 'type': 'strong'}, {'from': 59, 'length': 11, 'type': 'strong'}]}, 'sender': {'user_id': 210669020, 'first_name': 'DASHA_TOKEN_BOT', 'is_bot': True, 'username': 'id575104156000_bot', 'last_activity_time': 1788936224626, 'name': 'DASHA_TOKEN_BOT'}}, 'user_locale': 'ru', 'update_type': 'message_callback'}
clb

2026-09-09 09:43:45
mid.000000000de6437901a084e883500959
snd

2026-09-09 09:43:45
mid.000000000de6437901a084e874711a65
del

2026-09-09 09:43:46
mid.000000000de6437901a084e886442f17
snd

2026-09-09 09:43:47
mid.000000000de6437901a084e889453d76
snd

2026-09-09 09:43:47
mid.000000000de6437901a084e883500959
del

2026-09-09 09:44:17
mid.000000000de6437901a084e889453d76
del

2026-09-09 09:44:17
mid.000000000de6437901a084e886442f17
del

2026-09-09 09:44:18
mid.000000000de6437901a084e902f41ac1
snd

2026-09-09 09:46:46
mid.000000000de6437901a084eb456d0959
snd

2026-09-09 09:46:46
mid.000000000de6437901a084e902f41ac1
del

2026-09-09 09:46:47
mid.000000000de6437901a084eb48762fc9
snd

2026-09-09 09:46:47
mid.000000000de6437901a084eb456d0959
del

2026-09-09 10:39:26
mid.000000000dc3234e01a0851b7d514a4b
snd

2026-09-09 10:39:26
mid.000000000dc3234e01a084e47cf355f3
del

2026-09-09 10:47:38
mid.000000000de6437901a0852301c93778
snd

2026-09-09 10:47:39
mid.000000000de6437901a084eb48762fc9
del

2026-09-09 11:39:31
mid.000000000dc3234e01a08552809073ab
snd

2026-09-09 11:39:32
mid.000000000dc3234e01a0851b7d514a4b
del

2026-09-09 11:47:43
mid.000000000de6437901a0855a03912f1b
snd

2026-09-09 11:47:44
mid.000000000de6437901a0852301c93778
del

2026-09-09 12:39:36
mid.000000000dc3234e01a0858981967feb
snd

2026-09-09 12:39:36
mid.000000000dc3234e01a08552809073ab
del

2026-09-09 12:47:48
mid.000000000de6437901a08591049750d9
snd

2026-09-09 12:47:48
mid.000000000de6437901a0855a03912f1b
del

2026-09-09 13:39:40
mid.000000000dc3234e01a085c08273426f
snd

2026-09-09 13:39:41
mid.000000000dc3234e01a0858981967feb
del

2026-09-09 13:47:53
mid.000000000de6437901a085c8050f6116
snd

2026-09-09 13:47:53
mid.000000000de6437901a08591049750d9
del

2026-09-09 14:33:28
349
edt

2026-09-09 14:33:28
349
edt

2026-09-09 14:33:30
349
edt

2026-09-09 14:33:32
349
edt

2026-09-09 14:39:45
mid.000000000dc3234e01a085f7832e2de9
snd

2026-09-09 14:39:46
mid.000000000dc3234e01a085c08273426f
del

2026-09-09 14:47:55
mid.000000000de6437901a085fefe905e93
snd

2026-09-09 14:47:56
mid.000000000de6437901a085c8050f6116
del

2026-09-09 15:39:52
mid.000000000dc3234e01a0862e8b327650
snd

2026-09-09 15:39:52
mid.000000000dc3234e01a085f7832e2de9
del

2026-09-09 15:48:02
mid.000000000de6437901a0863604ec2c45
snd

2026-09-09 15:48:02
mid.000000000de6437901a085fefe905e93
del

2026-09-09 16:39:57
mid.000000000dc3234e01a086658ee5619f
snd

2026-09-09 16:39:58
mid.000000000dc3234e01a0862e8b327650
del

2026-09-09 16:48:07
mid.000000000de6437901a0866d07af6e9c
snd

2026-09-09 16:48:08
mid.000000000de6437901a0863604ec2c45
del

2026-09-09 17:40:05
mid.000000000dc3234e01a0869c9c2d2a31
snd

2026-09-09 17:40:06
mid.000000000dc3234e01a086658ee5619f
del

2026-09-09 17:48:14
mid.000000000de6437901a086a413631ab8
snd

2026-09-09 17:48:15
mid.000000000de6437901a0866d07af6e9c
del

2026-09-09 18:40:12
mid.000000000dc3234e01a086d3a72072ed
snd

2026-09-09 18:40:13
mid.000000000dc3234e01a0869c9c2d2a31
del

2026-09-09 18:48:22
mid.000000000de6437901a086db1e314c40
snd

2026-09-09 18:48:22
mid.000000000de6437901a086a413631ab8
del

2026-09-09 19:40:20
mid.000000000dc3234e01a0870ab164241a
snd

2026-09-09 19:40:20
mid.000000000dc3234e01a086d3a72072ed
del

2026-09-09 19:48:29
mid.000000000de6437901a0871227f0546d
snd

2026-09-09 19:48:29
mid.000000000de6437901a086db1e314c40
del

2026-09-09 20:40:24
mid.000000000dc3234e01a08741b25f4a12
snd

2026-09-09 20:40:25
mid.000000000dc3234e01a0870ab164241a
del

2026-09-09 20:48:33
mid.000000000de6437901a0874929827f95
snd

2026-09-09 20:48:34
mid.000000000de6437901a0871227f0546d
del

2026-09-09 21:40:31
mid.000000000dc3234e01a08778bcf76ae7
snd

2026-09-09 21:40:32
mid.000000000dc3234e01a08741b25f4a12
del

2026-09-09 21:48:41
mid.000000000de6437901a08780338d13e1
snd

2026-09-09 21:48:41
mid.000000000de6437901a0874929827f95
del

2026-09-09 22:40:38
mid.000000000dc3234e01a087afc4f250d9
snd

2026-09-09 22:40:38
mid.000000000dc3234e01a08778bcf76ae7
del

2026-09-09 22:48:47
mid.000000000de6437901a087b73bea7296
snd

2026-09-09 22:48:48
mid.000000000de6437901a08780338d13e1
del

2026-09-09 23:40:45
mid.000000000dc3234e01a087e6cf976f39
snd

2026-09-09 23:40:46
mid.000000000dc3234e01a087afc4f250d9
del

2026-09-09 23:48:54
mid.000000000de6437901a087ee463c651f
snd

2026-09-09 23:48:55
mid.000000000de6437901a087b73bea7296
del

