2026-09-10 00:40:52
mid.000000000dc3234e01a0881dd9aa0bba
snd

2026-09-10 00:40:53
mid.000000000dc3234e01a087e6cf976f39
del

2026-09-10 00:49:01
mid.000000000de6437901a088255069673e
snd

2026-09-10 00:49:02
mid.000000000de6437901a087ee463c651f
del

2026-09-10 01:40:59
mid.000000000dc3234e01a08854e43a124f
snd

2026-09-10 01:41:00
mid.000000000dc3234e01a0881dd9aa0bba
del

2026-09-10 01:49:12
mid.000000000de6437901a0885c66eb5f16
snd

2026-09-10 01:49:12
mid.000000000de6437901a088255069673e
del

2026-09-10 02:41:13
mid.000000000dc3234e01a0888c06c315ca
snd

2026-09-10 02:41:13
mid.000000000dc3234e01a08854e43a124f
del

2026-09-10 02:49:22
mid.000000000de6437901a088937d4660d8
snd

2026-09-10 02:49:22
mid.000000000de6437901a0885c66eb5f16
del

2026-09-10 03:41:18
mid.000000000dc3234e01a088c309382781
snd

2026-09-10 03:41:18
mid.000000000dc3234e01a0888c06c315ca
del

2026-09-10 03:49:27
mid.000000000de6437901a088ca7ff330d9
snd

2026-09-10 03:49:28
mid.000000000de6437901a088937d4660d8
del

2026-09-10 04:41:23
mid.000000000dc3234e01a088fa0b546e63
snd

2026-09-10 04:41:23
mid.000000000dc3234e01a088c309382781
del

2026-09-10 04:49:32
mid.000000000de6437901a0890181ea4063
snd

2026-09-10 04:49:33
mid.000000000de6437901a088ca7ff330d9
del

2026-09-10 05:41:28
mid.000000000dc3234e01a089310c7f4f00
snd

2026-09-10 05:41:28
mid.000000000dc3234e01a088fa0b546e63
del

2026-09-10 05:49:37
mid.000000000de6437901a0893884146c94
snd

2026-09-10 05:49:38
mid.000000000de6437901a0890181ea4063
del

2026-09-10 06:41:33
mid.000000000dc3234e01a089680f432896
snd

2026-09-10 06:41:34
mid.000000000dc3234e01a089310c7f4f00
del

2026-09-10 06:49:42
mid.000000000de6437901a0896f86974d8f
snd

2026-09-10 06:49:43
mid.000000000de6437901a0893884146c94
del

2026-09-10 07:41:38
mid.000000000dc3234e01a0899f10de20c1
snd

2026-09-10 07:41:38
mid.000000000dc3234e01a089680f432896
del

2026-09-10 07:49:47
mid.000000000de6437901a089a6874114f5
snd

2026-09-10 07:49:47
mid.000000000de6437901a0896f86974d8f
del

2026-09-10 08:41:43
mid.000000000dc3234e01a089d612ce3d9a
snd

2026-09-10 08:41:43
mid.000000000dc3234e01a0899f10de20c1
del

2026-09-10 08:49:52
mid.000000000de6437901a089dd8a077133
snd

2026-09-10 08:49:53
mid.000000000de6437901a089a6874114f5
del

2026-09-10 09:41:48
mid.000000000dc3234e01a08a0d160c6ae7
snd

2026-09-10 09:41:49
mid.000000000dc3234e01a089d612ce3d9a
del

2026-09-10 09:49:57
mid.000000000de6437901a08a148c5f2d5e
snd

2026-09-10 09:49:57
mid.000000000de6437901a089dd8a077133
del

2026-09-10 10:41:53
mid.000000000dc3234e01a08a44179d72ed
snd

2026-09-10 10:41:54
mid.000000000dc3234e01a08a0d160c6ae7
del

2026-09-10 10:50:02
mid.000000000de6437901a08a4b8e6c72d0
snd

2026-09-10 10:50:03
mid.000000000de6437901a08a148c5f2d5e
del

2026-09-10 11:41:56
mid.000000000dc3234e01a08a7b12337eed
snd

2026-09-10 11:41:56
mid.000000000dc3234e01a08a44179d72ed
del

2026-09-10 11:50:05
mid.000000000de6437901a08a82884a0e58
snd

2026-09-10 11:50:06
mid.000000000de6437901a08a4b8e6c72d0
del

2026-09-10 12:42:01
mid.000000000dc3234e01a08ab213113412
snd

2026-09-10 12:42:01
mid.000000000dc3234e01a08a7b12337eed
del

2026-09-10 12:50:10
mid.000000000de6437901a08ab98a2e478f
snd

2026-09-10 12:50:11
mid.000000000de6437901a08a82884a0e58
del

2026-09-10 13:42:06
mid.000000000dc3234e01a08ae916413565
snd

2026-09-10 13:42:07
mid.000000000dc3234e01a08ab213113412
del

2026-09-10 13:50:15
mid.000000000de6437901a08af08d6f3391
snd

2026-09-10 13:50:16
mid.000000000de6437901a08ab98a2e478f
del

2026-09-10 14:42:11
mid.000000000dc3234e01a08b2018e15e3f
snd

2026-09-10 14:42:12
mid.000000000dc3234e01a08ae916413565
del

2026-09-10 14:50:20
mid.000000000de6437901a08b278fcf2cc3
snd

2026-09-10 14:50:21
mid.000000000de6437901a08af08d6f3391
del

2026-09-10 15:42:16
mid.000000000dc3234e01a08b571b150cb9
snd

2026-09-10 15:42:17
mid.000000000dc3234e01a08b2018e15e3f
del

2026-09-10 15:50:26
mid.000000000de6437901a08b5e92792a2d
snd

2026-09-10 15:50:26
mid.000000000de6437901a08b278fcf2cc3
del

2026-09-10 16:42:22
mid.000000000dc3234e01a08b8e1e5a6712
snd

2026-09-10 16:42:22
mid.000000000dc3234e01a08b571b150cb9
del

2026-09-10 16:50:31
mid.000000000de6437901a08b95952f18e5
snd

2026-09-10 16:50:31
mid.000000000de6437901a08b5e92792a2d
del

2026-09-10 17:42:27
mid.000000000dc3234e01a08bc521910cf8
snd

2026-09-10 17:42:27
mid.000000000dc3234e01a08b8e1e5a6712
del

2026-09-10 17:50:54
mid.000000000de6437901a08b95952f18e5
del

2026-09-10 18:42:50
mid.000000000dc3234e01a08bfc69c7318e
snd

2026-09-10 18:42:50
mid.000000000dc3234e01a08bc521910cf8
del

2026-09-10 19:43:00
mid.000000000dc3234e01a08c337fd6106b
snd

2026-09-10 19:43:00
mid.000000000dc3234e01a08bfc69c7318e
del

2026-09-10 20:43:04
mid.000000000dc3234e01a08c6a7d8e4941
snd

2026-09-10 20:43:04
mid.000000000dc3234e01a08c337fd6106b
del

2026-09-10 21:43:08
mid.000000000dc3234e01a08ca17bd13c6a
snd

2026-09-10 21:43:09
mid.000000000dc3234e01a08c6a7d8e4941
del

2026-09-10 22:31:28
{'callback': {'timestamp': 1789060007797, 'callback_id': 'f9LHodD0cOKBbQmbUA_PJRrEIRuug2B5OAPRHvflwZv8l_cA-axDj8nYTDgeSC6ijiOt-epkEEPOnbAFX3K-V6Rh7EBaib9ItyltZXJepbd8E0Ul2PAq', 'user': {'user_id': 23645861, 'first_name': 'Дмитрий', 'is_bot': False, 'last_name': 'Марков', 'last_activity_time': 1789067525000, 'name': 'Дмитрий Марков'}, 'payload': 'Start'}, 'timestamp': 1789060007797, 'message': {'recipient': {'chat_type': 'dialog', 'chat_id': 230892366, 'user_id': 23645861}, 'timestamp': 1789058580438, 'body': {'mid': 'mid.000000000dc3234e01a08c337fd6106b', 'seq': 117247743127588971, 'text': 'Бот-генератор токенов доступа v.1.2.', 'attachments': [{'payload': {'buttons': [[{'payload': 'Start', 'text': 'Начать', 'type': 'callback'}]]}, 'type': 'inline_keyboard'}]}, 'sender': {'user_id': 212594155, 'first_name': 'DASHA_TOKEN_2_BOT', 'is_bot': True, 'username': 'id575104156000_2_bot', 'last_activity_time': 1789068680175, 'name': 'DASHA_TOKEN_2_BOT'}}, 'user_locale': 'ru', 'update_type': 'message_callback'}
clb

2026-09-10 22:31:29
{'message': {'recipient': {'chat_type': 'dialog', 'chat_id': 233194361, 'user_id': 210669020}, 'timestamp': 1789059991773, 'body': {'mid': 'mid.000000000de6437901a08c4908dd412f', 'seq': 117247835620852015, 'text': 'Мро'}, 'sender': {'user_id': 23645861, 'first_name': 'Дмитрий', 'is_bot': False, 'last_name': 'Марков', 'last_activity_time': 1789067525000, 'name': 'Дмитрий Марков'}}, 'timestamp': 1789059991773, 'user_locale': 'ru', 'update_type': 'message_created'}
txt

2026-09-10 22:31:29
mid.000000000de6437901a08ccdc1590959
snd

2026-09-10 22:31:30
mid.000000000de6437901a08c4908dd412f
del

2026-09-10 22:31:30
mid.000000000de6437901a08ccdc44a1105
snd

2026-09-10 22:31:30
mid.000000000de6437901a08ccdc1590959
del

2026-09-10 22:31:31
mid.000000000dc3234e01a08ccdc8fe0959
snd

2026-09-10 22:31:32
mid.000000000dc3234e01a08ca17bd13c6a
del

2026-09-10 22:31:32
mid.000000000dc3234e01a08ccdcbf926ee
snd

2026-09-10 22:31:33
mid.000000000dc3234e01a08ccdcee6091d
snd

2026-09-10 22:31:33
mid.000000000dc3234e01a08ccdc8fe0959
del

2026-09-10 22:31:33
{'callback': {'timestamp': 1789060011447, 'callback_id': 'f9LHodD0cOIhyLvfzfKaxRYdihHAmE1LgiZjJafddtwWZMrcdxFIP0qemiJCio2BUxUXTNHWtgCz1u2CDduQx3No5SYX2g5r5pvV_tA07L9AvZUK7YOv', 'user': {'user_id': 23645861, 'first_name': 'Дмитрий', 'is_bot': False, 'last_name': 'Марков', 'last_activity_time': 1789067525000, 'name': 'Дмитрий Марков'}, 'payload': 'Start'}, 'timestamp': 1789060011447, 'message': {'recipient': {'chat_type': 'dialog', 'chat_id': 230892366, 'user_id': 23645861}, 'timestamp': 1789058580438, 'body': {'mid': 'mid.000000000dc3234e01a08c337fd6106b', 'seq': 117247743127588971, 'text': 'Бот-генератор токенов доступа v.1.2.', 'attachments': [{'payload': {'buttons': [[{'payload': 'Start', 'text': 'Начать', 'type': 'callback'}]]}, 'type': 'inline_keyboard'}]}, 'sender': {'user_id': 212594155, 'first_name': 'DASHA_TOKEN_2_BOT', 'is_bot': True, 'username': 'id575104156000_2_bot', 'last_activity_time': 1789068680176, 'name': 'DASHA_TOKEN_2_BOT'}}, 'user_locale': 'ru', 'update_type': 'message_callback'}
clb

2026-09-10 22:31:33
string indices must be integers, not 'str'
snd-err

2026-09-10 22:31:34
mid.000000000dc3234e01a08ccdcee6091d
del

2026-09-10 22:31:34
mid.000000000dc3234e01a08ccdcbf926ee
del

2026-09-10 22:31:35
mid.000000000dc3234e01a08ccdd5f5337c
snd

2026-09-10 22:31:35
mid.000000000dc3234e01a08ccdd95b60d7
snd

2026-09-10 22:32:12
{'callback': {'timestamp': 1789068730179, 'callback_id': 'f9LHodD0cOLBKT_RxqZL2iT1kJ4_0d363P4G0X7N3S3Lr-IH1TnxNweXbctrynSLy3XsRMP-AxuWYt4vgn3fAOumN97VYzEe_nGpz8iFQ3FRmgYeKgv1', 'user': {'user_id': 23645861, 'first_name': 'Дмитрий', 'is_bot': False, 'last_name': 'Марков', 'last_activity_time': 1789068720000, 'name': 'Дмитрий Марков'}, 'payload': 'Authorization'}, 'timestamp': 1789068730179, 'message': {'recipient': {'chat_type': 'dialog', 'chat_id': 233194361, 'user_id': 23645861}, 'timestamp': 1789068690506, 'body': {'mid': 'mid.000000000de6437901a08ccdc44a1105', 'seq': 117248405701005573, 'text': 'Текст для RequiredAuthorization не найден', 'attachments': [{'payload': {'buttons': [[{'payload': 'Authorization', 'text': 'Авторизоваться', 'type': 'callback'}]]}, 'type': 'inline_keyboard'}], 'markup': [{'from': 10, 'length': 21, 'type': 'strong'}]}, 'sender': {'user_id': 210669020, 'first_name': 'DASHA_TOKEN_BOT', 'is_bot': True, 'username': 'id575104156000_bot', 'last_activity_time': 1789068732179, 'name': 'DASHA_TOKEN_BOT'}}, 'user_locale': 'ru', 'update_type': 'message_callback'}
clb

2026-09-10 22:32:13
mid.000000000de6437901a08cce6aa90959
snd

2026-09-10 22:32:13
mid.000000000de6437901a08ccdc44a1105
del

2026-09-10 22:32:13
mid.000000000de6437901a08cce6d946341
snd

2026-09-10 22:32:14
mid.000000000de6437901a08cce70b0083b
snd

2026-09-10 22:32:15
mid.000000000de6437901a08cce6aa90959
del

2026-09-10 22:32:27
{'callback': {'timestamp': 1789068736097, 'callback_id': 'f9LHodD0cOINBS6bMrS-UR4AZIAbaVX-iAPJJ5-sSzzv_cxfCuteW1gQmJIUHF9KAAHbmgclaJkpC4flxQXebrOU9W80-KdQ2TdfkBfCjV-Om2_ZN4dm', 'user': {'user_id': 23645861, 'first_name': 'Дмитрий', 'is_bot': False, 'last_name': 'Марков', 'last_activity_time': 1789068745000, 'name': 'Дмитрий Марков'}, 'payload': 'KBRD.0'}, 'timestamp': 1789068736097, 'message': {'recipient': {'chat_type': 'dialog', 'chat_id': 233194361, 'user_id': 23645861}, 'timestamp': 1789068734640, 'body': {'mid': 'mid.000000000de6437901a08cce70b0083b', 'seq': 117248408593369147, 'text': 'Введите код доступа:  _ _ _ _', 'attachments': [{'payload': {'buttons': [[{'payload': 'KBRD.7', 'text': '7', 'type': 'callback'}, {'payload': 'KBRD.8', 'text': '8', 'type': 'callback'}, {'payload': 'KBRD.9', 'text': '9', 'type': 'callback'}], [{'payload': 'KBRD.4', 'text': '4', 'type': 'callback'}, {'payload': 'KBRD.5', 'text': '5', 'type': 'callback'}, {'payload': 'KBRD.6', 'text': '6', 'type': 'callback'}], [{'payload': 'KBRD.3', 'text': '3', 'type': 'callback'}, {'payload': 'KBRD.2', 'text': '2', 'type': 'callback'}, {'payload': 'KBRD.1', 'text': '1', 'type': 'callback'}], [{'payload': 'KBRD.0', 'text': '0', 'type': 'callback'}, {'payload': 'KBRD.Cancel', 'text': 'Сброс', 'type': 'callback'}], [{'payload': 'RecoveryAuthorization', 'text': 'Восстановление доступа', 'type': 'callback'}], [{'payload': 'CancelCurrentOperation', 'text': 'Прервать операцию', 'type': 'callback'}]]}, 'type': 'inline_keyboard'}], 'markup': [{'from': 21, 'length': 8, 'type': 'strong'}]}, 'sender': {'user_id': 210669020, 'first_name': 'DASHA_TOKEN_BOT', 'is_bot': True, 'username': 'id575104156000_bot', 'last_activity_time': 1789068746187, 'name': 'DASHA_TOKEN_BOT'}}, 'user_locale': 'ru', 'update_type': 'message_callback'}
clb

2026-09-10 22:32:27
23645861
edt

2026-09-10 22:32:27
{'callback': {'timestamp': 1789068740482, 'callback_id': 'f9LHodD0cOKtyk--3FMX7hyFb8ln3P9LVAN_GKFxmPqJv6IRr-YlRIVAV2im0_x2InqQxtsKeI2aQmpeX93tTYBKFSwBOnTHCmPBVEzAkh4cFcWYDMik', 'user': {'user_id': 23645861, 'first_name': 'Дмитрий', 'is_bot': False, 'last_name': 'Марков', 'last_activity_time': 1789068745000, 'name': 'Дмитрий Марков'}, 'payload': 'KBRD.0'}, 'timestamp': 1789068740482, 'message': {'recipient': {'chat_type': 'dialog', 'chat_id': 233194361, 'user_id': 23645861}, 'timestamp': 1789068734640, 'body': {'mid': 'mid.000000000de6437901a08cce70b0083b', 'seq': 117248408593369147, 'text': 'Введите код доступа:  _ _ _ _', 'attachments': [{'payload': {'buttons': [[{'payload': 'KBRD.7', 'text': '7', 'type': 'callback'}, {'payload': 'KBRD.8', 'text': '8', 'type': 'callback'}, {'payload': 'KBRD.9', 'text': '9', 'type': 'callback'}], [{'payload': 'KBRD.4', 'text': '4', 'type': 'callback'}, {'payload': 'KBRD.5', 'text': '5', 'type': 'callback'}, {'payload': 'KBRD.6', 'text': '6', 'type': 'callback'}], [{'payload': 'KBRD.3', 'text': '3', 'type': 'callback'}, {'payload': 'KBRD.2', 'text': '2', 'type': 'callback'}, {'payload': 'KBRD.1', 'text': '1', 'type': 'callback'}], [{'payload': 'KBRD.0', 'text': '0', 'type': 'callback'}, {'payload': 'KBRD.Cancel', 'text': 'Сброс', 'type': 'callback'}], [{'payload': 'RecoveryAuthorization', 'text': 'Восстановление доступа', 'type': 'callback'}], [{'payload': 'CancelCurrentOperation', 'text': 'Прервать операцию', 'type': 'callback'}]]}, 'type': 'inline_keyboard'}], 'markup': [{'from': 21, 'length': 8, 'type': 'strong'}]}, 'sender': {'user_id': 210669020, 'first_name': 'DASHA_TOKEN_BOT', 'is_bot': True, 'username': 'id575104156000_bot', 'last_activity_time': 1789068746190, 'name': 'DASHA_TOKEN_BOT'}}, 'user_locale': 'ru', 'update_type': 'message_callback'}
clb

2026-09-10 22:32:28
23645861
edt

2026-09-10 22:32:28
{'callback': {'timestamp': 1789068745504, 'callback_id': 'f9LHodD0cOJJlUShJ6c06VTPMdmuQ5Hxweiw0rEwrdjhsNReV9SdWdLnH5HiN6BccSZOt24kHA5nWUuATCY15vgD1YI92ZVWkcOw7UIeMWu1QAFLztNx', 'user': {'user_id': 23645861, 'first_name': 'Дмитрий', 'is_bot': False, 'last_name': 'Марков', 'last_activity_time': 1789068745000, 'name': 'Дмитрий Марков'}, 'payload': 'KBRD.0'}, 'timestamp': 1789068745504, 'message': {'recipient': {'chat_type': 'dialog', 'chat_id': 233194361, 'user_id': 23645861}, 'timestamp': 1789068734640, 'body': {'mid': 'mid.000000000de6437901a08cce70b0083b', 'seq': 117248408593369147, 'text': 'Введите код доступа:  _ _ _ _', 'attachments': [{'payload': {'buttons': [[{'payload': 'KBRD.7', 'text': '7', 'type': 'callback'}, {'payload': 'KBRD.8', 'text': '8', 'type': 'callback'}, {'payload': 'KBRD.9', 'text': '9', 'type': 'callback'}], [{'payload': 'KBRD.4', 'text': '4', 'type': 'callback'}, {'payload': 'KBRD.5', 'text': '5', 'type': 'callback'}, {'payload': 'KBRD.6', 'text': '6', 'type': 'callback'}], [{'payload': 'KBRD.3', 'text': '3', 'type': 'callback'}, {'payload': 'KBRD.2', 'text': '2', 'type': 'callback'}, {'payload': 'KBRD.1', 'text': '1', 'type': 'callback'}], [{'payload': 'KBRD.0', 'text': '0', 'type': 'callback'}, {'payload': 'KBRD.Cancel', 'text': 'Сброс', 'type': 'callback'}], [{'payload': 'RecoveryAuthorization', 'text': 'Восстановление доступа', 'type': 'callback'}], [{'payload': 'CancelCurrentOperation', 'text': 'Прервать операцию', 'type': 'callback'}]]}, 'type': 'inline_keyboard'}], 'markup': [{'from': 21, 'length': 8, 'type': 'strong'}]}, 'sender': {'user_id': 210669020, 'first_name': 'DASHA_TOKEN_BOT', 'is_bot': True, 'username': 'id575104156000_bot', 'last_activity_time': 1789068746193, 'name': 'DASHA_TOKEN_BOT'}}, 'user_locale': 'ru', 'update_type': 'message_callback'}
clb

2026-09-10 22:32:28
23645861
edt

2026-09-10 22:32:28
{'callback': {'timestamp': 1789068746249, 'callback_id': 'f9LHodD0cOLu68LbwFzKKJBUytdndubHmPyco48AqGfHGSkgDlUPOfVSozzWGdAEiE9WCDTuCa4oRvq5YWD2BdvUStK-pR3-JeXmpU_nV3-EIfJoVVwI', 'user': {'user_id': 23645861, 'first_name': 'Дмитрий', 'is_bot': False, 'last_name': 'Марков', 'last_activity_time': 1789068745000, 'name': 'Дмитрий Марков'}, 'payload': 'KBRD.0'}, 'timestamp': 1789068746249, 'message': {'recipient': {'chat_type': 'dialog', 'chat_id': 233194361, 'user_id': 23645861}, 'timestamp': 1789068734640, 'body': {'mid': 'mid.000000000de6437901a08cce70b0083b', 'seq': 117248408593369147, 'text': 'Введите код доступа:  _ _ _ _', 'attachments': [{'payload': {'buttons': [[{'payload': 'KBRD.7', 'text': '7', 'type': 'callback'}, {'payload': 'KBRD.8', 'text': '8', 'type': 'callback'}, {'payload': 'KBRD.9', 'text': '9', 'type': 'callback'}], [{'payload': 'KBRD.4', 'text': '4', 'type': 'callback'}, {'payload': 'KBRD.5', 'text': '5', 'type': 'callback'}, {'payload': 'KBRD.6', 'text': '6', 'type': 'callback'}], [{'payload': 'KBRD.3', 'text': '3', 'type': 'callback'}, {'payload': 'KBRD.2', 'text': '2', 'type': 'callback'}, {'payload': 'KBRD.1', 'text': '1', 'type': 'callback'}], [{'payload': 'KBRD.0', 'text': '0', 'type': 'callback'}, {'payload': 'KBRD.Cancel', 'text': 'Сброс', 'type': 'callback'}], [{'payload': 'RecoveryAuthorization', 'text': 'Восстановление доступа', 'type': 'callback'}], [{'payload': 'CancelCurrentOperation', 'text': 'Прервать операцию', 'type': 'callback'}]]}, 'type': 'inline_keyboard'}], 'markup': [{'from': 21, 'length': 8, 'type': 'strong'}]}, 'sender': {'user_id': 210669020, 'first_name': 'DASHA_TOKEN_BOT', 'is_bot': True, 'username': 'id575104156000_bot', 'last_activity_time': 1789068746305, 'name': 'DASHA_TOKEN_BOT'}}, 'user_locale': 'ru', 'update_type': 'message_callback'}
clb

2026-09-10 22:32:29
23645861
edt

2026-09-10 22:32:29
mid.000000000de6437901a08cceaaa10959
snd

2026-09-10 22:32:29
mid.000000000de6437901a08cce70b0083b
del

2026-09-10 22:32:30
mid.000000000de6437901a08cce6d946341
del

2026-09-10 22:32:30
mid.000000000de6437901a08cceaf684fde
snd

2026-09-10 22:32:31
mid.000000000de6437901a08cceaaa10959
del

2026-09-10 22:32:31
{'callback': {'timestamp': 1789068746564, 'callback_id': 'f9LHodD0cOL-dY9uZRN6mH-_n4DB49i75vIkNpvWdqRKVEG3dFcUV1hGgZnQPKzzaWyhWvsDWSyz1yRF8PyngbQBxUHSTwvTVMLAerhziFZ29g0hmY6V', 'user': {'user_id': 23645861, 'first_name': 'Дмитрий', 'is_bot': False, 'last_name': 'Марков', 'last_activity_time': 1789068745000, 'name': 'Дмитрий Марков'}, 'payload': 'KBRD.0'}, 'timestamp': 1789068746564, 'message': {'recipient': {'chat_type': 'dialog', 'chat_id': 233194361, 'user_id': 23645861}, 'timestamp': 1789068734640, 'body': {'mid': 'mid.000000000de6437901a08cce70b0083b', 'seq': 117248408593369147, 'text': 'Введите код доступа:  _ _ _ _', 'attachments': [{'payload': {'buttons': [[{'payload': 'KBRD.7', 'text': '7', 'type': 'callback'}, {'payload': 'KBRD.8', 'text': '8', 'type': 'callback'}, {'payload': 'KBRD.9', 'text': '9', 'type': 'callback'}], [{'payload': 'KBRD.4', 'text': '4', 'type': 'callback'}, {'payload': 'KBRD.5', 'text': '5', 'type': 'callback'}, {'payload': 'KBRD.6', 'text': '6', 'type': 'callback'}], [{'payload': 'KBRD.3', 'text': '3', 'type': 'callback'}, {'payload': 'KBRD.2', 'text': '2', 'type': 'callback'}, {'payload': 'KBRD.1', 'text': '1', 'type': 'callback'}], [{'payload': 'KBRD.0', 'text': '0', 'type': 'callback'}, {'payload': 'KBRD.Cancel', 'text': 'Сброс', 'type': 'callback'}], [{'payload': 'RecoveryAuthorization', 'text': 'Восстановление доступа', 'type': 'callback'}], [{'payload': 'CancelCurrentOperation', 'text': 'Прервать операцию', 'type': 'callback'}]]}, 'type': 'inline_keyboard'}], 'markup': [{'from': 21, 'length': 8, 'type': 'strong'}]}, 'sender': {'user_id': 210669020, 'first_name': 'DASHA_TOKEN_BOT', 'is_bot': True, 'username': 'id575104156000_bot', 'last_activity_time': 1789068746619, 'name': 'DASHA_TOKEN_BOT'}}, 'user_locale': 'ru', 'update_type': 'message_callback'}
clb

2026-09-10 22:32:31
23645861
edt

2026-09-10 22:32:31
{'callback': {'timestamp': 1789068746867, 'callback_id': 'f9LHodD0cOIuwWchO3SZAD0D6pMab4jUDRC0byk2Kf59a2YqlM-FO0G72BbmiGEeb40ItRkO8biDcROOdGxZ6HpcYcoj6FlgyFGCRZp0sKFkoE4z3iit', 'user': {'user_id': 23645861, 'first_name': 'Дмитрий', 'is_bot': False, 'last_name': 'Марков', 'last_activity_time': 1789068745000, 'name': 'Дмитрий Марков'}, 'payload': 'KBRD.0'}, 'timestamp': 1789068746867, 'message': {'recipient': {'chat_type': 'dialog', 'chat_id': 233194361, 'user_id': 23645861}, 'timestamp': 1789068734640, 'body': {'mid': 'mid.000000000de6437901a08cce70b0083b', 'seq': 117248408593369147, 'text': 'Введите код доступа:  _ _ _ _', 'attachments': [{'payload': {'buttons': [[{'payload': 'KBRD.7', 'text': '7', 'type': 'callback'}, {'payload': 'KBRD.8', 'text': '8', 'type': 'callback'}, {'payload': 'KBRD.9', 'text': '9', 'type': 'callback'}], [{'payload': 'KBRD.4', 'text': '4', 'type': 'callback'}, {'payload': 'KBRD.5', 'text': '5', 'type': 'callback'}, {'payload': 'KBRD.6', 'text': '6', 'type': 'callback'}], [{'payload': 'KBRD.3', 'text': '3', 'type': 'callback'}, {'payload': 'KBRD.2', 'text': '2', 'type': 'callback'}, {'payload': 'KBRD.1', 'text': '1', 'type': 'callback'}], [{'payload': 'KBRD.0', 'text': '0', 'type': 'callback'}, {'payload': 'KBRD.Cancel', 'text': 'Сброс', 'type': 'callback'}], [{'payload': 'RecoveryAuthorization', 'text': 'Восстановление доступа', 'type': 'callback'}], [{'payload': 'CancelCurrentOperation', 'text': 'Прервать операцию', 'type': 'callback'}]]}, 'type': 'inline_keyboard'}], 'markup': [{'from': 21, 'length': 8, 'type': 'strong'}]}, 'sender': {'user_id': 210669020, 'first_name': 'DASHA_TOKEN_BOT', 'is_bot': True, 'username': 'id575104156000_bot', 'last_activity_time': 1789068746921, 'name': 'DASHA_TOKEN_BOT'}}, 'user_locale': 'ru', 'update_type': 'message_callback'}
clb

2026-09-10 22:32:31
23645861
edt

2026-09-10 22:32:33
{'callback': {'timestamp': 1789068747692, 'callback_id': 'f9LHodD0cOK7UtDHHdEmJC35Y89QSxzwDjcs4z-OyGGQNB6cOSz_vBxdcDQ614J0azxpA2I_shf4qRcPWGJOJd285ytnImemRfNXLc5j_XpLby-cUK4Q', 'user': {'user_id': 23645861, 'first_name': 'Дмитрий', 'is_bot': False, 'last_name': 'Марков', 'last_activity_time': 1789068751000, 'name': 'Дмитрий Марков'}, 'payload': 'KBRD.Cancel'}, 'timestamp': 1789068747692, 'message': {'recipient': {'chat_type': 'dialog', 'chat_id': 233194361, 'user_id': 23645861}, 'timestamp': 1789068734640, 'body': {'mid': 'mid.000000000de6437901a08cce70b0083b', 'seq': 117248408593369147, 'text': 'Введите код доступа:  * * * *', 'attachments': [{'payload': {'buttons': [[{'payload': 'KBRD.7', 'text': '7', 'type': 'callback'}, {'payload': 'KBRD.8', 'text': '8', 'type': 'callback'}, {'payload': 'KBRD.9', 'text': '9', 'type': 'callback'}], [{'payload': 'KBRD.4', 'text': '4', 'type': 'callback'}, {'payload': 'KBRD.5', 'text': '5', 'type': 'callback'}, {'payload': 'KBRD.6', 'text': '6', 'type': 'callback'}], [{'payload': 'KBRD.3', 'text': '3', 'type': 'callback'}, {'payload': 'KBRD.2', 'text': '2', 'type': 'callback'}, {'payload': 'KBRD.1', 'text': '1', 'type': 'callback'}], [{'payload': 'KBRD.0', 'text': '0', 'type': 'callback'}, {'payload': 'KBRD.Cancel', 'text': 'Сброс', 'type': 'callback'}], [{'payload': 'RecoveryAuthorization', 'text': 'Восстановление доступа', 'type': 'callback'}], [{'payload': 'CancelCurrentOperation', 'text': 'Прервать операцию', 'type': 'callback'}]]}, 'type': 'inline_keyboard'}], 'markup': [{'from': 21, 'length': 8, 'type': 'strong'}]}, 'sender': {'user_id': 210669020, 'first_name': 'DASHA_TOKEN_BOT', 'is_bot': True, 'username': 'id575104156000_bot', 'last_activity_time': 1789068752315, 'name': 'DASHA_TOKEN_BOT'}}, 'user_locale': 'ru', 'update_type': 'message_callback'}
clb

2026-09-10 22:32:33
23645861
edt

2026-09-10 22:32:39
{'callback': {'timestamp': 1789068759271, 'callback_id': 'f9LHodD0cOIbjYh6wfzHb7XkB42iqgRdFVy2PkMMLnSrGkC8jVf1sGiGN9FnMpsLG4z9XOH0xnFDO8zANmdAWBDHfCh4NqD0YAwYTGDplqTG4jhQWGbv', 'user': {'user_id': 23645861, 'first_name': 'Дмитрий', 'is_bot': False, 'last_name': 'Марков', 'last_activity_time': 1789068751000, 'name': 'Дмитрий Марков'}, 'payload': 'KBRD.0'}, 'timestamp': 1789068759271, 'message': {'recipient': {'chat_type': 'dialog', 'chat_id': 230892366, 'user_id': 23645861}, 'timestamp': 1789068695899, 'body': {'mid': 'mid.000000000dc3234e01a08ccdd95b60d7', 'seq': 117248406054461655, 'text': 'Введите код доступа:  _ _ _ _', 'attachments': [{'payload': {'buttons': [[{'payload': 'KBRD.7', 'text': '7', 'type': 'callback'}, {'payload': 'KBRD.8', 'text': '8', 'type': 'callback'}, {'payload': 'KBRD.9', 'text': '9', 'type': 'callback'}], [{'payload': 'KBRD.4', 'text': '4', 'type': 'callback'}, {'payload': 'KBRD.5', 'text': '5', 'type': 'callback'}, {'payload': 'KBRD.6', 'text': '6', 'type': 'callback'}], [{'payload': 'KBRD.3', 'text': '3', 'type': 'callback'}, {'payload': 'KBRD.2', 'text': '2', 'type': 'callback'}, {'payload': 'KBRD.1', 'text': '1', 'type': 'callback'}], [{'payload': 'KBRD.0', 'text': '0', 'type': 'callback'}, {'payload': 'KBRD.Cancel', 'text': 'Сброс', 'type': 'callback'}], [{'payload': 'RecoveryAuthorization', 'text': 'Восстановление доступа', 'type': 'callback'}], [{'payload': 'CancelCurrentOperation', 'text': 'Прервать операцию', 'type': 'callback'}]]}, 'type': 'inline_keyboard'}], 'markup': [{'from': 21, 'length': 8, 'type': 'strong'}]}, 'sender': {'user_id': 212594155, 'first_name': 'DASHA_TOKEN_2_BOT', 'is_bot': True, 'username': 'id575104156000_2_bot', 'last_activity_time': 1789068759359, 'name': 'DASHA_TOKEN_2_BOT'}}, 'user_locale': 'ru', 'update_type': 'message_callback'}
clb

2026-09-10 22:32:40
23645861
edt

2026-09-10 22:32:42
{'callback': {'timestamp': 1789068761316, 'callback_id': 'f9LHodD0cOJVrklunaaZQXH1NSnJFBAKlBikAzeR9pS9trXh8ZrJns5XLih7YOnN0OKErUbtMdeWzocWRuRQR7TDP-qhoSuPDsvT9442LuHkEhHVZqce', 'user': {'user_id': 23645861, 'first_name': 'Дмитрий', 'is_bot': False, 'last_name': 'Марков', 'last_activity_time': 1789068761000, 'name': 'Дмитрий Марков'}, 'payload': 'KBRD.0'}, 'timestamp': 1789068761316, 'message': {'recipient': {'chat_type': 'dialog', 'chat_id': 230892366, 'user_id': 23645861}, 'timestamp': 1789068695899, 'body': {'mid': 'mid.000000000dc3234e01a08ccdd95b60d7', 'seq': 117248406054461655, 'text': 'Введите код доступа:  * _ _ _', 'attachments': [{'payload': {'buttons': [[{'payload': 'KBRD.7', 'text': '7', 'type': 'callback'}, {'payload': 'KBRD.8', 'text': '8', 'type': 'callback'}, {'payload': 'KBRD.9', 'text': '9', 'type': 'callback'}], [{'payload': 'KBRD.4', 'text': '4', 'type': 'callback'}, {'payload': 'KBRD.5', 'text': '5', 'type': 'callback'}, {'payload': 'KBRD.6', 'text': '6', 'type': 'callback'}], [{'payload': 'KBRD.3', 'text': '3', 'type': 'callback'}, {'payload': 'KBRD.2', 'text': '2', 'type': 'callback'}, {'payload': 'KBRD.1', 'text': '1', 'type': 'callback'}], [{'payload': 'KBRD.0', 'text': '0', 'type': 'callback'}, {'payload': 'KBRD.Cancel', 'text': 'Сброс', 'type': 'callback'}], [{'payload': 'RecoveryAuthorization', 'text': 'Восстановление доступа', 'type': 'callback'}], [{'payload': 'CancelCurrentOperation', 'text': 'Прервать операцию', 'type': 'callback'}]]}, 'type': 'inline_keyboard'}], 'markup': [{'from': 21, 'length': 8, 'type': 'strong'}]}, 'sender': {'user_id': 212594155, 'first_name': 'DASHA_TOKEN_2_BOT', 'is_bot': True, 'username': 'id575104156000_2_bot', 'last_activity_time': 1789068761405, 'name': 'DASHA_TOKEN_2_BOT'}}, 'user_locale': 'ru', 'update_type': 'message_callback'}
clb

2026-09-10 22:32:42
23645861
edt

2026-09-10 22:32:43
{'callback': {'timestamp': 1789068763208, 'callback_id': 'f9LHodD0cOLOM4Ko0XD1IZ34DGOY8KiRsG8ogebLuf7OdMgvthN8M61c8aaroeRQNV8dZNyAcGVV038UHrb8SZHDpi5A9bLjSAzBKW_iYI6aqhYKWgl4', 'user': {'user_id': 23645861, 'first_name': 'Дмитрий', 'is_bot': False, 'last_name': 'Марков', 'last_activity_time': 1789068761000, 'name': 'Дмитрий Марков'}, 'payload': 'KBRD.0'}, 'timestamp': 1789068763208, 'message': {'recipient': {'chat_type': 'dialog', 'chat_id': 230892366, 'user_id': 23645861}, 'timestamp': 1789068695899, 'body': {'mid': 'mid.000000000dc3234e01a08ccdd95b60d7', 'seq': 117248406054461655, 'text': 'Введите код доступа:  * * _ _', 'attachments': [{'payload': {'buttons': [[{'payload': 'KBRD.7', 'text': '7', 'type': 'callback'}, {'payload': 'KBRD.8', 'text': '8', 'type': 'callback'}, {'payload': 'KBRD.9', 'text': '9', 'type': 'callback'}], [{'payload': 'KBRD.4', 'text': '4', 'type': 'callback'}, {'payload': 'KBRD.5', 'text': '5', 'type': 'callback'}, {'payload': 'KBRD.6', 'text': '6', 'type': 'callback'}], [{'payload': 'KBRD.3', 'text': '3', 'type': 'callback'}, {'payload': 'KBRD.2', 'text': '2', 'type': 'callback'}, {'payload': 'KBRD.1', 'text': '1', 'type': 'callback'}], [{'payload': 'KBRD.0', 'text': '0', 'type': 'callback'}, {'payload': 'KBRD.Cancel', 'text': 'Сброс', 'type': 'callback'}], [{'payload': 'RecoveryAuthorization', 'text': 'Восстановление доступа', 'type': 'callback'}], [{'payload': 'CancelCurrentOperation', 'text': 'Прервать операцию', 'type': 'callback'}]]}, 'type': 'inline_keyboard'}], 'markup': [{'from': 21, 'length': 8, 'type': 'strong'}]}, 'sender': {'user_id': 212594155, 'first_name': 'DASHA_TOKEN_2_BOT', 'is_bot': True, 'username': 'id575104156000_2_bot', 'last_activity_time': 1789068763265, 'name': 'DASHA_TOKEN_2_BOT'}}, 'user_locale': 'ru', 'update_type': 'message_callback'}
clb

2026-09-10 22:32:44
23645861
edt

2026-09-10 22:32:54
{'callback': {'timestamp': 1789068765847, 'callback_id': 'f9LHodD0cOLDVvFtQbW8WavotlTzRfiXUssLOd77dN5Adk8l8XErIOzt2UAfZOSBMb7TDUSLT-Iw4_XpJfMCOC_-xTP4_OPbaNPYBvRMBA8R1wVzk5jd', 'user': {'user_id': 23645861, 'first_name': 'Дмитрий', 'is_bot': False, 'last_name': 'Марков', 'last_activity_time': 1789068761000, 'name': 'Дмитрий Марков'}, 'payload': 'KBRD.0'}, 'timestamp': 1789068765847, 'message': {'recipient': {'chat_type': 'dialog', 'chat_id': 230892366, 'user_id': 23645861}, 'timestamp': 1789068695899, 'body': {'mid': 'mid.000000000dc3234e01a08ccdd95b60d7', 'seq': 117248406054461655, 'text': 'Введите код доступа:  * * * _', 'attachments': [{'payload': {'buttons': [[{'payload': 'KBRD.7', 'text': '7', 'type': 'callback'}, {'payload': 'KBRD.8', 'text': '8', 'type': 'callback'}, {'payload': 'KBRD.9', 'text': '9', 'type': 'callback'}], [{'payload': 'KBRD.4', 'text': '4', 'type': 'callback'}, {'payload': 'KBRD.5', 'text': '5', 'type': 'callback'}, {'payload': 'KBRD.6', 'text': '6', 'type': 'callback'}], [{'payload': 'KBRD.3', 'text': '3', 'type': 'callback'}, {'payload': 'KBRD.2', 'text': '2', 'type': 'callback'}, {'payload': 'KBRD.1', 'text': '1', 'type': 'callback'}], [{'payload': 'KBRD.0', 'text': '0', 'type': 'callback'}, {'payload': 'KBRD.Cancel', 'text': 'Сброс', 'type': 'callback'}], [{'payload': 'RecoveryAuthorization', 'text': 'Восстановление доступа', 'type': 'callback'}], [{'payload': 'CancelCurrentOperation', 'text': 'Прервать операцию', 'type': 'callback'}]]}, 'type': 'inline_keyboard'}], 'markup': [{'from': 21, 'length': 8, 'type': 'strong'}]}, 'sender': {'user_id': 212594155, 'first_name': 'DASHA_TOKEN_2_BOT', 'is_bot': True, 'username': 'id575104156000_2_bot', 'last_activity_time': 1789068774331, 'name': 'DASHA_TOKEN_2_BOT'}}, 'user_locale': 'ru', 'update_type': 'message_callback'}
clb

2026-09-10 22:32:56
23645861
edt

2026-09-10 22:32:58
mid.000000000dc3234e01a08ccf1a030959
snd

2026-09-10 22:33:01
mid.000000000dc3234e01a08ccdd95b60d7
del

2026-09-10 22:33:01
mid.000000000dc3234e01a08ccdd5f5337c
del

2026-09-10 22:33:02
mid.000000000dc3234e01a08ccf2a1a77de
snd

2026-09-10 22:33:02
mid.000000000dc3234e01a08ccf1a030959
del

2026-09-10 22:33:03
{'callback': {'timestamp': 1789068774888, 'callback_id': 'f9LHodD0cOL-l7nq4U01rxDEzY9-TzXYbV4VxZFAsn8YPlxOyKqPve0rQhg1GXHz9TDdC6VUx7uHW0vEeyq13WNg2NcW_TLVwjW8R4ddStZfHalrWpXk', 'user': {'user_id': 23645861, 'first_name': 'Дмитрий', 'is_bot': False, 'last_name': 'Марков', 'last_activity_time': 1789068778000, 'name': 'Дмитрий Марков'}, 'payload': 'KBRD.0'}, 'timestamp': 1789068774888, 'message': {'recipient': {'chat_type': 'dialog', 'chat_id': 230892366, 'user_id': 23645861}, 'timestamp': 1789068695899, 'body': {'mid': 'mid.000000000dc3234e01a08ccdd95b60d7', 'seq': 117248406054461655, 'text': 'Введите код доступа:  * * * *', 'attachments': [{'payload': {'buttons': [[{'payload': 'KBRD.7', 'text': '7', 'type': 'callback'}, {'payload': 'KBRD.8', 'text': '8', 'type': 'callback'}, {'payload': 'KBRD.9', 'text': '9', 'type': 'callback'}], [{'payload': 'KBRD.4', 'text': '4', 'type': 'callback'}, {'payload': 'KBRD.5', 'text': '5', 'type': 'callback'}, {'payload': 'KBRD.6', 'text': '6', 'type': 'callback'}], [{'payload': 'KBRD.3', 'text': '3', 'type': 'callback'}, {'payload': 'KBRD.2', 'text': '2', 'type': 'callback'}, {'payload': 'KBRD.1', 'text': '1', 'type': 'callback'}], [{'payload': 'KBRD.0', 'text': '0', 'type': 'callback'}, {'payload': 'KBRD.Cancel', 'text': 'Сброс', 'type': 'callback'}], [{'payload': 'RecoveryAuthorization', 'text': 'Восстановление доступа', 'type': 'callback'}], [{'payload': 'CancelCurrentOperation', 'text': 'Прервать операцию', 'type': 'callback'}]]}, 'type': 'inline_keyboard'}], 'markup': [{'from': 21, 'length': 8, 'type': 'strong'}]}, 'sender': {'user_id': 212594155, 'first_name': 'DASHA_TOKEN_2_BOT', 'is_bot': True, 'username': 'id575104156000_2_bot', 'last_activity_time': 1789068782897, 'name': 'DASHA_TOKEN_2_BOT'}}, 'user_locale': 'ru', 'update_type': 'message_callback'}
clb

2026-09-10 22:33:04
23645861
edt

2026-09-10 22:33:04
{'callback': {'timestamp': 1789068781716, 'callback_id': 'f9LHodD0cOJScmDBTZH283RilIFQbZsTzb0uVtYs9Pp2eRFnmGsv5lPJl2Xr3aCAgj4kEx1H52rV4fQ0y6rvMYUXe1IsQ8_eaXWLBV_2JsTbXwemoQd5', 'user': {'user_id': 23645861, 'first_name': 'Дмитрий', 'is_bot': False, 'last_name': 'Марков', 'last_activity_time': 1789068778000, 'name': 'Дмитрий Марков'}, 'payload': 'KBRD.0'}, 'timestamp': 1789068781716, 'message': {'recipient': {'chat_type': 'dialog', 'chat_id': 230892366, 'user_id': 23645861}, 'timestamp': 1789068695899, 'body': {'mid': 'mid.000000000dc3234e01a08ccdd95b60d7', 'seq': 117248406054461655, 'text': 'Введите код доступа:  * * * *', 'attachments': [{'payload': {'buttons': [[{'payload': 'KBRD.7', 'text': '7', 'type': 'callback'}, {'payload': 'KBRD.8', 'text': '8', 'type': 'callback'}, {'payload': 'KBRD.9', 'text': '9', 'type': 'callback'}], [{'payload': 'KBRD.4', 'text': '4', 'type': 'callback'}, {'payload': 'KBRD.5', 'text': '5', 'type': 'callback'}, {'payload': 'KBRD.6', 'text': '6', 'type': 'callback'}], [{'payload': 'KBRD.3', 'text': '3', 'type': 'callback'}, {'payload': 'KBRD.2', 'text': '2', 'type': 'callback'}, {'payload': 'KBRD.1', 'text': '1', 'type': 'callback'}], [{'payload': 'KBRD.0', 'text': '0', 'type': 'callback'}, {'payload': 'KBRD.Cancel', 'text': 'Сброс', 'type': 'callback'}], [{'payload': 'RecoveryAuthorization', 'text': 'Восстановление доступа', 'type': 'callback'}], [{'payload': 'CancelCurrentOperation', 'text': 'Прервать операцию', 'type': 'callback'}]]}, 'type': 'inline_keyboard'}], 'markup': [{'from': 21, 'length': 8, 'type': 'strong'}]}, 'sender': {'user_id': 212594155, 'first_name': 'DASHA_TOKEN_2_BOT', 'is_bot': True, 'username': 'id575104156000_2_bot', 'last_activity_time': 1789068782900, 'name': 'DASHA_TOKEN_2_BOT'}}, 'user_locale': 'ru', 'update_type': 'message_callback'}
clb

2026-09-10 22:33:04
23645861
edt

2026-09-10 22:33:05
{'callback': {'timestamp': 1789068785428, 'callback_id': 'f9LHodD0cOJeSsPaklNFy7Vu6VmzBwjIbRhnk9whlwzXr-GFEQojEZRLUUOMW5EpM8Kf3VQMypP_VULbBJ30xavLlyD1OSUWquBaCgYNzEVHVL9biUkv', 'user': {'user_id': 23645861, 'first_name': 'Дмитрий', 'is_bot': False, 'last_name': 'Марков', 'last_activity_time': 1789068783000, 'name': 'Дмитрий Марков'}, 'payload': 'GetNewToken'}, 'timestamp': 1789068785428, 'message': {'recipient': {'chat_type': 'dialog', 'chat_id': 230892366, 'user_id': 23645861}, 'timestamp': 1789068782106, 'body': {'mid': 'mid.000000000dc3234e01a08ccf2a1a77de', 'seq': 117248411704129502, 'text': 'Выберите команду меню Бота или получите Новый токен.', 'attachments': [{'payload': {'buttons': [[{'payload': 'MainMenu', 'text': 'Главное меню', 'type': 'callback'}], [{'payload': 'GetNewToken', 'text': 'Новый токен', 'type': 'callback'}]]}, 'type': 'inline_keyboard'}], 'markup': [{'from': 40, 'length': 11, 'type': 'strong'}]}, 'sender': {'user_id': 212594155, 'first_name': 'DASHA_TOKEN_2_BOT', 'is_bot': True, 'username': 'id575104156000_2_bot', 'last_activity_time': 1789068785463, 'name': 'DASHA_TOKEN_2_BOT'}}, 'user_locale': 'ru', 'update_type': 'message_callback'}
clb

2026-09-10 22:33:06
mid.000000000dc3234e01a08ccf3ae00959
snd

2026-09-10 22:33:06
mid.000000000dc3234e01a08ccf2a1a77de
del

2026-09-10 22:33:07
mid.000000000dc3234e01a08ccf3e122f17
snd

2026-09-10 22:33:08
mid.000000000dc3234e01a08ccf414657b9
snd

2026-09-10 22:33:08
mid.000000000dc3234e01a08ccf3ae00959
del

2026-09-10 22:33:15
{'callback': {'timestamp': 1789068794899, 'callback_id': 'f9LHodD0cOIq8Xeuj49EcuLzJYdxlZtHEBheKgjZFifILN0WMW0KC9_8XL32lY1sCuYWGKS-VhOh5hHQr8pTiu7ANGmWMPztB6aG82-h4d9Ep6vW9Ow_', 'user': {'user_id': 23645861, 'first_name': 'Дмитрий', 'is_bot': False, 'last_name': 'Марков', 'last_activity_time': 1789068792000, 'name': 'Дмитрий Марков'}, 'payload': 'GetNewToken'}, 'timestamp': 1789068794899, 'message': {'recipient': {'chat_type': 'dialog', 'chat_id': 233194361, 'user_id': 23645861}, 'timestamp': 1789068750696, 'body': {'mid': 'mid.000000000de6437901a08cceaf684fde', 'seq': 117248409645633502, 'text': 'Выберите команду меню Бота или получите Новый токен.', 'attachments': [{'payload': {'buttons': [[{'payload': 'MainMenu', 'text': 'Главное меню', 'type': 'callback'}], [{'payload': 'GetNewToken', 'text': 'Новый токен', 'type': 'callback'}]]}, 'type': 'inline_keyboard'}], 'markup': [{'from': 40, 'length': 11, 'type': 'strong'}]}, 'sender': {'user_id': 210669020, 'first_name': 'DASHA_TOKEN_BOT', 'is_bot': True, 'username': 'id575104156000_bot', 'last_activity_time': 1789068794950, 'name': 'DASHA_TOKEN_BOT'}}, 'user_locale': 'ru', 'update_type': 'message_callback'}
clb

2026-09-10 22:33:15
mid.000000000de6437901a08ccf5ffa0959
snd

2026-09-10 22:33:16
mid.000000000de6437901a08cceaf684fde
del

2026-09-10 22:33:16
mid.000000000de6437901a08ccf63122f17
snd

2026-09-10 22:33:17
mid.000000000de6437901a08ccf664173a3
snd

2026-09-10 22:33:17
mid.000000000de6437901a08ccf5ffa0959
del

2026-09-10 22:33:38
mid.000000000dc3234e01a08ccf414657b9
del

2026-09-10 22:33:38
mid.000000000dc3234e01a08ccf3e122f17
del

2026-09-10 22:33:39
mid.000000000dc3234e01a08ccfbb0b5dc9
snd

2026-09-10 22:33:47
mid.000000000de6437901a08ccf664173a3
del

2026-09-10 22:33:48
mid.000000000de6437901a08ccf63122f17
del

2026-09-10 22:33:48
mid.000000000de6437901a08ccfe0691192
snd

2026-09-10 22:34:12
{'callback': {'timestamp': 1789068851839, 'callback_id': 'f9LHodD0cOKV4vdq35Cq-QwJcL526ShZ1PKB0Sfd8JUEiZtZ53P28CSRki8SP8QtDyMMI0PH2a_Pnm29chqPVCIxMH2A52W2R0_84mJLNObocSyhObfz', 'user': {'user_id': 23645861, 'first_name': 'Дмитрий', 'is_bot': False, 'last_name': 'Марков', 'last_activity_time': 1789068847000, 'name': 'Дмитрий Марков'}, 'payload': 'GetNewToken'}, 'timestamp': 1789068851839, 'message': {'recipient': {'chat_type': 'dialog', 'chat_id': 233194361, 'user_id': 23645861}, 'timestamp': 1789068828777, 'body': {'mid': 'mid.000000000de6437901a08ccfe0691192', 'seq': 117248414762733970, 'text': 'Истек срок действия токена 981261.', 'attachments': [{'payload': {'buttons': [[{'payload': 'MainMenu', 'text': 'Главное меню', 'type': 'callback'}], [{'payload': 'GetNewToken', 'text': 'Новый токен', 'type': 'callback'}]]}, 'type': 'inline_keyboard'}], 'markup': [{'from': 27, 'length': 6, 'type': 'strikethrough'}]}, 'sender': {'user_id': 210669020, 'first_name': 'DASHA_TOKEN_BOT', 'is_bot': True, 'username': 'id575104156000_bot', 'last_activity_time': 1789068851918, 'name': 'DASHA_TOKEN_BOT'}}, 'user_locale': 'ru', 'update_type': 'message_callback'}
clb

2026-09-10 22:34:12
mid.000000000de6437901a08cd03e6f0959
snd

2026-09-10 22:34:13
mid.000000000de6437901a08ccfe0691192
del

2026-09-10 22:34:13
mid.000000000de6437901a08cd0418c2f17
snd

2026-09-10 22:34:14
mid.000000000de6437901a08cd044a0666a
snd

2026-09-10 22:34:16
mid.000000000de6437901a08cd03e6f0959
del

2026-09-10 22:34:40
{'callback': {'timestamp': 1789068880036, 'callback_id': 'f9LHodD0cOJNX2kRiLw18r9aUC0SEb7B3tcnmxfyVm8Ikynmi7r7N_2q3kdLg-Wgs-QD--fOLhA4VVrwPpv3Fkc8r6-IkJ25pyloTmlsYUbZVmWeBZo4', 'user': {'user_id': 23645861, 'first_name': 'Дмитрий', 'is_bot': False, 'last_name': 'Марков', 'last_activity_time': 1789068876000, 'name': 'Дмитрий Марков'}, 'payload': 'GetNewToken'}, 'timestamp': 1789068880036, 'message': {'recipient': {'chat_type': 'dialog', 'chat_id': 233194361, 'user_id': 23645861}, 'timestamp': 1789068854432, 'body': {'mid': 'mid.000000000de6437901a08cd044a0666a', 'seq': 117248416444081770, 'text': '944415', 'attachments': [{'payload': {'buttons': [[{'payload': 'MainMenu', 'text': 'Главное меню', 'type': 'callback'}], [{'payload': 'GetNewToken', 'text': 'Новый токен', 'type': 'callback'}]]}, 'type': 'inline_keyboard'}], 'markup': [{'from': 0, 'length': 6, 'type': 'strong'}]}, 'sender': {'user_id': 210669020, 'first_name': 'DASHA_TOKEN_BOT', 'is_bot': True, 'username': 'id575104156000_bot', 'last_activity_time': 1789068880073, 'name': 'DASHA_TOKEN_BOT'}}, 'user_locale': 'ru', 'update_type': 'message_callback'}
clb

2026-09-10 22:34:40
mid.000000000de6437901a08cd0ac650959
snd

2026-09-10 22:34:41
mid.000000000de6437901a08cd044a0666a
del

2026-09-10 22:34:41
mid.000000000de6437901a08cd0418c2f17
del

2026-09-10 22:34:42
mid.000000000de6437901a08cd0b0d9595c
snd

2026-09-10 22:34:42
mid.000000000de6437901a08cd0b0d9595c
del

2026-09-10 22:34:42
mid.000000000de6437901a08cd0b3c12f17
snd

2026-09-10 22:34:43
mid.000000000de6437901a08cd0b6ce2b7b
snd

2026-09-10 22:34:44
mid.000000000de6437901a08cd0ac650959
del

2026-09-10 22:34:53
{'callback': {'timestamp': 1789068892408, 'callback_id': 'f9LHodD0cOKYXiPE6IbVqiO3wZE7GnMn82VyZY9s8HMn6QKC0TRPMIzeyLbaFPCQb4jBVitNToon8RwTZiSNl3fDy7HA9zvPrT_50AGuzdns6GmmB8D5', 'user': {'user_id': 23645861, 'first_name': 'Дмитрий', 'is_bot': False, 'last_name': 'Марков', 'last_activity_time': 1789068891000, 'name': 'Дмитрий Марков'}, 'payload': 'GetNewToken'}, 'timestamp': 1789068892408, 'message': {'recipient': {'chat_type': 'dialog', 'chat_id': 230892366, 'user_id': 23645861}, 'timestamp': 1789068819211, 'body': {'mid': 'mid.000000000dc3234e01a08ccfbb0b5dc9', 'seq': 117248414135836105, 'text': 'Истек срок действия токена 227797.', 'attachments': [{'payload': {'buttons': [[{'payload': 'MainMenu', 'text': 'Главное меню', 'type': 'callback'}], [{'payload': 'GetNewToken', 'text': 'Новый токен', 'type': 'callback'}]]}, 'type': 'inline_keyboard'}], 'markup': [{'from': 27, 'length': 6, 'type': 'strikethrough'}]}, 'sender': {'user_id': 212594155, 'first_name': 'DASHA_TOKEN_2_BOT', 'is_bot': True, 'username': 'id575104156000_2_bot', 'last_activity_time': 1789068892478, 'name': 'DASHA_TOKEN_2_BOT'}}, 'user_locale': 'ru', 'update_type': 'message_callback'}
clb

2026-09-10 22:34:53
mid.000000000dc3234e01a08cd0ded50959
snd

2026-09-10 22:34:54
mid.000000000dc3234e01a08ccfbb0b5dc9
del

2026-09-10 22:34:54
mid.000000000dc3234e01a08cd0e2112f17
snd

2026-09-10 22:34:55
mid.000000000dc3234e01a08cd0e5250abe
snd

2026-09-10 22:34:55
mid.000000000dc3234e01a08cd0ded50959
del

2026-09-10 22:35:14
mid.000000000de6437901a08cd0b6ce2b7b
del

2026-09-10 22:35:14
mid.000000000de6437901a08cd0b3c12f17
del

2026-09-10 22:35:14
mid.000000000de6437901a08cd130a301a6
snd

2026-09-10 22:35:25
mid.000000000dc3234e01a08cd0e5250abe
del

2026-09-10 22:35:26
mid.000000000dc3234e01a08cd0e2112f17
del

2026-09-10 22:35:26
mid.000000000dc3234e01a08cd15ed34f77
snd

2026-09-10 22:35:28
{'callback': {'timestamp': 1789068928356, 'callback_id': 'f9LHodD0cOLyoH3g6OKBdTZvph5l8neUbUNNMz0vAw97njt_2xx56Begh7Gp3fkTtfpnGfzFpGEiFMNdkxJDwlFUe7oCmg2xINR-ImrrIM_UkjmCjnGd', 'user': {'user_id': 23645861, 'first_name': 'Дмитрий', 'is_bot': False, 'last_name': 'Марков', 'last_activity_time': 1789068926000, 'name': 'Дмитрий Марков'}, 'payload': 'GetNewToken'}, 'timestamp': 1789068928356, 'message': {'recipient': {'chat_type': 'dialog', 'chat_id': 233194361, 'user_id': 23645861}, 'timestamp': 1789068914851, 'body': {'mid': 'mid.000000000de6437901a08cd130a301a6', 'seq': 117248420403675558, 'text': 'Истек срок действия токена 713369.', 'attachments': [{'payload': {'buttons': [[{'payload': 'MainMenu', 'text': 'Главное меню', 'type': 'callback'}], [{'payload': 'GetNewToken', 'text': 'Новый токен', 'type': 'callback'}]]}, 'type': 'inline_keyboard'}], 'markup': [{'from': 27, 'length': 6, 'type': 'strikethrough'}]}, 'sender': {'user_id': 210669020, 'first_name': 'DASHA_TOKEN_BOT', 'is_bot': True, 'username': 'id575104156000_bot', 'last_activity_time': 1789068928415, 'name': 'DASHA_TOKEN_BOT'}}, 'user_locale': 'ru', 'update_type': 'message_callback'}
clb

2026-09-10 22:35:29
mid.000000000de6437901a08cd1692c0959
snd

2026-09-10 22:35:29
mid.000000000de6437901a08cd130a301a6
del

2026-09-10 22:35:30
mid.000000000de6437901a08cd16c542f17
snd

2026-09-10 22:35:30
mid.000000000de6437901a08cd16f631c1d
snd

2026-09-10 22:35:31
mid.000000000de6437901a08cd1692c0959
del

2026-09-10 22:35:39
mid.000000000de6437901a08cd16f631c1d
del

2026-09-10 22:35:40
mid.000000000de6437901a08cd16c542f17
del

2026-09-10 22:35:40
mid.000000000de6437901a08cd194b20784
snd

2026-09-10 22:35:53
{'callback': {'timestamp': 1789068953418, 'callback_id': 'f9LHodD0cOLXjyNBB9wvwVUiBM5vdf1g5mEtltN2bRpnXTuxVTMdwnBV_DRhthJkXpHCLs9gGnChzw8UqkdZ9SAefmasF5ZqM71_f4XCisgSoqdGfZb_', 'user': {'user_id': 23645861, 'first_name': 'Дмитрий', 'is_bot': False, 'last_name': 'Марков', 'last_activity_time': 1789068949000, 'name': 'Дмитрий Марков'}, 'payload': 'GetNewToken'}, 'timestamp': 1789068953418, 'message': {'recipient': {'chat_type': 'dialog', 'chat_id': 233194361, 'user_id': 23645861}, 'timestamp': 1789068940466, 'body': {'mid': 'mid.000000000de6437901a08cd194b20784', 'seq': 117248422082381700, 'text': 'Текст для Token.IsDeactive не найден967630', 'attachments': [{'payload': {'buttons': [[{'payload': 'MainMenu', 'text': 'Главное меню', 'type': 'callback'}], [{'payload': 'GetNewToken', 'text': 'Новый токен', 'type': 'callback'}]]}, 'type': 'inline_keyboard'}], 'markup': [{'from': 10, 'length': 16, 'type': 'strong'}]}, 'sender': {'user_id': 210669020, 'first_name': 'DASHA_TOKEN_BOT', 'is_bot': True, 'username': 'id575104156000_bot', 'last_activity_time': 1789068953461, 'name': 'DASHA_TOKEN_BOT'}}, 'user_locale': 'ru', 'update_type': 'message_callback'}
clb

2026-09-10 22:35:54
mid.000000000de6437901a08cd1caed0959
snd

2026-09-10 22:35:54
mid.000000000de6437901a08cd194b20784
del

2026-09-10 22:35:55
mid.000000000de6437901a08cd1cdc52f17
snd

2026-09-10 22:35:55
mid.000000000de6437901a08cd1d0bd2ab4
snd

2026-09-10 22:35:57
mid.000000000de6437901a08cd1caed0959
del

2026-09-10 22:36:03
mid.000000000de6437901a08cd1d0bd2ab4
del

2026-09-10 22:36:03
mid.000000000de6437901a08cd1cdc52f17
del

2026-09-10 22:36:03
mid.000000000de6437901a08cd1f0334dfa
snd

2026-09-10 22:37:56
mid.000000000dc3234e01a08cd3a7430959
snd

2026-09-10 22:37:56
mid.000000000dc3234e01a08cd15ed34f77
del

2026-09-10 22:37:57
mid.000000000dc3234e01a08cd3aa477612
snd

2026-09-10 22:37:57
mid.000000000dc3234e01a08cd3a7430959
del

2026-09-10 22:39:04
mid.000000000de6437901a08cd4b0310959
snd

2026-09-10 22:39:04
mid.000000000de6437901a08cd1f0334dfa
del

2026-09-10 22:39:05
mid.000000000de6437901a08cd4b3f72825
snd

2026-09-10 22:39:05
mid.000000000de6437901a08cd4b0310959
del

