2026-02-01 17:12:09
 - DTB запущен

2026-02-01 17:12:09
 - Бот 8491793641:AAG6md5NNzUlBY6oV0Ns0vg-ixQkMZ3JdYQ подключен

2026-02-01 17:16:45
 - DTB запущен

2026-02-01 17:16:45
 - Бот 8491793641:AAG6md5NNzUlBY6oV0Ns0vg-ixQkMZ3JdYQ подключен

2026-02-01 17:18:45
 - DTB запущен

2026-02-01 17:18:45
 - Бот 8491793641:AAG6md5NNzUlBY6oV0Ns0vg-ixQkMZ3JdYQ подключен

2026-02-01 17:20:44
 - DTB запущен

2026-02-01 17:20:44
 - Бот 8491793641:AAG6md5NNzUlBY6oV0Ns0vg-ixQkMZ3JdYQ подключен

2026-02-01 17:23:18
 - DTB запущен

2026-02-01 17:23:18
 - Бот 8491793641:AAG6md5NNzUlBY6oV0Ns0vg-ixQkMZ3JdYQ подключен

2026-02-01 17:26:59
 - DTB запущен

2026-02-01 17:26:59
 - Бот 8491793641:AAG6md5NNzUlBY6oV0Ns0vg-ixQkMZ3JdYQ подключен

2026-02-01 17:56:17
 - DTB запущен

2026-02-01 17:56:17
 - Бот 8491793641:AAG6md5NNzUlBY6oV0Ns0vg-ixQkMZ3JdYQ подключен

2026-02-01 20:28:23
 - DTB запущен

2026-02-01 20:28:23
 - Бот 8491793641:AAG6md5NNzUlBY6oV0Ns0vg-ixQkMZ3JdYQ подключен

2026-02-01 20:31:16
 - DTB запущен

2026-02-01 20:31:16
 - Бот 8491793641:AAG6md5NNzUlBY6oV0Ns0vg-ixQkMZ3JdYQ подключен

2026-02-01 20:31:22
 - 'sqlite3.Cursor' object has no attribute 'fetchetall'

2026-02-01 20:33:12
 - DTB запущен

2026-02-01 20:33:12
 - Бот 8491793641:AAG6md5NNzUlBY6oV0Ns0vg-ixQkMZ3JdYQ подключен

2026-02-01 20:33:17
 - 'sqlite3.Cursor' object has no attribute 'fetchetall'

2026-02-01 20:33:17
 - near "INT0": syntax error

2026-02-01 20:36:07
 - DTB запущен

2026-02-01 20:36:07
 - Бот 8491793641:AAG6md5NNzUlBY6oV0Ns0vg-ixQkMZ3JdYQ подключен

2026-02-01 20:36:14
 - 'sqlite3.Cursor' object has no attribute 'fetchetall'

2026-02-01 20:36:14
 - 'sqlite3.Cursor' object has no attribute 'fetchetall'

2026-02-01 20:39:34
 - DTB запущен

2026-02-01 20:39:34
 - Бот 8491793641:AAG6md5NNzUlBY6oV0Ns0vg-ixQkMZ3JdYQ подключен

2026-02-01 20:39:41
 - 'sqlite3.Cursor' object has no attribute 'fetchetall'

2026-02-01 20:39:41
 - 'sqlite3.Cursor' object has no attribute 'fetchetall'

2026-02-01 21:03:33
 - DTB запущен

2026-02-01 21:03:33
 - Бот 8491793641:AAG6md5NNzUlBY6oV0Ns0vg-ixQkMZ3JdYQ подключен

2026-02-01 21:03:36
 - 'sqlite3.Cursor' object has no attribute 'fetchetall'

2026-02-01 21:03:36
 - 'sqlite3.Cursor' object has no attribute 'fetchetall'

2026-02-01 21:07:12
 - DTB запущен

2026-02-01 21:07:12
 - Бот 8491793641:AAG6md5NNzUlBY6oV0Ns0vg-ixQkMZ3JdYQ подключен

2026-02-01 21:07:20
 - 'sqlite3.Cursor' object has no attribute 'fetchetall'

2026-02-01 21:07:20
 - 'sqlite3.Cursor' object has no attribute 'fetchetall'

2026-02-01 21:09:47
 - DTB запущен

2026-02-01 21:09:47
 - Бот 8491793641:AAG6md5NNzUlBY6oV0Ns0vg-ixQkMZ3JdYQ подключен

2026-02-01 21:10:00
 - 'sqlite3.Cursor' object has no attribute 'fetchetall'

2026-02-01 21:10:00
 - 'sqlite3.Cursor' object has no attribute 'fetchetall'

2026-02-01 21:14:33
 - DTB запущен

2026-02-01 21:14:33
 - Бот 8491793641:AAG6md5NNzUlBY6oV0Ns0vg-ixQkMZ3JdYQ подключен

2026-02-01 21:14:38
 - 'sqlite3.Cursor' object has no attribute 'fetchetall'

2026-02-01 21:14:38
 - 'sqlite3.Cursor' object has no attribute 'fetchetall'

2026-02-01 21:17:07
 - DTB запущен

2026-02-01 21:17:07
 - Бот 8491793641:AAG6md5NNzUlBY6oV0Ns0vg-ixQkMZ3JdYQ подключен

2026-02-01 21:17:12
 - 'sqlite3.Cursor' object has no attribute 'fetchetall'

2026-02-01 21:17:12
 - 'sqlite3.Cursor' object has no attribute 'fetchetall'

2026-02-01 21:59:01
 - DTB запущен

2026-02-01 21:59:01
 - Бот 8491793641:AAG6md5NNzUlBY6oV0Ns0vg-ixQkMZ3JdYQ подключен

2026-02-01 21:59:09
 - 'sqlite3.Cursor' object has no attribute 'fetchetall'

2026-02-01 21:59:09
 - 'sqlite3.Cursor' object has no attribute 'fetchetall'

2026-02-01 22:02:25
 - DTB запущен

2026-02-01 22:02:25
 - Бот 8491793641:AAG6md5NNzUlBY6oV0Ns0vg-ixQkMZ3JdYQ подключен

2026-02-01 22:02:29
 - 'sqlite3.Cursor' object has no attribute 'fetchetall'

2026-02-01 22:02:29
 - 'sqlite3.Cursor' object has no attribute 'fetchetall'

2026-02-01 22:05:05
 - DTB запущен

2026-02-01 22:05:05
 - Бот 8491793641:AAG6md5NNzUlBY6oV0Ns0vg-ixQkMZ3JdYQ подключен

2026-02-01 22:05:09
 - 'sqlite3.Cursor' object has no attribute 'fetchetall'

2026-02-01 22:05:09
 - 'sqlite3.Cursor' object has no attribute 'fetchetall'

2026-02-01 22:21:14
 - DTB запущен

2026-02-01 22:21:14
 - Бот 8491793641:AAG6md5NNzUlBY6oV0Ns0vg-ixQkMZ3JdYQ подключен

2026-02-01 22:21:20
 - 'sqlite3.Cursor' object has no attribute 'fetchetall'

2026-02-01 22:21:20
 - 'sqlite3.Cursor' object has no attribute 'fetchetall'

2026-02-01 22:21:20
 - 'sqlite3.Cursor' object has no attribute 'fetchetall'

2026-02-01 22:21:20
 - 'sqlite3.Cursor' object has no attribute 'fetchetall'

2026-02-01 22:21:20
 - 'sqlite3.Cursor' object has no attribute 'fetchetall'

2026-02-01 22:21:20
 - 'sqlite3.Cursor' object has no attribute 'fetchetall'

2026-02-01 22:24:33
 - DTB запущен

2026-02-01 22:24:33
 - Бот 8491793641:AAG6md5NNzUlBY6oV0Ns0vg-ixQkMZ3JdYQ подключен

2026-02-01 22:24:37
 - 'sqlite3.Cursor' object has no attribute 'fetchetall'

2026-02-01 22:24:37
 - 'sqlite3.Cursor' object has no attribute 'fetchetall'

2026-02-01 22:24:37
 - 'sqlite3.Cursor' object has no attribute 'fetchetall'

2026-02-01 22:24:37
 - 'sqlite3.Cursor' object has no attribute 'fetchetall'

2026-02-01 22:26:00
 - DTB запущен

2026-02-01 22:26:00
 - Бот 8491793641:AAG6md5NNzUlBY6oV0Ns0vg-ixQkMZ3JdYQ подключен

2026-02-01 22:26:08
 - 'sqlite3.Cursor' object has no attribute 'fetchetall'

2026-02-01 22:27:51
 - DTB запущен

2026-02-01 22:27:51
 - Бот 8491793641:AAG6md5NNzUlBY6oV0Ns0vg-ixQkMZ3JdYQ подключен

2026-02-01 22:28:00
 - 'sqlite3.Cursor' object has no attribute 'fetchetall'

2026-02-01 22:28:20
 - 'sqlite3.Cursor' object has no attribute 'fetchetall'

2026-02-01 22:47:03
 - 'sqlite3.Cursor' object has no attribute 'fetchetall'

2026-02-01 22:47:03
 - 'sqlite3.Cursor' object has no attribute 'fetchetall'

2026-02-01 22:47:05
 - 'sqlite3.Cursor' object has no attribute 'fetchetall'

2026-02-01 22:47:06
 - 'sqlite3.Cursor' object has no attribute 'fetchetall'

2026-02-01 23:13:43
 - DTB запущен

2026-02-01 23:13:43
 - Бот 8491793641:AAG6md5NNzUlBY6oV0Ns0vg-ixQkMZ3JdYQ подключен

2026-02-01 23:14:07
EXEC INSERT INTO CHAT (ID) VALUES (991033097) - UNIQUE constraint failed: CHAT.ID

2026-02-01 23:16:03
 - DTB запущен

2026-02-01 23:16:03
 - Бот 8491793641:AAG6md5NNzUlBY6oV0Ns0vg-ixQkMZ3JdYQ подключен

2026-02-01 23:16:12
EXEC INSERT INTO CHAT (ID) VALUES (991033097) - UNIQUE constraint failed: CHAT.ID

2026-02-01 23:18:01
 - DTB запущен

2026-02-01 23:18:01
 - Бот 8491793641:AAG6md5NNzUlBY6oV0Ns0vg-ixQkMZ3JdYQ подключен

2026-02-01 23:18:21
EXEC INSERT INTO CHAT (ID) VALUES (991033097) - UNIQUE constraint failed: CHAT.ID

2026-02-01 23:22:38
 - DTB запущен

2026-02-01 23:22:38
 - Бот 8491793641:AAG6md5NNzUlBY6oV0Ns0vg-ixQkMZ3JdYQ подключен

2026-02-01 23:22:50
EXEC INSERT INTO CHAT (ID) VALUES (991033097) - UNIQUE constraint failed: CHAT.ID

2026-02-01 23:24:05
 - DTB запущен

2026-02-01 23:24:05
 - Бот 8491793641:AAG6md5NNzUlBY6oV0Ns0vg-ixQkMZ3JdYQ подключен

2026-02-01 23:25:39
 - DTB запущен

2026-02-01 23:25:39
 - Бот 8491793641:AAG6md5NNzUlBY6oV0Ns0vg-ixQkMZ3JdYQ подключен

2026-02-01 23:28:24
 - DTB запущен

2026-02-01 23:28:24
 - Бот 8491793641:AAG6md5NNzUlBY6oV0Ns0vg-ixQkMZ3JdYQ подключен

2026-02-01 23:30:22
 - DTB запущен

2026-02-01 23:30:22
 - Бот 8491793641:AAG6md5NNzUlBY6oV0Ns0vg-ixQkMZ3JdYQ подключен

2026-02-01 23:39:18
 - DTB запущен

2026-02-01 23:39:18
 - Бот 8491793641:AAG6md5NNzUlBY6oV0Ns0vg-ixQkMZ3JdYQ подключен

2026-02-01 23:45:08
 - DTB запущен

2026-02-01 23:45:08
 - Бот 8491793641:AAG6md5NNzUlBY6oV0Ns0vg-ixQkMZ3JdYQ подключен

2026-02-01 23:53:06
 - DTB запущен

2026-02-01 23:53:06
 - Бот 8491793641:AAG6md5NNzUlBY6oV0Ns0vg-ixQkMZ3JdYQ подключен

2026-02-01 23:56:51
 - DTB запущен

2026-02-01 23:56:51
 - Бот 8491793641:AAG6md5NNzUlBY6oV0Ns0vg-ixQkMZ3JdYQ подключен

