2026-03-04 00:49:29
mid.000000000de64379019cb5ad75156e15
snd

2026-03-04 00:49:30
mid.000000000de64379019cb5767e926f42
del

2026-03-04 01:49:31
mid.000000000de64379019cb5e46c0305c0
snd

2026-03-04 01:49:32
mid.000000000de64379019cb5ad75156e15
del

2026-03-04 02:49:33
mid.000000000de64379019cb61b603c4b5d
snd

2026-03-04 02:49:33
mid.000000000de64379019cb5e46c0305c0
del

2026-03-04 03:49:34
mid.000000000de64379019cb652535f21b2
snd

2026-03-04 03:49:34
mid.000000000de64379019cb61b603c4b5d
del

2026-03-04 04:49:35
mid.000000000de64379019cb68948116259
snd

2026-03-04 04:49:36
mid.000000000de64379019cb652535f21b2
del

2026-03-04 05:49:37
mid.000000000de64379019cb6c03c3b0fad
snd

2026-03-04 05:49:37
mid.000000000de64379019cb68948116259
del

2026-03-04 06:49:38
mid.000000000de64379019cb6f730025144
snd

2026-03-04 06:49:39
mid.000000000de64379019cb6c03c3b0fad
del

2026-03-04 07:49:40
mid.000000000de64379019cb72e23404687
snd

2026-03-04 07:49:40
mid.000000000de64379019cb6f730025144
del

2026-03-04 08:49:41
mid.000000000de64379019cb76516526441
snd

2026-03-04 08:49:41
mid.000000000de64379019cb72e23404687
del

2026-03-04 09:49:43
mid.000000000de64379019cb79c0ba313ae
snd

2026-03-04 09:49:43
mid.000000000de64379019cb76516526441
del

2026-03-04 10:49:45
mid.000000000de64379019cb7d3023b14fa
snd

2026-03-04 10:49:45
mid.000000000de64379019cb79c0ba313ae
del

2026-03-04 11:49:46
mid.000000000de64379019cb809f63844e2
snd

2026-03-04 11:49:46
mid.000000000de64379019cb7d3023b14fa
del

2026-03-04 12:49:48
mid.000000000de64379019cb840eaa41129
snd

2026-03-04 12:49:48
mid.000000000de64379019cb809f63844e2
del

2026-03-04 13:49:49
mid.000000000de64379019cb877ddf83b72
snd

2026-03-04 13:49:49
mid.000000000de64379019cb840eaa41129
del

2026-03-04 14:49:50
mid.000000000de64379019cb8aed0d559dd
snd

2026-03-04 14:49:50
mid.000000000de64379019cb877ddf83b72
del

2026-03-04 15:49:51
mid.000000000de64379019cb8e5c4ab5972
snd

2026-03-04 15:49:52
mid.000000000de64379019cb8aed0d559dd
del

2026-03-04 16:49:53
mid.000000000de64379019cb91cb85e18d7
snd

2026-03-04 16:49:53
mid.000000000de64379019cb8e5c4ab5972
del

2026-03-04 17:49:54
mid.000000000de64379019cb953ad327482
snd

2026-03-04 17:49:55
mid.000000000de64379019cb91cb85e18d7
del

2026-03-04 18:49:56
mid.000000000de64379019cb98aa0ff687f
snd

2026-03-04 18:49:56
mid.000000000de64379019cb953ad327482
del

2026-03-04 19:19:24
{'callback': {'timestamp': 1772641165099, 'callback_id': 'f9LHodD0cOL82XmHJTHcvPh4OelWqUlhr0JIrjaTSpmuDwXYAAqpARnn4UzqmtHeui_jBLfnvD1vVgCCo-xoEcRtmL8ZWwJXSYXHr3SsPjJ3onaHFrxM', 'user': {'user_id': 23645861, 'first_name': 'Дмитрий', 'last_name': 'Марков', 'is_bot': False, 'last_activity_time': 1772641149000, 'name': 'Дмитрий Марков'}, 'payload': 'Start'}, 'message': {'recipient': {'chat_id': 233194361, 'chat_type': 'dialog', 'user_id': 23645861}, 'timestamp': 1772639396095, 'body': {'mid': 'mid.000000000de64379019cb98aa0ff687f', 'seq': 116171695462508671, 'text': 'Бот-генератор токенов доступа v.1.2.', 'attachments': [{'callback_id': 'f9LHodD0cOJpMRz9aHBS69V52xeVJExwN2Ch0ptGL2UmtmngJrYJJBUtMvVaLNrxPHt98q32rKihtWBqhXslDNBr7wDLK17ZiU_EFgYluqBH7pK0mU1U', 'payload': {'buttons': [[{'payload': 'Start', 'text': 'Начать', 'intent': 'default', 'type': 'callback'}]]}, 'type': 'inline_keyboard'}]}, 'sender': {'user_id': 210669020, 'first_name': 'DASHA_TOKEN_BOT', 'username': 'id575104156000_bot', 'is_bot': True, 'last_activity_time': 1772641164884, 'name': 'DASHA_TOKEN_BOT'}}, 'timestamp': 1772641165099, 'user_locale': 'ru', 'update_type': 'message_callback'}
clb

2026-03-04 19:19:25
mid.000000000de64379019cb9a5a0590959
snd

2026-03-04 19:19:25
mid.000000000de64379019cb98aa0ff687f
del

2026-03-04 19:19:26
mid.000000000de64379019cb9a5a43547fa
snd

2026-03-04 19:19:26
mid.000000000de64379019cb9a5a45e3859
snd

2026-03-04 19:19:26
mid.000000000de64379019cb9a5a0590959
del

2026-03-04 19:19:42
{'callback': {'timestamp': 1772641182863, 'callback_id': 'f9LHodD0cOIn4Bw6BvqRZ3Kf5qb4rnj12ODejFSxIZ-gyXqyIOuP4OyVzIDuO9DIXJ-uMmRQQkMqrkcZYcs71cG-9ZOWJ8OAbuHuVMy4Y5iuV-n4360h', 'user': {'user_id': 23645861, 'first_name': 'Дмитрий', 'last_name': 'Марков', 'is_bot': False, 'last_activity_time': 1772641178000, 'name': 'Дмитрий Марков'}, 'payload': 'Start'}, 'message': {'recipient': {'chat_id': 233194361, 'chat_type': 'dialog', 'user_id': 23645861}, 'timestamp': 1772641166430, 'body': {'mid': 'mid.000000000de64379019cb9a5a45e3859', 'seq': 116171811483170905, 'text': 'Бот-генератор токенов доступа v.1.2.', 'attachments': [{'callback_id': 'f9LHodD0cOKNT6yj3uzgwwrKggQ1m3Mitt68wkxA50-wQvfs-eO849iZT_-fwUZY62qWj3f1Gi0o6EI6p20Kk3y_pRQpKLEHVJxe2guGpbUqQj3lPaR3', 'payload': {'buttons': [[{'payload': 'Start', 'text': 'Начать', 'intent': 'default', 'type': 'callback'}]]}, 'type': 'inline_keyboard'}]}, 'sender': {'user_id': 210669020, 'first_name': 'DASHA_TOKEN_BOT', 'username': 'id575104156000_bot', 'is_bot': True, 'last_activity_time': 1772641182617, 'name': 'DASHA_TOKEN_BOT'}}, 'timestamp': 1772641182863, 'user_locale': 'ru', 'update_type': 'message_callback'}
clb

2026-03-04 19:19:43
mid.000000000de64379019cb9a5e5400959
snd

2026-03-04 19:19:43
mid.000000000de64379019cb9a5a43547fa
del

2026-03-04 19:19:43
mid.000000000de64379019cb9a5e8af5145
snd

2026-03-04 19:19:44
mid.000000000de64379019cb9a5e5400959
del

2026-03-04 19:19:48
{'callback': {'timestamp': 1772641189129, 'callback_id': 'f9LHodD0cOIRHGgAB4Ntw30fzVEN5b7X1Tsx4ciMcZE-RItKE_QeOT41MOa6geMG9HYCwZLV3x201EcA2meQmTFqupY66TkoPu0H7pKW9oEOFABI1vt9', 'user': {'user_id': 23645861, 'first_name': 'Дмитрий', 'last_name': 'Марков', 'is_bot': False, 'last_activity_time': 1772641178000, 'name': 'Дмитрий Марков'}, 'payload': 'Start'}, 'message': {'recipient': {'chat_id': 233194361, 'chat_type': 'dialog', 'user_id': 23645861}, 'timestamp': 1772641166430, 'body': {'mid': 'mid.000000000de64379019cb9a5a45e3859', 'seq': 116171811483170905, 'text': 'Бот-генератор токенов доступа v.1.2.', 'attachments': [{'callback_id': 'f9LHodD0cOLJgIHGnzWL-KP7YapzeTGAqFuRrFcJZwLc6cPCmqNxX7ze76EIW52RiHEy7f2CM98vxXCFoIPwJpYPH7mRoX1pHrfvm1iHJp1qUDUwmgXz', 'payload': {'buttons': [[{'payload': 'Start', 'text': 'Начать', 'intent': 'default', 'type': 'callback'}]]}, 'type': 'inline_keyboard'}]}, 'sender': {'user_id': 210669020, 'first_name': 'DASHA_TOKEN_BOT', 'username': 'id575104156000_bot', 'is_bot': True, 'last_activity_time': 1772641188898, 'name': 'DASHA_TOKEN_BOT'}}, 'timestamp': 1772641189129, 'user_locale': 'ru', 'update_type': 'message_callback'}
clb

2026-03-04 19:19:49
mid.000000000de64379019cb9a5fde80959
snd

2026-03-04 19:19:49
mid.000000000de64379019cb9a5e8af5145
del

2026-03-04 19:19:50
mid.000000000de64379019cb9a601691ca5
snd

2026-03-04 19:19:50
mid.000000000de64379019cb9a5fde80959
del

2026-03-04 19:20:24
{'callback': {'timestamp': 1772641224473, 'callback_id': 'f9LHodD0cOKo5tlIE5hLdTwrsuABi-CCIYcG_qOVziBtUBP_M1Otvj-K9sg4EXjgkp4Mk0Jp_kv-jX3x1t8aKkY2vrOFTgOHbZNLK5wPs6iNUDlYQINB', 'user': {'user_id': 23645861, 'first_name': 'Дмитрий', 'last_name': 'Марков', 'is_bot': False, 'last_activity_time': 1772641204000, 'name': 'Дмитрий Марков'}, 'payload': 'Start'}, 'message': {'recipient': {'chat_id': 233194361, 'chat_type': 'dialog', 'user_id': 23645861}, 'timestamp': 1772641166430, 'body': {'mid': 'mid.000000000de64379019cb9a5a45e3859', 'seq': 116171811483170905, 'text': 'Бот-генератор токенов доступа v.1.2.', 'attachments': [{'callback_id': 'f9LHodD0cOLjqNsiSPbYRN8rE0YywWjh__nOlALuLGSKma8KOIB-8zs3isLIFUOywkvrRe7Qjuo3ln_u252K-ANqjHTX_I3UTWYBSSvsEXqeghmo6lSx', 'payload': {'buttons': [[{'payload': 'Start', 'text': 'Начать', 'intent': 'default', 'type': 'callback'}]]}, 'type': 'inline_keyboard'}]}, 'sender': {'user_id': 210669020, 'first_name': 'DASHA_TOKEN_BOT', 'username': 'id575104156000_bot', 'is_bot': True, 'last_activity_time': 1772641224226, 'name': 'DASHA_TOKEN_BOT'}}, 'timestamp': 1772641224473, 'user_locale': 'ru', 'update_type': 'message_callback'}
clb

2026-03-04 19:20:24
mid.000000000de64379019cb9a6880e0959
snd

2026-03-04 19:20:25
mid.000000000de64379019cb9a601691ca5
del

2026-03-04 19:20:25
mid.000000000de64379019cb9a68be122a5
snd

2026-03-04 19:20:26
mid.000000000de64379019cb9a6880e0959
del

2026-03-04 19:20:33
{'callback': {'timestamp': 1772641233326, 'callback_id': 'f9LHodD0cOIwZ0yPrV3KBE5gXfQK2FHyi50WIPM70ni_6p5fQKWqXJZtEGXRUs-X6R4KIkyn-284W5jL69mREC3qHNzqONEzErk6NvkXgo9BQh1tkqdI', 'user': {'user_id': 23645861, 'first_name': 'Дмитрий', 'last_name': 'Марков', 'is_bot': False, 'last_activity_time': 1772641204000, 'name': 'Дмитрий Марков'}, 'payload': 'MainMenu'}, 'message': {'recipient': {'chat_id': 233194361, 'chat_type': 'dialog', 'user_id': 23645861}, 'timestamp': 1772641225697, 'body': {'mid': 'mid.000000000de64379019cb9a68be122a5', 'seq': 116171815367287461, 'text': 'Для продолжения перейдите в Главное меню Бота или получите Новый токен.', 'attachments': [{'callback_id': 'f9LHodD0cOINIEu8Y4Uh_CGbcJdQCsuBo4ciEOPpciqH3OFljXsmxDXzOmupe4OZzW1MJJCIhWWrN_cAIBJIw16cv8Md9gDlGLXzmOpmWTra5MXXfNaR', 'payload': {'buttons': [[{'payload': 'MainMenu', 'text': 'Главное меню', 'intent': 'default', 'type': 'callback'}], [{'payload': 'GetNewToken', 'text': 'Новый токен', 'intent': 'default', 'type': 'callback'}]]}, 'type': 'inline_keyboard'}], 'markup': [{'from': 28, 'length': 12, 'type': 'strong'}, {'from': 59, 'length': 11, 'type': 'strong'}]}, 'sender': {'user_id': 210669020, 'first_name': 'DASHA_TOKEN_BOT', 'username': 'id575104156000_bot', 'is_bot': True, 'last_activity_time': 1772641233088, 'name': 'DASHA_TOKEN_BOT'}}, 'timestamp': 1772641233326, 'user_locale': 'ru', 'update_type': 'message_callback'}
clb

2026-03-04 19:20:33
mid.000000000de64379019cb9a6aad80959
snd

2026-03-04 19:20:34
mid.000000000de64379019cb9a68be122a5
del

2026-03-04 19:20:34
mid.000000000de64379019cb9a6ae964f9b
snd

2026-03-04 19:20:35
mid.000000000de64379019cb9a6aad80959
del

2026-03-04 19:21:05
{'callback': {'timestamp': 1772641265959, 'callback_id': 'f9LHodD0cOKx6V_itNMrNgLMaiYH5GS73x5-mGyoHHt2f2QoIaavgJcg23JCxnbTTUZlL9vAkUi5j5b1GCyXifMJ0uLYzrqpQ6kEbrTcDP5GT4nWPNTu', 'user': {'user_id': 23645861, 'first_name': 'Дмитрий', 'last_name': 'Марков', 'is_bot': False, 'last_activity_time': 1772641262000, 'name': 'Дмитрий Марков'}, 'payload': 'MenuExit'}, 'message': {'recipient': {'chat_id': 233194361, 'chat_type': 'dialog', 'user_id': 23645861}, 'timestamp': 1772641234582, 'body': {'mid': 'mid.000000000de64379019cb9a6ae964f9b', 'seq': 116171815949586331, 'text': 'Выберите команду меню Бота или получите Новый токен.', 'attachments': [{'callback_id': 'f9LHodD0cOKW_Kr7QYZGkcC8p3-FsbgY2khq_dlDZ1dfFivr7lUCGQg-bb7oolre-z0VN8dPLn-HK--XLg0XX0A5hjUoJ05gibCwR83LkCdr4BXI9Ob5', 'payload': {'buttons': [[{'payload': 'MenuAuth', 'text': 'Изменить доступ', 'intent': 'default', 'type': 'callback'}, {'payload': 'MenuAbout', 'text': 'О сервисе', 'intent': 'default', 'type': 'callback'}], [{'payload': 'MenuDeleteChat', 'text': 'Удалить чат из сервиса', 'intent': 'default', 'type': 'callback'}], [{'payload': 'MenuDeleteUser', 'text': 'Отказаться от использования сервиса', 'intent': 'default', 'type': 'callback'}], [{'payload': 'GetNewToken', 'text': 'Новый токен', 'intent': 'default', 'type': 'callback'}, {'payload': 'MenuExit', 'text': 'Выход из меню', 'intent': 'default', 'type': 'callback'}]]}, 'type': 'inline_keyboard'}], 'markup': [{'from': 40, 'length': 11, 'type': 'strong'}]}, 'sender': {'user_id': 210669020, 'first_name': 'DASHA_TOKEN_BOT', 'username': 'id575104156000_bot', 'is_bot': True, 'last_activity_time': 1772641265709, 'name': 'DASHA_TOKEN_BOT'}}, 'timestamp': 1772641265959, 'user_locale': 'ru', 'update_type': 'message_callback'}
clb

2026-03-04 19:21:06
mid.000000000de64379019cb9a72a230959
snd

2026-03-04 19:21:06
mid.000000000de64379019cb9a6ae964f9b
del

2026-03-04 19:21:07
mid.000000000de64379019cb9a72dfa7a25
snd

2026-03-04 19:21:07
mid.000000000de64379019cb9a72a230959
del

2026-03-04 19:21:24
{'message': {'recipient': {'chat_id': 233194361, 'chat_type': 'dialog', 'user_id': 210669020}, 'timestamp': 1772641284453, 'body': {'mid': 'mid.000000000de64379019cb9a77165462b', 'seq': 116171819217929771, 'text': 'Удалённое сообщение'}, 'sender': {'user_id': 23645861, 'first_name': 'Дмитрий', 'last_name': 'Марков', 'is_bot': False, 'last_activity_time': 1772641277000, 'name': 'Дмитрий Марков'}}, 'timestamp': 1772641284453, 'user_locale': 'ru', 'update_type': 'message_created'}
txt

2026-03-04 19:21:25
mid.000000000de64379019cb9a773bc0959
snd

2026-03-04 19:21:25
mid.000000000de64379019cb9a77165462b
del

2026-03-04 19:21:26
mid.000000000de64379019cb9a777f3692f
snd

2026-03-04 19:21:26
mid.000000000de64379019cb9a773bc0959
del

2026-03-04 19:21:30
{'callback': {'timestamp': 1772641290479, 'callback_id': 'f9LHodD0cOIBlbdRACzGw1rKySh9g8OPmEEySzwIe-EABqhegWpRViRUaIPoNUq3R6qRdC0JlDkgGNCue1DzkUZ3TUmfaSs3l5qrGxSRTrizRoA1dm6M', 'user': {'user_id': 23645861, 'first_name': 'Дмитрий', 'last_name': 'Марков', 'is_bot': False, 'last_activity_time': 1772641277000, 'name': 'Дмитрий Марков'}, 'payload': 'MainMenu'}, 'message': {'recipient': {'chat_id': 233194361, 'chat_type': 'dialog', 'user_id': 23645861}, 'timestamp': 1772641267194, 'body': {'mid': 'mid.000000000de64379019cb9a72dfa7a25', 'seq': 116171818086857253, 'text': 'Для продолжения перейдите в Главное меню Бота или получите Новый токен.', 'attachments': [{'callback_id': 'f9LHodD0cOINUFz69aa96a2lOqQtGnxudWDMelfdsrWSUXfcQ27GeRuMIuR4LL3MWxbkS_DTiMzX8jW3gqNu0-WlM0uSMHsW4AsAjnzS4e3vZAB9eBwi', 'payload': {'buttons': [[{'payload': 'MainMenu', 'text': 'Главное меню', 'intent': 'default', 'type': 'callback'}], [{'payload': 'GetNewToken', 'text': 'Новый токен', 'intent': 'default', 'type': 'callback'}]]}, 'type': 'inline_keyboard'}], 'markup': [{'from': 28, 'length': 12, 'type': 'strong'}, {'from': 59, 'length': 11, 'type': 'strong'}]}, 'sender': {'user_id': 210669020, 'first_name': 'DASHA_TOKEN_BOT', 'username': 'id575104156000_bot', 'is_bot': True, 'last_activity_time': 1772641290240, 'name': 'DASHA_TOKEN_BOT'}}, 'timestamp': 1772641290479, 'user_locale': 'ru', 'update_type': 'message_callback'}
clb

2026-03-04 19:21:30
mid.000000000de64379019cb9a78ad10959
snd

2026-03-04 19:21:31
mid.000000000de64379019cb9a777f3692f
del

2026-03-04 19:21:32
mid.000000000de64379019cb9a72dfa7a25
del

2026-03-04 19:21:32
mid.000000000de64379019cb9a7928f739b
snd

2026-03-04 19:21:33
mid.000000000de64379019cb9a78ad10959
del

2026-03-04 19:21:41
{'callback': {'timestamp': 1772641301718, 'callback_id': 'f9LHodD0cOJimLDfKHRQine-CMDBy1zDkfzrz01a96i8afbIeawMVQLS08YiN39z7Gqtuxhj0LIgCBSZaRUXlIHQs3kkOcBU3DUPeTk_0rsuHv96VIF6', 'user': {'user_id': 23645861, 'first_name': 'Дмитрий', 'last_name': 'Марков', 'is_bot': False, 'last_activity_time': 1772641301000, 'name': 'Дмитрий Марков'}, 'payload': 'GetNewToken'}, 'message': {'recipient': {'chat_id': 233194361, 'chat_type': 'dialog', 'user_id': 23645861}, 'timestamp': 1772641292943, 'body': {'mid': 'mid.000000000de64379019cb9a7928f739b', 'seq': 116171819774342043, 'text': 'Выберите команду меню Бота или получите Новый токен.', 'attachments': [{'callback_id': 'f9LHodD0cOIo6ZcbCZwr6YwB8xc1uMZjYOL8LqW19siHqN1cMfV8vbyU3D35iF4HFIfzp6asBcxth846Z7O7UsgkweGSGs3YB464_AdMfULCaGWy3uU_', 'payload': {'buttons': [[{'payload': 'MenuAuth', 'text': 'Изменить доступ', 'intent': 'default', 'type': 'callback'}, {'payload': 'MenuAbout', 'text': 'О сервисе', 'intent': 'default', 'type': 'callback'}], [{'payload': 'MenuDeleteChat', 'text': 'Удалить чат из сервиса', 'intent': 'default', 'type': 'callback'}], [{'payload': 'MenuDeleteUser', 'text': 'Отказаться от использования сервиса', 'intent': 'default', 'type': 'callback'}], [{'payload': 'GetNewToken', 'text': 'Новый токен', 'intent': 'default', 'type': 'callback'}, {'payload': 'MenuExit', 'text': 'Выход из меню', 'intent': 'default', 'type': 'callback'}]]}, 'type': 'inline_keyboard'}], 'markup': [{'from': 40, 'length': 11, 'type': 'strong'}]}, 'sender': {'user_id': 210669020, 'first_name': 'DASHA_TOKEN_BOT', 'username': 'id575104156000_bot', 'is_bot': True, 'last_activity_time': 1772641301473, 'name': 'DASHA_TOKEN_BOT'}}, 'timestamp': 1772641301718, 'user_locale': 'ru', 'update_type': 'message_callback'}
clb

2026-03-04 19:21:41
mid.000000000de64379019cb9a7b5ba0959
snd

2026-03-04 19:21:42
mid.000000000de64379019cb9a7928f739b
del

2026-03-04 19:21:42
mid.000000000de64379019cb9a7b9022f17
snd

2026-03-04 19:21:43
mid.000000000de64379019cb9a7bc5230f3
snd

2026-03-04 19:21:44
mid.000000000de64379019cb9a7b5ba0959
del

2026-03-04 19:22:14
mid.000000000de64379019cb9a7bc5230f3
del

2026-03-04 19:22:14
mid.000000000de64379019cb9a7b9022f17
del

2026-03-04 19:22:14
mid.000000000de64379019cb9a836ad2117
snd

2026-03-04 19:33:58
{'callback': {'timestamp': 1772642024449, 'callback_id': 'f9LHodD0cOI3hSQqqBXVMxvYCT5zwNbCFs4guWz4xJ2wYgEbEhpO1RfnTPcWIMuPlLlDkqrqtROS1elqWsG4ivbIc2jwV2gyDCvtA-kSsusW2Qgplxrt', 'user': {'user_id': 23645861, 'first_name': 'Дмитрий', 'last_name': 'Марков', 'is_bot': False, 'last_activity_time': 1772642017000, 'name': 'Дмитрий Марков'}, 'payload': 'MainMenu'}, 'message': {'recipient': {'chat_id': 233194361, 'chat_type': 'dialog', 'user_id': 23645861}, 'timestamp': 1772641334957, 'body': {'mid': 'mid.000000000de64379019cb9a836ad2117', 'seq': 116171822527750423, 'text': 'Истек срок действия токена 606479.', 'attachments': [{'callback_id': 'f9LHodD0cOIChipQlsHhlXXX3kNuYX7jzGu2PMOtR0HnzFf51gVKHBt96hyiPUF4Tecz3F2sfdNiA0bx_1NVst3rkUu3Hjas-2AecKw_bsVm7C_1oX5N', 'payload': {'buttons': [[{'payload': 'MainMenu', 'text': 'Главное меню', 'intent': 'default', 'type': 'callback'}], [{'payload': 'GetNewToken', 'text': 'Новый токен', 'intent': 'default', 'type': 'callback'}]]}, 'type': 'inline_keyboard'}], 'markup': [{'from': 27, 'length': 6, 'type': 'strikethrough'}]}, 'sender': {'user_id': 210669020, 'first_name': 'DASHA_TOKEN_BOT', 'username': 'id575104156000_bot', 'is_bot': True, 'last_activity_time': 1772642038976, 'name': 'DASHA_TOKEN_BOT'}}, 'timestamp': 1772642024449, 'user_locale': 'ru', 'update_type': 'message_callback'}
clb

2026-03-04 19:33:59
mid.000000000de64379019cb9b2f7370959
snd

2026-03-04 19:33:59
mid.000000000de64379019cb9a5a45e3859
del

2026-03-04 19:34:00
mid.000000000de64379019cb9b2fba366dd
snd

2026-03-04 19:34:01
mid.000000000de64379019cb9b2f7370959
del

2026-03-04 19:34:18
{'message': {'recipient': {'chat_id': 233194361, 'chat_type': 'dialog', 'user_id': 210669020}, 'timestamp': 1772642058562, 'body': {'mid': 'mid.000000000de64379019cb9b34142460f', 'seq': 116171869949937167, 'text': '0000'}, 'sender': {'user_id': 23645861, 'first_name': 'Дмитрий', 'last_name': 'Марков', 'is_bot': False, 'last_activity_time': 1772642054000, 'name': 'Дмитрий Марков'}}, 'timestamp': 1772642058562, 'user_locale': 'ru', 'update_type': 'message_created'}
txt

2026-03-04 19:34:18
mid.000000000de64379019cb9b342d50959
snd

2026-03-04 19:34:19
mid.000000000de64379019cb9b34142460f
del

2026-03-04 19:34:19
mid.000000000de64379019cb9b345a07933
snd

2026-03-04 19:34:19
mid.000000000de64379019cb9b342d50959
del

2026-03-04 19:34:24
{'callback': {'timestamp': 1772642064283, 'callback_id': 'f9LHodD0cOKhA8m-Pa1wovp_5vntbtHGoGtxN8IQDKyuqI4bNYi0SKBMw0SzFYA3rgbia3cdUkJAdG8_VnGADOwSU38Lj1OcR1aOEBS7fJnBorTlr7r1', 'user': {'user_id': 23645861, 'first_name': 'Дмитрий', 'last_name': 'Марков', 'is_bot': False, 'last_activity_time': 1772642054000, 'name': 'Дмитрий Марков'}, 'payload': 'Authorization'}, 'message': {'recipient': {'chat_id': 233194361, 'chat_type': 'dialog', 'user_id': 23645861}, 'timestamp': 1772642040739, 'body': {'mid': 'mid.000000000de64379019cb9b2fba366dd', 'seq': 116171868781897437, 'text': 'Текст для RequiredAuthorization не найден', 'attachments': [{'callback_id': 'f9LHodD0cOK6j9vr4Ue7hWxVsHNSHOHSqyBE0RcKSDzvMgeBQAJLSv_uUitVdX92HGkWqKAuJgQhQAd3PtVXLLnULa2P4GmCNZp34BS1gCIJXScICa-J', 'payload': {'buttons': [[{'payload': 'Authorization', 'text': 'Авторизоваться', 'intent': 'default', 'type': 'callback'}]]}, 'type': 'inline_keyboard'}], 'markup': [{'from': 10, 'length': 21, 'type': 'strong'}]}, 'sender': {'user_id': 210669020, 'first_name': 'DASHA_TOKEN_BOT', 'username': 'id575104156000_bot', 'is_bot': True, 'last_activity_time': 1772642064050, 'name': 'DASHA_TOKEN_BOT'}}, 'timestamp': 1772642064283, 'user_locale': 'ru', 'update_type': 'message_callback'}
clb

2026-03-04 19:34:24
mid.000000000de64379019cb9b358520959
snd

2026-03-04 19:34:24
mid.000000000de64379019cb9b345a07933
del

2026-03-04 19:34:25
mid.000000000de64379019cb9b2fba366dd
del

2026-03-04 19:34:25
mid.000000000de64379019cb9b35dfb06a5
snd

2026-03-04 19:34:26
mid.000000000de64379019cb9b358520959
del

2026-03-04 19:34:29
{'message': {'recipient': {'chat_id': 233194361, 'chat_type': 'dialog', 'user_id': 210669020}, 'timestamp': 1772642069582, 'body': {'mid': 'mid.000000000de64379019cb9b36c4e460f', 'seq': 116171870672143887, 'text': '0000'}, 'sender': {'user_id': 23645861, 'first_name': 'Дмитрий', 'last_name': 'Марков', 'is_bot': False, 'last_activity_time': 1772642069000, 'name': 'Дмитрий Марков'}}, 'timestamp': 1772642069582, 'user_locale': 'ru', 'update_type': 'message_created'}
txt

2026-03-04 19:34:29
mid.000000000de64379019cb9b36e070959
snd

2026-03-04 19:34:30
mid.000000000de64379019cb9b36c4e460f
del

2026-03-04 19:34:30
mid.000000000de64379019cb9b35dfb06a5
del

2026-03-04 19:34:31
mid.000000000de64379019cb9b3737e247e
snd

2026-03-04 19:34:31
mid.000000000de64379019cb9b36e070959
del

2026-03-04 19:39:39
mid.000000000de64379019cb9b828440959
snd

2026-03-04 19:39:40
mid.000000000de64379019cb9b3737e247e
del

2026-03-04 19:39:40
mid.000000000de64379019cb9a836ad2117
del

2026-03-04 19:39:41
mid.000000000de64379019cb9b82d521dcc
snd

2026-03-04 19:39:41
mid.000000000de64379019cb9b828440959
del

2026-03-04 20:33:11
{'callback': {'timestamp': 1772645591468, 'callback_id': 'f9LHodD0cOKl-DPyKAG4sKtcX5mYqkokNb8C2uJe2wvB0Zg2-q0reD_rLuCZ3pmoRrEQYZQkHS7SvxgJRB94HzjGkcnMnm7AJV34PRp-no7BokeOtG2g', 'user': {'user_id': 23645861, 'first_name': 'Дмитрий', 'last_name': 'Марков', 'is_bot': False, 'last_activity_time': 1772645588000, 'name': 'Дмитрий Марков'}, 'payload': 'Authorization'}, 'message': {'recipient': {'chat_id': 233194361, 'chat_type': 'dialog', 'user_id': 23645861}, 'timestamp': 1772642381138, 'body': {'mid': 'mid.000000000de64379019cb9b82d521dcc', 'seq': 116171891090267596, 'text': 'Превышено разрешенное время бездействия Бота.', 'attachments': [{'callback_id': 'f9LHodD0cOLqRGgXakHUgzPYbvZHGaOFT_1GvBVcFPUiw1lNyB9G0k2QtYyisXVCHW6pHqAJpPpS_8-hEZKObIZC1DfK8FQvrC101vsa1HpS7B3Fu4dl', 'payload': {'buttons': [[{'payload': 'Authorization', 'text': 'Авторизоваться', 'intent': 'default', 'type': 'callback'}]]}, 'type': 'inline_keyboard'}], 'markup': [{'from': 40, 'length': 4, 'type': 'strong'}]}, 'sender': {'user_id': 210669020, 'first_name': 'DASHA_TOKEN_BOT', 'username': 'id575104156000_bot', 'is_bot': True, 'last_activity_time': 1772645591228, 'name': 'DASHA_TOKEN_BOT'}}, 'timestamp': 1772645591468, 'user_locale': 'ru', 'update_type': 'message_callback'}
clb

2026-03-04 20:33:12
mid.000000000de64379019cb9e92be60959
snd

2026-03-04 20:33:12
mid.000000000de64379019cb9b82d521dcc
del

2026-03-04 20:33:13
mid.000000000de64379019cb9e931db797a
snd

2026-03-04 20:33:14
mid.000000000de64379019cb9e92be60959
del

2026-03-04 20:35:07
{'message': {'recipient': {'chat_id': 233194361, 'chat_type': 'dialog', 'user_id': 210669020}, 'timestamp': 1772645707921, 'body': {'mid': 'mid.000000000de64379019cb9eaf0910fb0', 'seq': 116172109114314672, 'text': 'Пррр'}, 'sender': {'user_id': 23645861, 'first_name': 'Дмитрий', 'last_name': 'Марков', 'is_bot': False, 'last_activity_time': 1772645705000, 'name': 'Дмитрий Марков'}}, 'timestamp': 1772645707921, 'user_locale': 'ru', 'update_type': 'message_created'}
txt

2026-03-04 20:35:08
mid.000000000de64379019cb9eaf37a0959
snd

2026-03-04 20:35:09
mid.000000000de64379019cb9eaf0910fb0
del

2026-03-04 20:35:09
mid.000000000de64379019cb9e931db797a
del

2026-03-04 20:35:10
mid.000000000de64379019cb9eafb1d1fe6
snd

2026-03-04 20:35:11
mid.000000000de64379019cb9eaf37a0959
del

2026-03-04 20:35:15
{'message': {'recipient': {'chat_id': 233194361, 'chat_type': 'dialog', 'user_id': 210669020}, 'timestamp': 1772645715548, 'body': {'mid': 'mid.000000000de64379019cb9eb0e5c460f', 'seq': 116172109614171663, 'text': '0000'}, 'sender': {'user_id': 23645861, 'first_name': 'Дмитрий', 'last_name': 'Марков', 'is_bot': False, 'last_activity_time': 1772645705000, 'name': 'Дмитрий Марков'}}, 'timestamp': 1772645715548, 'user_locale': 'ru', 'update_type': 'message_created'}
txt

2026-03-04 20:35:16
mid.000000000de64379019cb9eb10c30959
snd

2026-03-04 20:35:16
mid.000000000de64379019cb9eb0e5c460f
del

2026-03-04 20:35:17
mid.000000000de64379019cb9eb16aa7933
snd

2026-03-04 20:35:18
mid.000000000de64379019cb9eb10c30959
del

2026-03-04 20:35:20
{'callback': {'timestamp': 1772645720853, 'callback_id': 'f9LHodD0cOI0Ia3knrYkCdXQEreq25CnAXwnzhe9LkD85RQo6W7Xi_sx4yyNLF7cHnBS2es77OB8mBhCraEgaWeo-DlYa4X5Ulvwr0e3C20-oJYsFluM', 'user': {'user_id': 23645861, 'first_name': 'Дмитрий', 'last_name': 'Марков', 'is_bot': False, 'last_activity_time': 1772645719000, 'name': 'Дмитрий Марков'}, 'payload': 'Authorization'}, 'message': {'recipient': {'chat_id': 233194361, 'chat_type': 'dialog', 'user_id': 23645861}, 'timestamp': 1772645710621, 'body': {'mid': 'mid.000000000de64379019cb9eafb1d1fe6', 'seq': 116172109291266022, 'text': 'Текст для RequiredAuthorization не найден', 'attachments': [{'callback_id': 'f9LHodD0cOKivueuXtCqVdecvw6Le8LN2o3xYc8mwm81LiFHoS3HwNbN5Qkg8fIDHtLQ8jPJxDtu05ypqd0Ktk8RvWXXgxp9jubl_6of-SrJRTkenmga', 'payload': {'buttons': [[{'payload': 'Authorization', 'text': 'Авторизоваться', 'intent': 'default', 'type': 'callback'}]]}, 'type': 'inline_keyboard'}], 'markup': [{'from': 10, 'length': 21, 'type': 'strong'}]}, 'sender': {'user_id': 210669020, 'first_name': 'DASHA_TOKEN_BOT', 'username': 'id575104156000_bot', 'is_bot': True, 'last_activity_time': 1772645720607, 'name': 'DASHA_TOKEN_BOT'}}, 'timestamp': 1772645720853, 'user_locale': 'ru', 'update_type': 'message_callback'}
clb

2026-03-04 20:35:21
mid.000000000de64379019cb9eb25870959
snd

2026-03-04 20:35:22
mid.000000000de64379019cb9eb16aa7933
del

2026-03-04 20:35:22
mid.000000000de64379019cb9eafb1d1fe6
del

2026-03-04 20:35:23
mid.000000000de64379019cb9eb2e252ef0
snd

2026-03-04 20:35:24
mid.000000000de64379019cb9eb25870959
del

2026-03-04 20:35:29
{'message': {'recipient': {'chat_id': 233194361, 'chat_type': 'dialog', 'user_id': 210669020}, 'timestamp': 1772645729202, 'body': {'mid': 'mid.000000000de64379019cb9eb43b2460f', 'seq': 116172110509000207, 'text': '0000'}, 'sender': {'user_id': 23645861, 'first_name': 'Дмитрий', 'last_name': 'Марков', 'is_bot': False, 'last_activity_time': 1772645728000, 'name': 'Дмитрий Марков'}}, 'timestamp': 1772645729202, 'user_locale': 'ru', 'update_type': 'message_created'}
txt

2026-03-04 20:35:29
mid.000000000de64379019cb9eb46390959
snd

2026-03-04 20:35:30
mid.000000000de64379019cb9eb43b2460f
del

2026-03-04 20:35:30
mid.000000000de64379019cb9eb2e252ef0
del

2026-03-04 20:35:31
mid.000000000de64379019cb9eb4ccf017e
snd

2026-03-04 20:35:32
mid.000000000de64379019cb9eb46390959
del

2026-03-04 20:35:36
{'callback': {'timestamp': 1772645736587, 'callback_id': 'f9LHodD0cOIPmQUoYY1scU8-jbZRWQrxJdll-dExiywR3bZLuo0_ZlfzgMDhDfYy4FUeMcAdBS6jvrKHq3h56nYNCr60Hn4Gor5hGeezPvyG3dVyqTUX', 'user': {'user_id': 23645861, 'first_name': 'Дмитрий', 'last_name': 'Марков', 'is_bot': False, 'last_activity_time': 1772645733000, 'name': 'Дмитрий Марков'}, 'payload': 'GetNewToken'}, 'message': {'recipient': {'chat_id': 233194361, 'chat_type': 'dialog', 'user_id': 23645861}, 'timestamp': 1772645731535, 'body': {'mid': 'mid.000000000de64379019cb9eb4ccf017e', 'seq': 116172110661878142, 'text': 'Выберите команду меню Бота или получите Новый токен.', 'attachments': [{'callback_id': 'f9LHodD0cOLORlfWCw_VgvGgMNSQ2cyXNuQVeLb8SKeLkXmh8HZjxk3I5TC3KE-9Lq-u44_v-Gk9b6IAzFj9Pu_PqdYNiwmARfATDsadA7RSqR1UP66d', 'payload': {'buttons': [[{'payload': 'MainMenu', 'text': 'Главное меню', 'intent': 'default', 'type': 'callback'}], [{'payload': 'GetNewToken', 'text': 'Новый токен', 'intent': 'default', 'type': 'callback'}]]}, 'type': 'inline_keyboard'}], 'markup': [{'from': 40, 'length': 11, 'type': 'strong'}]}, 'sender': {'user_id': 210669020, 'first_name': 'DASHA_TOKEN_BOT', 'username': 'id575104156000_bot', 'is_bot': True, 'last_activity_time': 1772645736372, 'name': 'DASHA_TOKEN_BOT'}}, 'timestamp': 1772645736587, 'user_locale': 'ru', 'update_type': 'message_callback'}
clb

2026-03-04 20:35:37
mid.000000000de64379019cb9eb629b0959
snd

2026-03-04 20:35:37
mid.000000000de64379019cb9eb4ccf017e
del

2026-03-04 20:35:38
mid.000000000de64379019cb9eb68162f17
snd

2026-03-04 20:35:39
mid.000000000de64379019cb9eb6c9d704c
snd

2026-03-04 20:35:40
mid.000000000de64379019cb9eb629b0959
del

2026-03-04 20:35:43
{'callback': {'timestamp': 1772645743320, 'callback_id': 'f9LHodD0cOIwfGm8gAR1d7bvLTX6cukKLoUwYIISNiaKdiqA9gL-Ayppx7rTtAnfGnIh7389hKATpBMXXvwgng5i4yENVwyY9jCXZ5ss-giSWBsmMp1s', 'user': {'user_id': 23645861, 'first_name': 'Дмитрий', 'last_name': 'Марков', 'is_bot': False, 'last_activity_time': 1772645741000, 'name': 'Дмитрий Марков'}, 'payload': 'MainMenu'}, 'message': {'recipient': {'chat_id': 233194361, 'chat_type': 'dialog', 'user_id': 23645861}, 'timestamp': 1772645739677, 'body': {'mid': 'mid.000000000de64379019cb9eb6c9d704c', 'seq': 116172111195500620, 'text': '792073', 'attachments': [{'callback_id': 'f9LHodD0cOJYwI8ffjBoMnsGCU5x1fQnUqTLe9sH0qQXE2Acvgv0TQqcp046P9tuLweKR7KRc0wsYgruW0Eav_UdVVZU0su5AxNxrG01sOxTSA_LCaAK', 'payload': {'buttons': [[{'payload': 'MainMenu', 'text': 'Главное меню', 'intent': 'default', 'type': 'callback'}], [{'payload': 'GetNewToken', 'text': 'Новый токен', 'intent': 'default', 'type': 'callback'}]]}, 'type': 'inline_keyboard'}], 'markup': [{'from': 0, 'length': 6, 'type': 'strong'}]}, 'sender': {'user_id': 210669020, 'first_name': 'DASHA_TOKEN_BOT', 'username': 'id575104156000_bot', 'is_bot': True, 'last_activity_time': 1772645743105, 'name': 'DASHA_TOKEN_BOT'}}, 'timestamp': 1772645743320, 'user_locale': 'ru', 'update_type': 'message_callback'}
clb

2026-03-04 20:35:43
mid.000000000de64379019cb9eb7bbe0959
snd

2026-03-04 20:35:44
mid.000000000de64379019cb9eb810e733b
snd

2026-03-04 20:35:45
mid.000000000de64379019cb9eb7bbe0959
del

2026-03-04 20:36:10
mid.000000000de64379019cb9eb810e733b
del

2026-03-04 20:36:10
mid.000000000de64379019cb9eb6c9d704c
del

2026-03-04 20:36:11
mid.000000000de64379019cb9eb68162f17
del

2026-03-04 20:36:12
mid.000000000de64379019cb9ebeb08260e
snd

2026-03-04 20:37:45
mid.000000000de64379019cb9ed5a160959
snd

2026-03-04 20:37:46
mid.000000000de64379019cb9ebeb08260e
del

2026-03-04 20:37:47
mid.000000000de64379019cb9ed5e622cb3
snd

2026-03-04 20:37:47
mid.000000000de64379019cb9ed5a160959
del

2026-03-04 20:41:10
mid.000000000de64379019cb9f0770f2a1e
snd

2026-03-04 20:41:10
mid.000000000de64379019cb9ed5e622cb3
del

2026-03-04 20:41:45
{'callback': {'timestamp': 1772646105978, 'callback_id': 'f9LHodD0cOK_ImaPX1pi9jFUly601qzi_17qFpFH_-HOqpWUuW7Q-vx3TyUzSQVhDMfsthCxGg2B1N231c4K4TXAoB0NTdDM77ABOuiHcNN6kzi7vyNw', 'user': {'user_id': 23645861, 'first_name': 'Дмитрий', 'last_name': 'Марков', 'is_bot': False, 'last_activity_time': 1772646078000, 'name': 'Дмитрий Марков'}, 'payload': 'Start'}, 'message': {'recipient': {'chat_id': 233194361, 'chat_type': 'dialog', 'user_id': 23645861}, 'timestamp': 1772646070031, 'body': {'mid': 'mid.000000000de64379019cb9f0770f2a1e', 'seq': 116172132845562398, 'text': 'Бот-генератор токенов доступа v.1.2.', 'attachments': [{'callback_id': 'f9LHodD0cOI4cyoFUraFFKnRwaYh-xUVHBO9UwxRnHhCo1Qe108RntxpJk_3bhhy3c9Upr0TcnKq3-RkizWFisNzayX1DQWs3htbsR-hj1Oek6i_SmHx', 'payload': {'buttons': [[{'payload': 'Start', 'text': 'Начать', 'intent': 'default', 'type': 'callback'}]]}, 'type': 'inline_keyboard'}]}, 'sender': {'user_id': 210669020, 'first_name': 'DASHA_TOKEN_BOT', 'username': 'id575104156000_bot', 'is_bot': True, 'last_activity_time': 1772646105756, 'name': 'DASHA_TOKEN_BOT'}}, 'timestamp': 1772646105978, 'user_locale': 'ru', 'update_type': 'message_callback'}
clb

2026-03-04 20:41:46
mid.000000000de64379019cb9f1045d0959
snd

2026-03-04 20:41:46
mid.000000000de64379019cb9f0770f2a1e
del

2026-03-04 20:41:47
mid.000000000de64379019cb9f108f02052
snd

2026-03-04 20:41:47
mid.000000000de64379019cb9f1045d0959
del

2026-03-04 20:43:51
mid.000000000de64379019cb9f2eeb90959
snd

2026-03-04 20:43:52
mid.000000000de64379019cb9f108f02052
del

2026-03-04 20:43:52
mid.000000000de64379019cb9f2f31533b4
snd

2026-03-04 20:43:53
mid.000000000de64379019cb9f2eeb90959
del

2026-03-04 20:47:19
mid.000000000de64379019cb9f619393058
snd

2026-03-04 20:47:19
mid.000000000de64379019cb9f2f31533b4
del

2026-03-04 20:50:24
mid.000000000de64379019cb9f8ed050a32
snd

2026-03-04 20:50:25
mid.000000000de64379019cb9f619393058
del

2026-03-04 20:50:39
{'callback': {'timestamp': 1772646639797, 'callback_id': 'f9LHodD0cOIEjPn3u0cYGVmxzONbJG6KI01lJts50i9zK_hOiSSvrLkdE91T_aS6x-H2V0jKmKBuTcpHQ3NsUSGy0KiByjMSbabpxbQTpnLTxeNZrj4E', 'user': {'user_id': 23645861, 'first_name': 'Дмитрий', 'last_name': 'Марков', 'is_bot': False, 'last_activity_time': 1772646633000, 'name': 'Дмитрий Марков'}, 'payload': 'Start'}, 'message': {'recipient': {'chat_id': 233194361, 'chat_type': 'dialog', 'user_id': 23645861}, 'timestamp': 1772646624517, 'body': {'mid': 'mid.000000000de64379019cb9f8ed050a32', 'seq': 116172169184348722, 'text': 'Бот-генератор токенов доступа v.1.2.', 'attachments': [{'callback_id': 'f9LHodD0cOK6v0hQwikx1MqtmjQeCByq3S3QBFC_BKS1iyPy0fqaP0BYQg0lyxB3rCTilRECipOtdXpWZ7J6WFKAh-mtJunYPSp8ttL0heg69PP4cXQj', 'payload': {'buttons': [[{'payload': 'Start', 'text': 'Начать', 'intent': 'default', 'type': 'callback'}]]}, 'type': 'inline_keyboard'}]}, 'sender': {'user_id': 210669020, 'first_name': 'DASHA_TOKEN_BOT', 'username': 'id575104156000_bot', 'is_bot': True, 'last_activity_time': 1772646639580, 'name': 'DASHA_TOKEN_BOT'}}, 'timestamp': 1772646639797, 'user_locale': 'ru', 'update_type': 'message_callback'}
clb

2026-03-04 20:50:40
mid.000000000de64379019cb9f92ae80959
snd

2026-03-04 20:50:41
mid.000000000de64379019cb9f8ed050a32
del

2026-03-04 20:50:41
mid.000000000de64379019cb9f9305868f4
snd

2026-03-04 20:50:42
mid.000000000de64379019cb9f92ae80959
del

2026-03-04 20:50:50
{'message': {'recipient': {'chat_id': 233194361, 'chat_type': 'dialog', 'user_id': 210669020}, 'timestamp': 1772646650972, 'body': {'mid': 'mid.000000000de64379019cb9f9545c460f', 'seq': 116172170918118927, 'text': '0000'}, 'sender': {'user_id': 23645861, 'first_name': 'Дмитрий', 'last_name': 'Марков', 'is_bot': False, 'last_activity_time': 1772646650000, 'name': 'Дмитрий Марков'}}, 'timestamp': 1772646650972, 'user_locale': 'ru', 'update_type': 'message_created'}
txt

2026-03-04 20:50:51
mid.000000000de64379019cb9f956fe0959
snd

2026-03-04 20:50:52
mid.000000000de64379019cb9f9545c460f
del

2026-03-04 20:50:53
mid.000000000de64379019cb9f9305868f4
del

2026-03-04 20:50:53
mid.000000000de64379019cb9f95ec04f3e
snd

2026-03-04 20:50:54
mid.000000000de64379019cb9f956fe0959
del

2026-03-04 20:50:55
{'callback': {'timestamp': 1772646656089, 'callback_id': 'f9LHodD0cOL2AxlI4gTB5lrDTGNIpDrfKZ8jftAr91LPpjbyjbNGvRwsnWZmMLjBpK7KZe9LIbO_qTbkUr6wdJVhDWGZ1fxj6PVMAnAQnWi_4f3eDRKn', 'user': {'user_id': 23645861, 'first_name': 'Дмитрий', 'last_name': 'Марков', 'is_bot': False, 'last_activity_time': 1772646654000, 'name': 'Дмитрий Марков'}, 'payload': 'GetNewToken'}, 'message': {'recipient': {'chat_id': 233194361, 'chat_type': 'dialog', 'user_id': 23645861}, 'timestamp': 1772646653632, 'body': {'mid': 'mid.000000000de64379019cb9f95ec04f3e', 'seq': 116172171092447038, 'text': 'Выберите команду меню Бота или получите Новый токен.', 'attachments': [{'callback_id': 'f9LHodD0cOIgJuUHkz0wKQsm2TPkVyDPb1A4Ivl-WEsycHqQbiIwfeefdRsUDWT_VrI-pexnHkkTGFzfY5dSuoy16RrYRJEjJnPjda4Rg8-7cX1OLMIJ', 'payload': {'buttons': [[{'payload': 'MainMenu', 'text': 'Главное меню', 'intent': 'default', 'type': 'callback'}], [{'payload': 'GetNewToken', 'text': 'Новый токен', 'intent': 'default', 'type': 'callback'}]]}, 'type': 'inline_keyboard'}], 'markup': [{'from': 40, 'length': 11, 'type': 'strong'}]}, 'sender': {'user_id': 210669020, 'first_name': 'DASHA_TOKEN_BOT', 'username': 'id575104156000_bot', 'is_bot': True, 'last_activity_time': 1772646655857, 'name': 'DASHA_TOKEN_BOT'}}, 'timestamp': 1772646656089, 'user_locale': 'ru', 'update_type': 'message_callback'}
clb

2026-03-04 20:50:56
mid.000000000de64379019cb9f96a5c0959
snd

2026-03-04 20:50:56
mid.000000000de64379019cb9f95ec04f3e
del

2026-03-04 20:50:57
mid.000000000de64379019cb9f96ebe2f17
snd

2026-03-04 20:50:59
mid.000000000de64379019cb9f9745d11e4
snd

2026-03-04 20:50:59
mid.000000000de64379019cb9f96a5c0959
del

2026-03-04 20:51:02
{'callback': {'timestamp': 1772646662488, 'callback_id': 'f9LHodD0cOJOr2FUeF9hM2H1zPfQyqp7rVfMKbgBhk_U4exih2gY4n17B_sAAbpo3T-DlK0a8FpFv-x_7_K_D4VMOFtvHlp6jcHkhiDuLc8MsRXcv7NR', 'user': {'user_id': 23645861, 'first_name': 'Дмитрий', 'last_name': 'Марков', 'is_bot': False, 'last_activity_time': 1772646654000, 'name': 'Дмитрий Марков'}, 'payload': 'MainMenu'}, 'message': {'recipient': {'chat_id': 233194361, 'chat_type': 'dialog', 'user_id': 23645861}, 'timestamp': 1772646659165, 'body': {'mid': 'mid.000000000de64379019cb9f9745d11e4', 'seq': 116172171455042020, 'text': '049899', 'attachments': [{'callback_id': 'f9LHodD0cOKX3eG5s_prLp78tzsZeZl4SsZsQMUq7XxioFtiZqnMDjuVtMClAwaxvhExf-Dzp6SV48Z1IsDfmbV4FtnRf1Na2cM425xTi0Z1-mHCGnlF', 'payload': {'buttons': [[{'payload': 'MainMenu', 'text': 'Главное меню', 'intent': 'default', 'type': 'callback'}], [{'payload': 'GetNewToken', 'text': 'Новый токен', 'intent': 'default', 'type': 'callback'}]]}, 'type': 'inline_keyboard'}], 'markup': [{'from': 0, 'length': 6, 'type': 'strong'}]}, 'sender': {'user_id': 210669020, 'first_name': 'DASHA_TOKEN_BOT', 'username': 'id575104156000_bot', 'is_bot': True, 'last_activity_time': 1772646662247, 'name': 'DASHA_TOKEN_BOT'}}, 'timestamp': 1772646662488, 'user_locale': 'ru', 'update_type': 'message_callback'}
clb

2026-03-04 20:51:02
mid.000000000de64379019cb9f983430959
snd

2026-03-04 20:51:05
mid.000000000de64379019cb9f98b7b057b
snd

2026-03-04 20:51:05
mid.000000000de64379019cb9f983430959
del

2026-03-04 20:51:09
{'callback': {'timestamp': 1772646670222, 'callback_id': 'f9LHodD0cOKcL-zeoXHIhS-zZwiJdwZJ0D7XFjrl8FtvKlnUVMZMrll_Mmu4fr1I30qbMNcqVL9qDSmtbGA3JvUGWv29aYQrSp7kdbYprA_mFsV1rE7J', 'user': {'user_id': 23645861, 'first_name': 'Дмитрий', 'last_name': 'Марков', 'is_bot': False, 'last_activity_time': 1772646667000, 'name': 'Дмитрий Марков'}, 'payload': 'GetNewToken'}, 'message': {'recipient': {'chat_id': 233194361, 'chat_type': 'dialog', 'user_id': 23645861}, 'timestamp': 1772646665083, 'body': {'mid': 'mid.000000000de64379019cb9f98b7b057b', 'seq': 116172171842880891, 'text': 'Выберите команду меню Бота или получите Новый токен.', 'attachments': [{'callback_id': 'f9LHodD0cOJlPEahivwcwsP7Odm_Jrjw33vRiOSujBvIFneCMZL9qPWx05aDSzmSVWUHHlEllFOrAW9bgLecBWYhlvXkOe4h9_r6caW2ZVYZNUiHFvYm', 'payload': {'buttons': [[{'payload': 'MenuAuth', 'text': 'Изменить доступ', 'intent': 'default', 'type': 'callback'}, {'payload': 'MenuAbout', 'text': 'О сервисе', 'intent': 'default', 'type': 'callback'}], [{'payload': 'MenuDeleteChat', 'text': 'Удалить чат из сервиса', 'intent': 'default', 'type': 'callback'}], [{'payload': 'MenuDeleteUser', 'text': 'Отказаться от использования сервиса', 'intent': 'default', 'type': 'callback'}], [{'payload': 'GetNewToken', 'text': 'Новый токен', 'intent': 'default', 'type': 'callback'}, {'payload': 'MenuExit', 'text': 'Выход из меню', 'intent': 'default', 'type': 'callback'}]]}, 'type': 'inline_keyboard'}], 'markup': [{'from': 40, 'length': 11, 'type': 'strong'}]}, 'sender': {'user_id': 210669020, 'first_name': 'DASHA_TOKEN_BOT', 'username': 'id575104156000_bot', 'is_bot': True, 'last_activity_time': 1772646670012, 'name': 'DASHA_TOKEN_BOT'}}, 'timestamp': 1772646670222, 'user_locale': 'ru', 'update_type': 'message_callback'}
clb

2026-03-04 20:51:10
mid.000000000de64379019cb9f9a1b90959
snd

2026-03-04 20:51:11
mid.000000000de64379019cb9f98b7b057b
del

2026-03-04 20:51:12
mid.000000000de64379019cb9f9745d11e4
del

2026-03-04 20:51:12
mid.000000000de64379019cb9f96ebe2f17
del

2026-03-04 20:51:13
mid.000000000de64379019cb9f9acec544f
snd

2026-03-04 20:51:14
mid.000000000de64379019cb9f9acec544f
del

2026-03-04 20:51:14
mid.000000000de64379019cb9f9b1b42f17
snd

2026-03-04 20:51:16
mid.000000000de64379019cb9f9b74876ec
snd

2026-03-04 20:51:16
mid.000000000de64379019cb9f9a1b90959
del

2026-03-04 20:51:46
mid.000000000de64379019cb9f9b74876ec
del

2026-03-04 20:51:47
mid.000000000de64379019cb9f9b1b42f17
del

2026-03-04 20:51:47
mid.000000000de64379019cb9fa32dd4f90
snd

2026-03-04 20:53:15
mid.000000000de64379019cb9fb8a200959
snd

2026-03-04 20:53:16
mid.000000000de64379019cb9fa32dd4f90
del

2026-03-04 20:53:17
mid.000000000de64379019cb9fb9076285a
snd

2026-03-04 20:53:18
mid.000000000de64379019cb9fb8a200959
del

2026-03-04 20:56:33
mid.000000000de64379019cb9fe8f824d8a
snd

2026-03-04 20:56:34
mid.000000000de64379019cb9fb9076285a
del

2026-03-04 20:58:12
{'callback': {'timestamp': 1772647092783, 'callback_id': 'f9LHodD0cOLITDQuwcLtPcOIJcwek0sRAV7xXDQ1kHX3XHohWBoV2zBcHq8EvUClh2dsqS7NqcQtwB8Dfaw2qGmblS5wX5Biz0yzCkQr7M9FRNSLEQlO', 'user': {'user_id': 23645861, 'first_name': 'Дмитрий', 'last_name': 'Марков', 'is_bot': False, 'last_activity_time': 1772647092000, 'name': 'Дмитрий Марков'}, 'payload': 'Start'}, 'message': {'recipient': {'chat_id': 233194361, 'chat_type': 'dialog', 'user_id': 23645861}, 'timestamp': 1772646993794, 'body': {'mid': 'mid.000000000de64379019cb9fe8f824d8a', 'seq': 116172193385303434, 'text': 'Бот-генератор токенов доступа v.1.2.', 'attachments': [{'callback_id': 'f9LHodD0cOLYooGAld18r-sJ-A1cO5GfGkyAWlQ9osMqIViVr3vDM8lR0N3kmAg2rrUu-nvuQcr6f2OMe7WMRqhoADjKXXxj3ipFoTFUEBp5_l4xl84c', 'payload': {'buttons': [[{'payload': 'Start', 'text': 'Начать', 'intent': 'default', 'type': 'callback'}]]}, 'type': 'inline_keyboard'}]}, 'sender': {'user_id': 210669020, 'first_name': 'DASHA_TOKEN_BOT', 'username': 'id575104156000_bot', 'is_bot': True, 'last_activity_time': 1772647092538, 'name': 'DASHA_TOKEN_BOT'}}, 'timestamp': 1772647092783, 'user_locale': 'ru', 'update_type': 'message_callback'}
clb

2026-03-04 20:58:13
mid.000000000de64379019cba00141a0959
snd

2026-03-04 20:58:14
mid.000000000de64379019cb9fe8f824d8a
del

2026-03-04 20:58:14
mid.000000000de64379019cba0019f401c7
snd

2026-03-04 20:58:15
mid.000000000de64379019cba00141a0959
del

2026-03-04 21:00:19
mid.000000000de64379019cba01ff630959
snd

2026-03-04 21:00:19
mid.000000000de64379019cba0019f401c7
del

2026-03-04 21:00:20
mid.000000000de64379019cba0204ae3bfb
snd

2026-03-04 21:00:21
mid.000000000de64379019cba01ff630959
del

2026-03-04 21:03:41
mid.000000000de64379019cba05171813ae
snd

2026-03-04 21:03:42
mid.000000000de64379019cba0204ae3bfb
del

2026-03-04 21:05:31
{'callback': {'timestamp': 1772647531980, 'callback_id': 'f9LHodD0cOKwIn3Jt2PuFRRFIgmL2Z4XqlQQTJgLu6ABcAkWUPeyXxGfMu1EMRoPt-RQTlegKRoJlaax_8qVkU452p0a3TxEQ33lWkMqMhjHE51lXcZc', 'user': {'user_id': 23645861, 'first_name': 'Дмитрий', 'last_name': 'Марков', 'is_bot': False, 'last_activity_time': 1772647531000, 'name': 'Дмитрий Марков'}, 'payload': 'Start'}, 'message': {'recipient': {'chat_id': 233194361, 'chat_type': 'dialog', 'user_id': 23645861}, 'timestamp': 1772647421720, 'body': {'mid': 'mid.000000000de64379019cba05171813ae', 'seq': 116172221429846958, 'text': 'Бот-генератор токенов доступа v.1.2.', 'attachments': [{'callback_id': 'f9LHodD0cOJSJPx6n6GiGRu4L4KN-Gq2KqVHM01FtqNlDBlOM5T5FKcDnwKaC4ZgKv-A2pvHv9Fj1yb5lmT5hAGdMtqzza4A7rDJ4A4fGzIsE8wl33F9', 'payload': {'buttons': [[{'payload': 'Start', 'text': 'Начать', 'intent': 'default', 'type': 'callback'}]]}, 'type': 'inline_keyboard'}]}, 'sender': {'user_id': 210669020, 'first_name': 'DASHA_TOKEN_BOT', 'username': 'id575104156000_bot', 'is_bot': True, 'last_activity_time': 1772647531751, 'name': 'DASHA_TOKEN_BOT'}}, 'timestamp': 1772647531980, 'user_locale': 'ru', 'update_type': 'message_callback'}
clb

2026-03-04 21:05:32
mid.000000000de64379019cba06c7750959
snd

2026-03-04 21:05:33
mid.000000000de64379019cba05171813ae
del

2026-03-04 21:05:33
mid.000000000de64379019cba06cdb30961
snd

2026-03-04 21:05:34
mid.000000000de64379019cba06c7750959
del

2026-03-04 21:05:44
{'message': {'recipient': {'chat_id': 233194361, 'chat_type': 'dialog', 'user_id': 210669020}, 'timestamp': 1772647544719, 'body': {'mid': 'mid.000000000de64379019cba06f78f460f', 'seq': 116172229490722319, 'text': '0000'}, 'sender': {'user_id': 23645861, 'first_name': 'Дмитрий', 'last_name': 'Марков', 'is_bot': False, 'last_activity_time': 1772647544000, 'name': 'Дмитрий Марков'}}, 'timestamp': 1772647544719, 'user_locale': 'ru', 'update_type': 'message_created'}
txt

2026-03-04 21:05:45
mid.000000000de64379019cba06f96b0959
snd

2026-03-04 21:05:45
mid.000000000de64379019cba06f78f460f
del

2026-03-04 21:05:45
mid.000000000de64379019cba06cdb30961
del

2026-03-04 21:05:46
mid.000000000de64379019cba06ff0e0ebe
snd

2026-03-04 21:05:47
mid.000000000de64379019cba06f96b0959
del

2026-03-04 21:06:02
{'callback': {'timestamp': 1772647562557, 'callback_id': 'f9LHodD0cOI151wVIL9_AvulEGKKREPzoAqNUWSU8TDLg3mjthfPy5iWCUqXnBOcAnaexmQOVMWZrPMqfJi0kXq8LMFYPdhEZcSg9q2f5qRYUhMi0Lzv', 'user': {'user_id': 23645861, 'first_name': 'Дмитрий', 'last_name': 'Марков', 'is_bot': False, 'last_activity_time': 1772647558000, 'name': 'Дмитрий Марков'}, 'payload': 'MainMenu'}, 'message': {'recipient': {'chat_id': 233194361, 'chat_type': 'dialog', 'user_id': 23645861}, 'timestamp': 1772647546638, 'body': {'mid': 'mid.000000000de64379019cba06ff0e0ebe', 'seq': 116172229616471742, 'text': 'Выберите команду меню Бота или получите Новый токен.', 'attachments': [{'callback_id': 'f9LHodD0cOJt--AqPhPF3Brah5h8MV-KuhJjSFQiyM645nBvFTSETMM0MKahJOHuk1WU66UGA0W1wETAJIWuJegX2xR9bXEBAxioM5774ZuB5zQtpelv', 'payload': {'buttons': [[{'payload': 'MainMenu', 'text': 'Главное меню', 'intent': 'default', 'type': 'callback'}], [{'payload': 'GetNewToken', 'text': 'Новый токен', 'intent': 'default', 'type': 'callback'}]]}, 'type': 'inline_keyboard'}], 'markup': [{'from': 40, 'length': 11, 'type': 'strong'}]}, 'sender': {'user_id': 210669020, 'first_name': 'DASHA_TOKEN_BOT', 'username': 'id575104156000_bot', 'is_bot': True, 'last_activity_time': 1772647562319, 'name': 'DASHA_TOKEN_BOT'}}, 'timestamp': 1772647562557, 'user_locale': 'ru', 'update_type': 'message_callback'}
clb

2026-03-04 21:06:02
mid.000000000de64379019cba073f0e0959
snd

2026-03-04 21:06:03
mid.000000000de64379019cba06ff0e0ebe
del

2026-03-04 21:06:04
mid.000000000de64379019cba07448b517b
snd

2026-03-04 21:06:04
mid.000000000de64379019cba073f0e0959
del

2026-03-04 21:06:18
{'callback': {'timestamp': 1772647578693, 'callback_id': 'f9LHodD0cOI9KP7IaBNzKfKS5M0RwaU1MOSCzSUHRcXxM_Hy9pgCfbN-lY2UziDDLjz61hdulDmwKnTLaCmoymS8p64uInOZV03eE5-vU65fFT6l5OAl', 'user': {'user_id': 23645861, 'first_name': 'Дмитрий', 'last_name': 'Марков', 'is_bot': False, 'last_activity_time': 1772647574000, 'name': 'Дмитрий Марков'}, 'payload': 'MenuDeleteUser'}, 'message': {'recipient': {'chat_id': 233194361, 'chat_type': 'dialog', 'user_id': 23645861}, 'timestamp': 1772647564427, 'body': {'mid': 'mid.000000000de64379019cba07448b517b', 'seq': 116172230782308731, 'text': 'Выберите команду меню Бота или получите Новый токен.', 'attachments': [{'callback_id': 'f9LHodD0cOL3LsQqFLWCgyXADf6Jlav5ZNxcHV6_x_9JCFrBXCDkuoo1hDB4eB0WNW52gpfOEr2PmXviwuMyKcFll7w3A_MJyQT5akDIw_TDOG9JIdzq', 'payload': {'buttons': [[{'payload': 'MenuAuth', 'text': 'Изменить доступ', 'intent': 'default', 'type': 'callback'}, {'payload': 'MenuAbout', 'text': 'О сервисе', 'intent': 'default', 'type': 'callback'}], [{'payload': 'MenuDeleteChat', 'text': 'Удалить чат из сервиса', 'intent': 'default', 'type': 'callback'}], [{'payload': 'MenuDeleteUser', 'text': 'Отказаться от использования сервиса', 'intent': 'default', 'type': 'callback'}], [{'payload': 'GetNewToken', 'text': 'Новый токен', 'intent': 'default', 'type': 'callback'}, {'payload': 'MenuExit', 'text': 'Выход из меню', 'intent': 'default', 'type': 'callback'}]]}, 'type': 'inline_keyboard'}], 'markup': [{'from': 40, 'length': 11, 'type': 'strong'}]}, 'sender': {'user_id': 210669020, 'first_name': 'DASHA_TOKEN_BOT', 'username': 'id575104156000_bot', 'is_bot': True, 'last_activity_time': 1772647578478, 'name': 'DASHA_TOKEN_BOT'}}, 'timestamp': 1772647578693, 'user_locale': 'ru', 'update_type': 'message_callback'}
clb

2026-03-04 21:06:19
mid.000000000de64379019cba077e220959
snd

2026-03-04 21:06:19
mid.000000000de64379019cba07448b517b
del

2026-03-04 21:06:20
mid.000000000de64379019cba0784037813
snd

2026-03-04 21:06:21
mid.000000000de64379019cba077e220959
del

2026-03-04 21:06:24
{'callback': {'timestamp': 1772647584595, 'callback_id': 'f9LHodD0cOIOwSYb72WCB8MW6q0fhPyQ0k1PVB-hmPQUhgufP-2f1Ni_R4Fnmlwfb-liZOTzB4Gajr-GX8kPRO2zfdfciSJzUJbNjWbX6IVwlwxxY0Ar', 'user': {'user_id': 23645861, 'first_name': 'Дмитрий', 'last_name': 'Марков', 'is_bot': False, 'last_activity_time': 1772647574000, 'name': 'Дмитрий Марков'}, 'payload': 'MenuDelUserNo'}, 'message': {'recipient': {'chat_id': 233194361, 'chat_type': 'dialog', 'user_id': 23645861}, 'timestamp': 1772647580675, 'body': {'mid': 'mid.000000000de64379019cba0784037813', 'seq': 116172231847147539, 'text': 'Текст для MenuDelUserQuestion не найден', 'attachments': [{'callback_id': 'f9LHodD0cOIog9-H6giDE1qBwXpCB0nBmwVCcgTwllyi4TjrwRcNyxInqTww7P89EO93GaKi0Gzc0xUyex1MD3HahJQ3Ri0lh0yUoYzueix0915Kv3Y7', 'payload': {'buttons': [[{'payload': 'MenuDelUserYes', 'text': 'ДА - отказаться от сервиса', 'intent': 'default', 'type': 'callback'}], [{'payload': 'MenuDelUserNo', 'text': 'НЕТ - остаться в сервисе', 'intent': 'default', 'type': 'callback'}]]}, 'type': 'inline_keyboard'}], 'markup': [{'from': 10, 'length': 19, 'type': 'strong'}]}, 'sender': {'user_id': 210669020, 'first_name': 'DASHA_TOKEN_BOT', 'username': 'id575104156000_bot', 'is_bot': True, 'last_activity_time': 1772647584375, 'name': 'DASHA_TOKEN_BOT'}}, 'timestamp': 1772647584595, 'user_locale': 'ru', 'update_type': 'message_callback'}
clb

2026-03-04 21:06:25
mid.000000000de64379019cba0796150959
snd

2026-03-04 21:06:26
mid.000000000de64379019cba0784037813
del

2026-03-04 21:06:26
mid.000000000de64379019cba079ca669e5
snd

2026-03-04 21:06:27
mid.000000000de64379019cba0796150959
del

2026-03-04 21:08:33
mid.000000000de64379019cba098c490959
snd

2026-03-04 21:08:34
mid.000000000de64379019cba079ca669e5
del

2026-03-04 21:08:35
mid.000000000de64379019cba09924b192c
snd

2026-03-04 21:08:35
mid.000000000de64379019cba098c490959
del

2026-03-04 21:12:13
mid.000000000de64379019cba0ce70d3493
snd

2026-03-04 21:12:15
mid.000000000de64379019cba09924b192c
del

2026-03-04 21:15:19
mid.000000000de64379019cba0fbbf11786
snd

2026-03-04 21:15:21
mid.000000000de64379019cba0ce70d3493
del

2026-03-04 21:18:26
mid.000000000de64379019cba1297074687
snd

2026-03-04 21:18:28
mid.000000000de64379019cba0fbbf11786
del

2026-03-04 21:21:31
mid.000000000de64379019cba156bdb5d8b
snd

2026-03-04 21:21:33
mid.000000000de64379019cba1297074687
del

2026-03-04 21:24:36
mid.000000000de64379019cba183d1722f8
snd

2026-03-04 21:24:37
mid.000000000de64379019cba156bdb5d8b
del

2026-03-04 21:27:41
mid.000000000de64379019cba1b0e053b8c
snd

2026-03-04 21:27:42
mid.000000000de64379019cba183d1722f8
del

2026-03-04 21:30:46
mid.000000000de64379019cba1de24e0a32
snd

2026-03-04 21:30:47
mid.000000000de64379019cba1b0e053b8c
del

2026-03-04 21:33:51
mid.000000000de64379019cba20b3746e76
snd

2026-03-04 21:33:52
mid.000000000de64379019cba1de24e0a32
del

2026-03-04 21:36:55
mid.000000000de64379019cba23844a28f4
snd

2026-03-04 21:36:56
mid.000000000de64379019cba20b3746e76
del

2026-03-04 21:40:01
mid.000000000de64379019cba2659d46d41
snd

2026-03-04 21:40:02
mid.000000000de64379019cba23844a28f4
del

2026-03-04 21:43:06
mid.000000000de64379019cba292b557f0f
snd

2026-03-04 21:43:07
mid.000000000de64379019cba2659d46d41
del

2026-03-04 21:46:10
mid.000000000de64379019cba2bfbfe07e1
snd

2026-03-04 21:46:11
mid.000000000de64379019cba292b557f0f
del

2026-03-04 21:49:15
mid.000000000de64379019cba2ecc941598
snd

2026-03-04 21:49:16
mid.000000000de64379019cba2bfbfe07e1
del

2026-03-04 21:52:19
mid.000000000de64379019cba319def7cc9
snd

2026-03-04 21:52:20
mid.000000000de64379019cba2ecc941598
del

2026-03-04 21:55:24
mid.000000000de64379019cba346ee06fc1
snd

2026-03-04 21:55:25
mid.000000000de64379019cba319def7cc9
del

2026-03-04 21:58:29
mid.000000000de64379019cba3740ab280c
snd

2026-03-04 21:58:30
mid.000000000de64379019cba346ee06fc1
del

2026-03-04 22:01:33
mid.000000000de64379019cba3a11aa1ee2
snd

2026-03-04 22:01:34
mid.000000000de64379019cba3740ab280c
del

2026-03-04 22:04:39
mid.000000000de64379019cba3ce8013bb2
snd

2026-03-04 22:04:45
mid.000000000de64379019cba3a11aa1ee2
del

2026-03-04 22:07:49
mid.000000000de64379019cba3fcbe265ef
snd

2026-03-04 22:07:50
mid.000000000de64379019cba3ce8013bb2
del

2026-03-04 22:10:54
mid.000000000de64379019cba429e8b15eb
snd

2026-03-04 22:10:55
mid.000000000de64379019cba3fcbe265ef
del

2026-03-04 22:14:00
mid.000000000de64379019cba45750a0513
snd

2026-03-04 22:14:01
mid.000000000de64379019cba429e8b15eb
del

2026-03-04 22:17:04
mid.000000000de64379019cba4845fc1e3d
snd

2026-03-04 22:17:05
mid.000000000de64379019cba45750a0513
del

2026-03-04 22:20:09
mid.000000000de64379019cba4b16c430d6
snd

2026-03-04 22:20:10
mid.000000000de64379019cba4845fc1e3d
del

2026-03-04 22:23:13
mid.000000000de64379019cba4de79b21b2
snd

2026-03-04 22:23:14
mid.000000000de64379019cba4b16c430d6
del

2026-03-04 22:26:18
mid.000000000de64379019cba50b8933925
snd

2026-03-04 22:26:19
mid.000000000de64379019cba4de79b21b2
del

2026-03-04 22:29:22
mid.000000000de64379019cba53898722bd
snd

2026-03-04 22:29:23
mid.000000000de64379019cba50b8933925
del

2026-03-04 22:32:27
mid.000000000de64379019cba565a8c31d3
snd

2026-03-04 22:32:28
mid.000000000de64379019cba53898722bd
del

2026-03-04 22:35:31
mid.000000000de64379019cba592b773925
snd

2026-03-04 22:35:33
mid.000000000de64379019cba565a8c31d3
del

2026-03-04 22:38:36
mid.000000000de64379019cba5bfccd509a
snd

2026-03-04 22:38:37
mid.000000000de64379019cba592b773925
del

2026-03-04 22:41:41
mid.000000000de64379019cba5ece2d36ba
snd

2026-03-04 22:41:42
mid.000000000de64379019cba5bfccd509a
del

2026-03-04 22:44:46
mid.000000000de64379019cba61a061497e
snd

2026-03-04 22:44:47
mid.000000000de64379019cba5ece2d36ba
del

2026-03-04 22:47:51
mid.000000000de64379019cba6472c727bb
snd

2026-03-04 22:47:52
mid.000000000de64379019cba61a061497e
del

2026-03-04 22:50:55
mid.000000000de64379019cba6743685237
snd

2026-03-04 22:50:56
mid.000000000de64379019cba6472c727bb
del

2026-03-04 22:54:00
mid.000000000de64379019cba6a14395e16
snd

2026-03-04 22:54:01
mid.000000000de64379019cba6743685237
del

2026-03-04 22:57:04
mid.000000000de64379019cba6ce4cd155a
snd

2026-03-04 22:57:05
mid.000000000de64379019cba6a14395e16
del

2026-03-04 23:00:09
mid.000000000de64379019cba6fb6036fc6
snd

2026-03-04 23:00:10
mid.000000000de64379019cba6ce4cd155a
del

2026-03-04 23:03:13
mid.000000000de64379019cba7286a42f43
snd

2026-03-04 23:03:14
mid.000000000de64379019cba6fb6036fc6
del

2026-03-04 23:06:18
mid.000000000de64379019cba75587b2a45
snd

2026-03-04 23:06:19
mid.000000000de64379019cba7286a42f43
del

2026-03-04 23:09:22
mid.000000000de64379019cba7829405cf1
snd

2026-03-04 23:09:23
mid.000000000de64379019cba75587b2a45
del

2026-03-04 23:12:27
mid.000000000de64379019cba7af9de0ae8
snd

2026-03-04 23:12:28
mid.000000000de64379019cba7829405cf1
del

2026-03-04 23:15:32
mid.000000000de64379019cba7dcb263a71
snd

2026-03-04 23:15:33
mid.000000000de64379019cba7af9de0ae8
del

2026-03-04 23:18:36
mid.000000000de64379019cba809c370f96
snd

2026-03-04 23:18:37
mid.000000000de64379019cba7dcb263a71
del

2026-03-04 23:21:41
mid.000000000de64379019cba836db74490
snd

2026-03-04 23:21:42
mid.000000000de64379019cba809c370f96
del

2026-03-04 23:24:46
mid.000000000de64379019cba863f6f29a8
snd

2026-03-04 23:24:47
mid.000000000de64379019cba836db74490
del

2026-03-04 23:27:51
mid.000000000de64379019cba89139a719a
snd

2026-03-04 23:27:52
mid.000000000de64379019cba863f6f29a8
del

2026-03-04 23:30:56
mid.000000000de64379019cba8be4e901b5
snd

2026-03-04 23:30:57
mid.000000000de64379019cba89139a719a
del

2026-03-04 23:34:01
mid.000000000de64379019cba8eb8561b85
snd

2026-03-04 23:34:02
mid.000000000de64379019cba8be4e901b5
del

2026-03-04 23:37:05
mid.000000000de64379019cba91895e1a49
snd

2026-03-04 23:37:06
mid.000000000de64379019cba8eb8561b85
del

2026-03-04 23:40:10
mid.000000000de64379019cba9459ba231b
snd

2026-03-04 23:40:11
mid.000000000de64379019cba91895e1a49
del

2026-03-04 23:42:01
{'callback': {'timestamp': 1772656922015, 'callback_id': 'f9LHodD0cOKL6E9w7gIKFWYJMWsl_dA1aNPxHhHTaCsMB819JrRXP48cccUvmpJJNwXdulprtz8gHNijZSEnIw_ewvNROMia3_WPnOFlQ6hjtiuQNOhu', 'user': {'user_id': 23645861, 'first_name': 'Дмитрий', 'last_name': 'Марков', 'is_bot': False, 'last_activity_time': 1772656914000, 'name': 'Дмитрий Марков'}, 'payload': 'Start'}, 'message': {'recipient': {'chat_id': 233194361, 'chat_type': 'dialog', 'user_id': 23645861}, 'timestamp': 1772656810426, 'body': {'mid': 'mid.000000000de64379019cba9459ba231b', 'seq': 116172836728087323, 'text': 'Бот-генератор токенов доступа v.1.2.', 'attachments': [{'callback_id': 'f9LHodD0cOLPljxIxWQ6kSJNvHRnTopEhh1qv4cpv1y3_Is4LIcdsPOjiCzMzCSY0yG_aRHBVxMtWZ3lTGKwPxWE6igT6YEKtFYH-yXpgnzohkDs3SRk', 'payload': {'buttons': [[{'payload': 'Start', 'text': 'Начать', 'intent': 'default', 'type': 'callback'}]]}, 'type': 'inline_keyboard'}]}, 'sender': {'user_id': 210669020, 'first_name': 'DASHA_TOKEN_BOT', 'username': 'id575104156000_bot', 'is_bot': True, 'last_activity_time': 1772656921798, 'name': 'DASHA_TOKEN_BOT'}}, 'timestamp': 1772656922015, 'user_locale': 'ru', 'update_type': 'message_callback'}
clb

2026-03-04 23:42:02
mid.000000000de64379019cba960e610959
snd

2026-03-04 23:42:02
mid.000000000de64379019cba9459ba231b
del

2026-03-04 23:42:02
mid.000000000de64379019cba96116e5b0f
snd

2026-03-04 23:42:03
mid.000000000de64379019cba960e610959
del

2026-03-04 23:42:08
{'message': {'recipient': {'chat_id': 233194361, 'chat_type': 'dialog', 'user_id': 210669020}, 'timestamp': 1772656928718, 'body': {'mid': 'mid.000000000de64379019cba9627ce460f', 'seq': 116172844480480783, 'text': '0000'}, 'sender': {'user_id': 23645861, 'first_name': 'Дмитрий', 'last_name': 'Марков', 'is_bot': False, 'last_activity_time': 1772656914000, 'name': 'Дмитрий Марков'}}, 'timestamp': 1772656928718, 'user_locale': 'ru', 'update_type': 'message_created'}
txt

2026-03-04 23:42:09
mid.000000000de64379019cba9629b00959
snd

2026-03-04 23:42:09
mid.000000000de64379019cba9627ce460f
del

2026-03-04 23:42:09
mid.000000000de64379019cba96116e5b0f
del

2026-03-04 23:42:10
mid.000000000de64379019cba962e06595e
snd

2026-03-04 23:42:10
mid.000000000de64379019cba9629b00959
del

2026-03-04 23:44:11
mid.000000000de64379019cba9808c40959
snd

2026-03-04 23:44:12
mid.000000000de64379019cba962e06595e
del

2026-03-04 23:44:12
mid.000000000de64379019cba980bb56acd
snd

2026-03-04 23:44:12
mid.000000000de64379019cba9808c40959
del

2026-03-04 23:46:50
{'message': {'recipient': {'chat_id': 233194361, 'chat_type': 'dialog', 'user_id': 210669020}, 'timestamp': 1772657210847, 'body': {'mid': 'mid.000000000de64379019cba9a75df2c8c', 'seq': 116172862970080396, 'text': '2346'}, 'sender': {'user_id': 23645861, 'first_name': 'Дмитрий', 'last_name': 'Марков', 'is_bot': False, 'last_activity_time': 1772657207000, 'name': 'Дмитрий Марков'}}, 'timestamp': 1772657210847, 'user_locale': 'ru', 'update_type': 'message_created'}
txt

2026-03-04 23:46:51
mid.000000000de64379019cba9a77900959
snd

2026-03-04 23:46:51
mid.000000000de64379019cba9a75df2c8c
del

2026-03-04 23:46:51
mid.000000000de64379019cba980bb56acd
del

2026-03-04 23:46:52
mid.000000000de64379019cba9a7bc56467
snd

2026-03-04 23:46:52
mid.000000000de64379019cba9a77900959
del

2026-03-04 23:47:19
{'message': {'recipient': {'chat_id': 233194361, 'chat_type': 'dialog', 'user_id': 210669020}, 'timestamp': 1772657239069, 'body': {'mid': 'mid.000000000de64379019cba9ae41d2de3', 'seq': 116172864819637731, 'text': '', 'attachments': [{'payload': {'code': '180c6c6bb', 'url': 'https://i.oneme.ru/getSmile?smileId=180c6c6bb&smileType=4'}, 'width': 170, 'height': 170, 'type': 'sticker'}]}, 'sender': {'user_id': 23645861, 'first_name': 'Дмитрий', 'last_name': 'Марков', 'is_bot': False, 'last_activity_time': 1772657236000, 'name': 'Дмитрий Марков'}}, 'timestamp': 1772657239069, 'user_locale': 'ru', 'update_type': 'message_created'}
txt

2026-03-04 23:47:19
mid.000000000de64379019cba9ae5e40959
snd

2026-03-04 23:47:19
mid.000000000de64379019cba9ae41d2de3
del

2026-03-04 23:47:20
mid.000000000de64379019cba9ae8e31bc4
snd

2026-03-04 23:47:20
mid.000000000de64379019cba9ae5e40959
del

2026-03-04 23:49:21
mid.000000000de64379019cba9cc3680959
snd

2026-03-04 23:49:22
mid.000000000de64379019cba9ae8e31bc4
del

2026-03-04 23:49:22
mid.000000000de64379019cba9a7bc56467
del

2026-03-04 23:49:22
mid.000000000de64379019cba9cc85d7435
snd

2026-03-04 23:49:23
mid.000000000de64379019cba9cc3680959
del

2026-03-04 23:52:26
mid.000000000de64379019cba9f949c280c
snd

2026-03-04 23:52:27
mid.000000000de64379019cba9cc85d7435
del

2026-03-04 23:55:30
mid.000000000de64379019cbaa265ae6c7a
snd

2026-03-04 23:55:31
mid.000000000de64379019cba9f949c280c
del

2026-03-04 23:58:35
mid.000000000de64379019cbaa536a27bf4
snd

2026-03-04 23:58:36
mid.000000000de64379019cbaa265ae6c7a
del

