2026-03-17 05:18:02
mid.000000000de64379019cf99600086b72
snd

2026-03-17 05:18:03
mid.000000000de64379019cf84b5a664778
del

2026-03-17 08:17:10
mid.000000000de64379019cfa39fe547790
snd

2026-03-17 08:17:10
mid.000000000de64379019cf99600086b72
del

2026-03-17 16:26:33
mid.000000000de64379019cfbfa0c300f0a
snd

2026-03-17 16:26:34
mid.000000000de64379019cfa39fe547790
del

2026-03-17 17:26:36
mid.000000000de64379019cfc31040a3fb6
snd

2026-03-17 17:26:37
mid.000000000de64379019cfbfa0c300f0a
del

2026-03-17 18:26:37
mid.000000000de64379019cfc67f5fa0489
snd

2026-03-17 18:26:38
mid.000000000de64379019cfc31040a3fb6
del

2026-03-17 19:26:38
mid.000000000de64379019cfc9ee8391dcd
snd

2026-03-17 19:26:39
mid.000000000de64379019cfc67f5fa0489
del

2026-03-17 20:26:39
mid.000000000de64379019cfcd5da8f7145
snd

2026-03-17 20:26:40
mid.000000000de64379019cfc9ee8391dcd
del

2026-03-17 22:12:53
{'callback': {'timestamp': 1773757817779, 'callback_id': 'f9LHodD0cOJYssQuLFsjgLhuYcFWDRG0q9aMaqQG--LWB6vISFdVRQ764pvq82iEZ9MMvxz_bcTcj16utDSVqAMM4ywmLFDva5c7Nf9i-p2DPRhHFjzj', 'user': {'user_id': 23645861, 'first_name': 'Дмитрий', 'last_name': 'Марков', 'is_bot': False, 'last_activity_time': 1773772700000, 'name': 'Дмитрий Марков'}, 'payload': 'Start'}, 'message': {'recipient': {'chat_id': 233194361, 'chat_type': 'dialog', 'user_id': 23645861}, 'timestamp': 1773757596682, 'body': {'mid': 'mid.000000000de64379019cfc31040a3fb6', 'seq': 116244977856167862, 'text': 'Бот-генератор токенов доступа v.1.2.', 'attachments': [{'callback_id': 'f9LHodD0cOJImxG4g7tUwYoSnJoY7hjlgF089gn-6ka26VXAbulA_YQwooWDqq8uVIERr2SeBcscJkpi_3wxmeJTpOGDPvMHpekDriZX2UrH-_KZAjjo', 'payload': {'buttons': [[{'payload': 'Start', 'text': 'Начать', 'intent': 'default', 'type': 'callback'}]]}, 'type': 'inline_keyboard'}]}, 'sender': {'user_id': 210669020, 'first_name': 'DASHA_TOKEN_BOT', 'username': 'id575104156000_bot', 'is_bot': True, 'last_activity_time': 1773774773363, 'name': 'DASHA_TOKEN_BOT'}}, 'timestamp': 1773757817779, 'user_locale': 'ru', 'update_type': 'message_callback'}
clb

2026-03-17 22:12:53
mid.000000000de64379019cfd371e3f0959
snd

2026-03-17 22:12:54
mid.000000000de64379019cfcd5da8f7145
del

2026-03-17 22:12:54
mid.000000000de64379019cfd3721537a87
snd

2026-03-17 22:12:55
mid.000000000de64379019cfd37243f4b14
snd

2026-03-17 22:12:55
mid.000000000de64379019cfd371e3f0959
del

2026-03-17 22:12:55
{'callback': {'timestamp': 1773757823515, 'callback_id': 'f9LHodD0cOI5N93w6NzINaz4YcBF1m6SZnhKBH2DTWNEYg5pASMz897b6Gnr7uLlBXJVfKm9d6vUHtUsHY8EI5ptfYE_oc-Hq0IbluI_F84ze_dCF2sW', 'user': {'user_id': 23645861, 'first_name': 'Дмитрий', 'last_name': 'Марков', 'is_bot': False, 'last_activity_time': 1773772700000, 'name': 'Дмитрий Марков'}, 'payload': 'Start'}, 'message': {'recipient': {'chat_id': 233194361, 'chat_type': 'dialog', 'user_id': 23645861}, 'timestamp': 1773757596682, 'body': {'mid': 'mid.000000000de64379019cfc31040a3fb6', 'seq': 116244977856167862, 'text': 'Бот-генератор токенов доступа v.1.2.', 'attachments': [{'callback_id': 'f9LHodD0cOIA6giWBJKY6BfR87aQAKQbuYlmFdJAB00YG4ZU2Tz5GV9xoDSP9Mo2kyx3Qo1ys-NS64Y3K1u5dUuxMXYktGCLf8RT5zBbpkxwHUjpYXUY', 'payload': {'buttons': [[{'payload': 'Start', 'text': 'Начать', 'intent': 'default', 'type': 'callback'}]]}, 'type': 'inline_keyboard'}]}, 'sender': {'user_id': 210669020, 'first_name': 'DASHA_TOKEN_BOT', 'username': 'id575104156000_bot', 'is_bot': True, 'last_activity_time': 1773774773365, 'name': 'DASHA_TOKEN_BOT'}}, 'timestamp': 1773757823515, 'user_locale': 'ru', 'update_type': 'message_callback'}
clb

2026-03-17 22:12:55
mid.000000000de64379019cfd3727190959
snd

2026-03-17 22:12:56
mid.000000000de64379019cfd37243f4b14
del

2026-03-17 22:12:56
mid.000000000de64379019cfd3721537a87
del

2026-03-17 22:12:57
mid.000000000de64379019cfd372b513320
snd

2026-03-17 22:12:57
mid.000000000de64379019cfd372e676852
snd

2026-03-17 22:12:58
mid.000000000de64379019cfd3727190959
del

2026-03-17 22:13:02
{'callback': {'timestamp': 1773771461926, 'callback_id': 'f9LHodD0cOLPfZtHrzxJFFqTyoL5IkWu0N7x6SYu8rJk-a0R-98BiilXMq08mqw-X28X8DGNo8vGNqEjkN3FD1lbduxGeewaiGiRU96yGZ4HKClzDbMw', 'user': {'user_id': 23645861, 'first_name': 'Дмитрий', 'last_name': 'Марков', 'is_bot': False, 'last_activity_time': 1773772700000, 'name': 'Дмитрий Марков'}, 'payload': 'Start'}, 'message': {'recipient': {'chat_id': 233194361, 'chat_type': 'dialog', 'user_id': 23645861}, 'timestamp': 1773768399503, 'body': {'mid': 'mid.000000000de64379019cfcd5da8f7145', 'seq': 116245685829857605, 'text': 'Бот-генератор токенов доступа v.1.2.', 'attachments': [{'callback_id': 'f9LHodD0cOIyBs62K7cl8umuaY9NPPvrwYHxP4lymTGERusD76GINAmbmEupdq4hhgaR_2EzpiXxFjPm-a-ixGSLU6ZSvAo-n2uXuLnhmtb83CH-cIPe', 'payload': {'buttons': [[{'payload': 'Start', 'text': 'Начать', 'intent': 'default', 'type': 'callback'}]]}, 'type': 'inline_keyboard'}]}, 'sender': {'user_id': 210669020, 'first_name': 'DASHA_TOKEN_BOT', 'username': 'id575104156000_bot', 'is_bot': True, 'last_activity_time': 1773774782601, 'name': 'DASHA_TOKEN_BOT'}}, 'timestamp': 1773771461926, 'user_locale': 'ru', 'update_type': 'message_callback'}
clb

2026-03-17 22:13:02
mid.000000000de64379019cfd3742040959
snd

2026-03-17 22:13:03
mid.000000000de64379019cfd372e676852
del

2026-03-17 22:13:03
mid.000000000de64379019cfd372b513320
del

2026-03-17 22:13:04
mid.000000000de64379019cfd3746a415cc
snd

2026-03-17 22:13:04
mid.000000000de64379019cfd3749993dee
snd

2026-03-17 22:13:05
mid.000000000de64379019cfd3742040959
del

2026-03-17 22:16:33
{'callback': {'timestamp': 1773774993772, 'callback_id': 'f9LHodD0cOJL99ly0ywnTMRWTVuY3G42vNLmAG8mt3SOu6w2ti-6M8SXbySTg6OAMOnUFUlfpTurd_FqGn2JnpklJ01ej6KS6_HA8WFR5MR9i8Z6nhQw', 'user': {'user_id': 23645861, 'first_name': 'Дмитрий', 'last_name': 'Марков', 'is_bot': False, 'last_activity_time': 1773774988000, 'name': 'Дмитрий Марков'}, 'payload': 'Start'}, 'message': {'recipient': {'chat_id': 233194361, 'chat_type': 'dialog', 'user_id': 23645861}, 'timestamp': 1773768399503, 'body': {'mid': 'mid.000000000de64379019cfcd5da8f7145', 'seq': 116245685829857605, 'text': 'Бот-генератор токенов доступа v.1.2.', 'attachments': [{'callback_id': 'f9LHodD0cOJ0cy3NyP3h7_hXL9G42riMYmdXkAqOukDZjjXMPZM2C09LYRJ9Fgq5jYm9lHFLf0r6C_e0ZlNtF6So4Y71_-liBjXg75BYjgTsOfJT1JOw', 'payload': {'buttons': [[{'payload': 'Start', 'text': 'Начать', 'intent': 'default', 'type': 'callback'}]]}, 'type': 'inline_keyboard'}]}, 'sender': {'user_id': 210669020, 'first_name': 'DASHA_TOKEN_BOT', 'username': 'id575104156000_bot', 'is_bot': True, 'last_activity_time': 1773774993814, 'name': 'DASHA_TOKEN_BOT'}}, 'timestamp': 1773774993772, 'user_locale': 'ru', 'update_type': 'message_callback'}
clb

2026-03-17 22:16:34
mid.000000000de64379019cfd3a7b1d0959
snd

2026-03-17 22:16:34
mid.000000000de64379019cfd3749993dee
del

2026-03-17 22:16:34
mid.000000000de64379019cfd3746a415cc
del

2026-03-17 22:16:35
mid.000000000de64379019cfd3a7f645081
snd

2026-03-17 22:16:35
mid.000000000de64379019cfd3a82630dc8
snd

2026-03-17 22:16:36
mid.000000000de64379019cfd3a7b1d0959
del

2026-03-17 22:16:43
{'callback': {'timestamp': 1773775003938, 'callback_id': 'f9LHodD0cOILjeLJhdafng_uedF_2VxDIMB5BySKR-qMpijeHgjcLYJ2vRV_qW6Ebftv5BvwaHEiG08j3lI6M3HC1XPnSheC5R-YfVbdnqUcHUx0jdIu', 'user': {'user_id': 23645861, 'first_name': 'Дмитрий', 'last_name': 'Марков', 'is_bot': False, 'last_activity_time': 1773774988000, 'name': 'Дмитрий Марков'}, 'payload': 'KBRD.9'}, 'message': {'recipient': {'chat_id': 233194361, 'chat_type': 'dialog', 'user_id': 23645861}, 'timestamp': 1773774996067, 'body': {'mid': 'mid.000000000de64379019cfd3a82630dc8', 'seq': 116246118142250440, 'text': 'Введите код доступа:  _ _ _ _', 'attachments': [{'callback_id': 'f9LHodD0cOLayY2BRZC7FLQtKifbySz4nEIyTXMWZe-b3HEK0Fi6cdWM0oozfA6KJnTboH_daBp5VmjMubU_cVBrdnU7JMAy3XXytJ9gJikhArhDsDeD', 'payload': {'buttons': [[{'payload': 'KBRD.7', 'text': '7', 'intent': 'default', 'type': 'callback'}, {'payload': 'KBRD.8', 'text': '8', 'intent': 'default', 'type': 'callback'}, {'payload': 'KBRD.9', 'text': '9', 'intent': 'default', 'type': 'callback'}], [{'payload': 'KBRD.4', 'text': '4', 'intent': 'default', 'type': 'callback'}, {'payload': 'KBRD.5', 'text': '5', 'intent': 'default', 'type': 'callback'}, {'payload': 'KBRD.6', 'text': '6', 'intent': 'default', 'type': 'callback'}], [{'payload': 'KBRD.3', 'text': '3', 'intent': 'default', 'type': 'callback'}, {'payload': 'KBRD.2', 'text': '2', 'intent': 'default', 'type': 'callback'}, {'payload': 'KBRD.1', 'text': '1', 'intent': 'default', 'type': 'callback'}], [{'payload': 'KBRD.0', 'text': '0', 'intent': 'default', 'type': 'callback'}, {'payload': 'KBRD.Cancel', 'text': 'Сброс', 'intent': 'default', 'type': 'callback'}], [{'payload': 'RecoveryAuthorization', 'text': 'Восстановление доступа', 'intent': 'default', 'type': 'callback'}], [{'payload': 'CancelCurrentOperation', 'text': 'Прервать операцию', 'intent': 'default', 'type': 'callback'}]]}, 'type': 'inline_keyboard'}], 'markup': [{'from': 21, 'length': 8, 'type': 'strong'}]}, 'sender': {'user_id': 210669020, 'first_name': 'DASHA_TOKEN_BOT', 'username': 'id575104156000_bot', 'is_bot': True, 'last_activity_time': 1773775003984, 'name': 'DASHA_TOKEN_BOT'}}, 'timestamp': 1773775003938, 'user_locale': 'ru', 'update_type': 'message_callback'}
clb

2026-03-17 22:16:44
23645861
edt

2026-03-17 22:16:44
{'callback': {'timestamp': 1773775004420, 'callback_id': 'f9LHodD0cOKxBIQdKUu4tr4kjfTGtTvLAd4kTezu_75QpCMJHgNAFIp0SgGdlukj26vUqfAt5Is0pm5u2b3jTfF1YSeFzFkw7BjG-V0zfp27mKVZZSaZ', 'user': {'user_id': 23645861, 'first_name': 'Дмитрий', 'last_name': 'Марков', 'is_bot': False, 'last_activity_time': 1773775004000, 'name': 'Дмитрий Марков'}, 'payload': 'KBRD.9'}, 'message': {'recipient': {'chat_id': 233194361, 'chat_type': 'dialog', 'user_id': 23645861}, 'timestamp': 1773774996067, 'body': {'mid': 'mid.000000000de64379019cfd3a82630dc8', 'seq': 116246118142250440, 'text': 'Введите код доступа:  * _ _ _', 'attachments': [{'callback_id': 'f9LHodD0cOLXCh8XxF2jmdYkKyX91lq5l-uoK3c7IRNYWIZRh_rLh8xg2QIxRTyDEGW4G4UjexCYPn_ntAJi6-tmuDXJ4fYbhFdW-zfM-6SJwpiQhs4Y', 'payload': {'buttons': [[{'payload': 'KBRD.7', 'text': '7', 'intent': 'default', 'type': 'callback'}, {'payload': 'KBRD.8', 'text': '8', 'intent': 'default', 'type': 'callback'}, {'payload': 'KBRD.9', 'text': '9', 'intent': 'default', 'type': 'callback'}], [{'payload': 'KBRD.4', 'text': '4', 'intent': 'default', 'type': 'callback'}, {'payload': 'KBRD.5', 'text': '5', 'intent': 'default', 'type': 'callback'}, {'payload': 'KBRD.6', 'text': '6', 'intent': 'default', 'type': 'callback'}], [{'payload': 'KBRD.3', 'text': '3', 'intent': 'default', 'type': 'callback'}, {'payload': 'KBRD.2', 'text': '2', 'intent': 'default', 'type': 'callback'}, {'payload': 'KBRD.1', 'text': '1', 'intent': 'default', 'type': 'callback'}], [{'payload': 'KBRD.0', 'text': '0', 'intent': 'default', 'type': 'callback'}, {'payload': 'KBRD.Cancel', 'text': 'Сброс', 'intent': 'default', 'type': 'callback'}], [{'payload': 'RecoveryAuthorization', 'text': 'Восстановление доступа', 'intent': 'default', 'type': 'callback'}], [{'payload': 'CancelCurrentOperation', 'text': 'Прервать операцию', 'intent': 'default', 'type': 'callback'}]]}, 'type': 'inline_keyboard'}], 'markup': [{'from': 21, 'length': 8, 'type': 'strong'}]}, 'sender': {'user_id': 210669020, 'first_name': 'DASHA_TOKEN_BOT', 'username': 'id575104156000_bot', 'is_bot': True, 'last_activity_time': 1773775004769, 'name': 'DASHA_TOKEN_BOT'}}, 'timestamp': 1773775004420, 'user_locale': 'ru', 'update_type': 'message_callback'}
clb

2026-03-17 22:16:45
23645861
edt

2026-03-17 22:16:45
{'callback': {'timestamp': 1773775004861, 'callback_id': 'f9LHodD0cOLSwdQN3EqfgWlycsULiF70vWDpisUjR2Gxza6gleHNYduLkF2GOeGIMk6N6HT-YlXXx6zd50Yvkopm8Qw70n7Sc_tcOqHEFuBBB7YB9Dj8', 'user': {'user_id': 23645861, 'first_name': 'Дмитрий', 'last_name': 'Марков', 'is_bot': False, 'last_activity_time': 1773775005000, 'name': 'Дмитрий Марков'}, 'payload': 'KBRD.9'}, 'message': {'recipient': {'chat_id': 233194361, 'chat_type': 'dialog', 'user_id': 23645861}, 'timestamp': 1773774996067, 'body': {'mid': 'mid.000000000de64379019cfd3a82630dc8', 'seq': 116246118142250440, 'text': 'Введите код доступа:  * * _ _', 'attachments': [{'callback_id': 'f9LHodD0cOImjXrkaGn0ffdDbdGhrBnisgRIDUfdHrS6-oUlGr-QshTQkvYG-5JNyaL23eMJx0zD34qZw9SVYLi-ymDa104ulZqwaoLsGeZiJrgua2Ef', 'payload': {'buttons': [[{'payload': 'KBRD.7', 'text': '7', 'intent': 'default', 'type': 'callback'}, {'payload': 'KBRD.8', 'text': '8', 'intent': 'default', 'type': 'callback'}, {'payload': 'KBRD.9', 'text': '9', 'intent': 'default', 'type': 'callback'}], [{'payload': 'KBRD.4', 'text': '4', 'intent': 'default', 'type': 'callback'}, {'payload': 'KBRD.5', 'text': '5', 'intent': 'default', 'type': 'callback'}, {'payload': 'KBRD.6', 'text': '6', 'intent': 'default', 'type': 'callback'}], [{'payload': 'KBRD.3', 'text': '3', 'intent': 'default', 'type': 'callback'}, {'payload': 'KBRD.2', 'text': '2', 'intent': 'default', 'type': 'callback'}, {'payload': 'KBRD.1', 'text': '1', 'intent': 'default', 'type': 'callback'}], [{'payload': 'KBRD.0', 'text': '0', 'intent': 'default', 'type': 'callback'}, {'payload': 'KBRD.Cancel', 'text': 'Сброс', 'intent': 'default', 'type': 'callback'}], [{'payload': 'RecoveryAuthorization', 'text': 'Восстановление доступа', 'intent': 'default', 'type': 'callback'}], [{'payload': 'CancelCurrentOperation', 'text': 'Прервать операцию', 'intent': 'default', 'type': 'callback'}]]}, 'type': 'inline_keyboard'}], 'markup': [{'from': 21, 'length': 8, 'type': 'strong'}]}, 'sender': {'user_id': 210669020, 'first_name': 'DASHA_TOKEN_BOT', 'username': 'id575104156000_bot', 'is_bot': True, 'last_activity_time': 1773775005574, 'name': 'DASHA_TOKEN_BOT'}}, 'timestamp': 1773775004861, 'user_locale': 'ru', 'update_type': 'message_callback'}
clb

2026-03-17 22:16:45
23645861
edt

2026-03-17 22:16:45
{'callback': {'timestamp': 1773775005295, 'callback_id': 'f9LHodD0cOKeQAMHDKpgKQTgKVimW3YjJhsH6T1Z23iKK3DgDk5KTO-mde94ahTbdwpEObCQvlRdSiQiB8SzSv8Yca9yIIkaJ76-hzgpjpFDXYLMV-xo', 'user': {'user_id': 23645861, 'first_name': 'Дмитрий', 'last_name': 'Марков', 'is_bot': False, 'last_activity_time': 1773775005000, 'name': 'Дмитрий Марков'}, 'payload': 'KBRD.9'}, 'message': {'recipient': {'chat_id': 233194361, 'chat_type': 'dialog', 'user_id': 23645861}, 'timestamp': 1773774996067, 'body': {'mid': 'mid.000000000de64379019cfd3a82630dc8', 'seq': 116246118142250440, 'text': 'Введите код доступа:  * * _ _', 'attachments': [{'callback_id': 'f9LHodD0cOLdn4DSC0PGlXB7TJ-Z5JHQIkfxxGCbk6uzhKWp4rtIs_du1H00YLmvMemUp62JC87znt5gCC_iJLtiBN7oP8Y6aMy4gRWgS0iwn0_W8cKB', 'payload': {'buttons': [[{'payload': 'KBRD.7', 'text': '7', 'intent': 'default', 'type': 'callback'}, {'payload': 'KBRD.8', 'text': '8', 'intent': 'default', 'type': 'callback'}, {'payload': 'KBRD.9', 'text': '9', 'intent': 'default', 'type': 'callback'}], [{'payload': 'KBRD.4', 'text': '4', 'intent': 'default', 'type': 'callback'}, {'payload': 'KBRD.5', 'text': '5', 'intent': 'default', 'type': 'callback'}, {'payload': 'KBRD.6', 'text': '6', 'intent': 'default', 'type': 'callback'}], [{'payload': 'KBRD.3', 'text': '3', 'intent': 'default', 'type': 'callback'}, {'payload': 'KBRD.2', 'text': '2', 'intent': 'default', 'type': 'callback'}, {'payload': 'KBRD.1', 'text': '1', 'intent': 'default', 'type': 'callback'}], [{'payload': 'KBRD.0', 'text': '0', 'intent': 'default', 'type': 'callback'}, {'payload': 'KBRD.Cancel', 'text': 'Сброс', 'intent': 'default', 'type': 'callback'}], [{'payload': 'RecoveryAuthorization', 'text': 'Восстановление доступа', 'intent': 'default', 'type': 'callback'}], [{'payload': 'CancelCurrentOperation', 'text': 'Прервать операцию', 'intent': 'default', 'type': 'callback'}]]}, 'type': 'inline_keyboard'}], 'markup': [{'from': 21, 'length': 8, 'type': 'strong'}]}, 'sender': {'user_id': 210669020, 'first_name': 'DASHA_TOKEN_BOT', 'username': 'id575104156000_bot', 'is_bot': True, 'last_activity_time': 1773775005575, 'name': 'DASHA_TOKEN_BOT'}}, 'timestamp': 1773775005295, 'user_locale': 'ru', 'update_type': 'message_callback'}
clb

2026-03-17 22:16:46
23645861
edt

2026-03-17 22:16:46
mid.000000000de64379019cfd3aac0d0959
snd

2026-03-17 22:16:46
mid.000000000de64379019cfd3a82630dc8
del

2026-03-17 22:16:47
mid.000000000de64379019cfd3a7f645081
del

2026-03-17 22:16:47
mid.000000000de64379019cfd3ab035137e
snd

2026-03-17 22:16:48
mid.000000000de64379019cfd3aac0d0959
del

2026-03-17 22:19:31
mid.000000000dc3234e019cfd3d31790959
snd

2026-03-17 22:19:32
mid.000000000dc3234e019cfd3d33580ea4
snd

2026-03-17 22:19:33
mid.000000000dc3234e019cfd3d31790959
del

2026-03-17 22:19:34
{'callback': {'timestamp': 1773775174394, 'callback_id': 'f9LHodD0cOL7ygMNfTfJ6Z8MWQLDULWKES875-PiqD_IbSA6KCfCy1GJZIr2yNQ-CMVSrXM6Z3mPEsCm8_fcS-MFhREYYySFT3nGU_F56HkvbSK0G_nk', 'user': {'user_id': 23645861, 'first_name': 'Дмитрий', 'last_name': 'Марков', 'is_bot': False, 'last_activity_time': 1773775168000, 'name': 'Дмитрий Марков'}, 'payload': 'Registration'}, 'message': {'recipient': {'chat_id': 230892366, 'chat_type': 'dialog', 'user_id': 23645861}, 'timestamp': 1773775172440, 'body': {'mid': 'mid.000000000dc3234e019cfd3d33580ea4', 'seq': 116246129701031588, 'text': 'Текст для RequiredRegistration не найден', 'attachments': [{'callback_id': 'f9LHodD0cOJXLZjFRGnaPTugmOTE_0kKw5_x3MhQ9zx1TZDzI_YGyvs58u1RV7Py9n6PMATPBdtz9MQzgbaGjSQhOGZZNVILt73KRU6m9jU3eSdEUTU7', 'payload': {'buttons': [[{'payload': 'Registration', 'text': 'Регистрация', 'intent': 'default', 'type': 'callback'}]]}, 'type': 'inline_keyboard'}], 'markup': [{'from': 10, 'length': 20, 'type': 'strong'}]}, 'sender': {'user_id': 212594155, 'first_name': 'DASHA_TOKEN_2_BOT', 'username': 'id575104156000_2_bot', 'is_bot': True, 'last_activity_time': 1773775174440, 'name': 'DASHA_TOKEN_2_BOT'}}, 'timestamp': 1773775174394, 'user_locale': 'ru', 'update_type': 'message_callback'}
clb

2026-03-17 22:19:34
mid.000000000dc3234e019cfd3d3d280959
snd

2026-03-17 22:19:35
mid.000000000dc3234e019cfd3d33580ea4
del

2026-03-17 22:19:35
mid.000000000dc3234e019cfd3d41796541
snd

2026-03-17 22:19:37
mid.000000000dc3234e019cfd3d45f30caf
snd

2026-03-17 22:19:37
mid.000000000dc3234e019cfd3d3d280959
del

2026-03-17 22:19:40
{'message': {'recipient': {'chat_id': 230892366, 'chat_type': 'dialog', 'user_id': 212594155}, 'timestamp': 1773775180560, 'body': {'mid': 'mid.000000000dc3234e019cfd3d53102a73', 'seq': 116246130233191027, 'text': '', 'attachments': [{'payload': {'vcf_info': 'BEGIN:VCARD\r\nVERSION:3.0\r\nPRODID:ez-vcard 0.10.3\r\nTEL;TYPE=cell:79175560062\r\nFN:Дмитрий Марков\r\nEND:VCARD\r\n', 'max_info': {'user_id': 23645861, 'first_name': 'Дмитрий', 'last_name': 'Марков', 'is_bot': False, 'last_activity_time': 1773775168000, 'name': 'Дмитрий Марков'}}, 'type': 'contact'}]}, 'sender': {'user_id': 23645861, 'first_name': 'Дмитрий', 'last_name': 'Марков', 'is_bot': False, 'last_activity_time': 1773775168000, 'name': 'Дмитрий Марков'}}, 'timestamp': 1773775180560, 'user_locale': 'ru', 'update_type': 'message_created'}
txt

2026-03-17 22:19:40
mid.000000000dc3234e019cfd3d54ac0959
snd

2026-03-17 22:19:41
mid.000000000dc3234e019cfd3d53102a73
del

2026-03-17 22:19:41
mid.000000000dc3234e019cfd3d45f30caf
del

2026-03-17 22:19:42
mid.000000000dc3234e019cfd3d41796541
del

2026-03-17 22:19:43
mid.000000000dc3234e019cfd3d5d7f7152
snd

2026-03-17 22:19:44
mid.000000000dc3234e019cfd3d617c72a5
snd

2026-03-17 22:19:44
mid.000000000dc3234e019cfd3d54ac0959
del

2026-03-17 22:19:46
{'callback': {'timestamp': 1773775186866, 'callback_id': 'f9LHodD0cOK7VAEeMoYGNeyc41D6zmw05CW_RVdnYQiH66j9BG7rWe0HOhorwHfSZDj2ht6wKnuTb8b48GYr3Lsz_fJ74KMsSm2cjPb6yHQUPUcjrHEG', 'user': {'user_id': 23645861, 'first_name': 'Дмитрий', 'last_name': 'Марков', 'is_bot': False, 'last_activity_time': 1773775186000, 'name': 'Дмитрий Марков'}, 'payload': 'KBRD.9'}, 'message': {'recipient': {'chat_id': 230892366, 'chat_type': 'dialog', 'user_id': 23645861}, 'timestamp': 1773775184252, 'body': {'mid': 'mid.000000000dc3234e019cfd3d617c72a5', 'seq': 116246130475168421, 'text': 'Введите код доступа:  _ _ _ _', 'attachments': [{'callback_id': 'f9LHodD0cOJtNWt9RVh-Fj8GQji_5u4GKu6cEiaKvTLNnYWOHh4nV-5a44K9MWMfXicxP9iwSndi2tqk2YxNbGzeID0hzqGIjiTR7nvXYRuHM2w-hIfV', 'payload': {'buttons': [[{'payload': 'KBRD.7', 'text': '7', 'intent': 'default', 'type': 'callback'}, {'payload': 'KBRD.8', 'text': '8', 'intent': 'default', 'type': 'callback'}, {'payload': 'KBRD.9', 'text': '9', 'intent': 'default', 'type': 'callback'}], [{'payload': 'KBRD.4', 'text': '4', 'intent': 'default', 'type': 'callback'}, {'payload': 'KBRD.5', 'text': '5', 'intent': 'default', 'type': 'callback'}, {'payload': 'KBRD.6', 'text': '6', 'intent': 'default', 'type': 'callback'}], [{'payload': 'KBRD.3', 'text': '3', 'intent': 'default', 'type': 'callback'}, {'payload': 'KBRD.2', 'text': '2', 'intent': 'default', 'type': 'callback'}, {'payload': 'KBRD.1', 'text': '1', 'intent': 'default', 'type': 'callback'}], [{'payload': 'KBRD.0', 'text': '0', 'intent': 'default', 'type': 'callback'}, {'payload': 'KBRD.Cancel', 'text': 'Сброс', 'intent': 'default', 'type': 'callback'}], [{'payload': 'RecoveryAuthorization', 'text': 'Восстановление доступа', 'intent': 'default', 'type': 'callback'}], [{'payload': 'CancelCurrentOperation', 'text': 'Прервать операцию', 'intent': 'default', 'type': 'callback'}]]}, 'type': 'inline_keyboard'}], 'markup': [{'from': 21, 'length': 8, 'type': 'strong'}]}, 'sender': {'user_id': 212594155, 'first_name': 'DASHA_TOKEN_2_BOT', 'username': 'id575104156000_2_bot', 'is_bot': True, 'last_activity_time': 1773775186912, 'name': 'DASHA_TOKEN_2_BOT'}}, 'timestamp': 1773775186866, 'user_locale': 'ru', 'update_type': 'message_callback'}
clb

2026-03-17 22:19:47
23645861
edt

2026-03-17 22:19:47
mid.000000000de64379019cfd3d6e620959
snd

2026-03-17 22:19:48
{'callback': {'timestamp': 1773775187301, 'callback_id': 'f9LHodD0cOLLQRaOnZ3FojRmo18D5IgmyWeG3U0Rb458kqD8vjTW1dzlpVcOhrXay2_68gZt8pGW9298Si6PcwVe47Rrm2_TUCJNr9akpgOpCyRbzkqF', 'user': {'user_id': 23645861, 'first_name': 'Дмитрий', 'last_name': 'Марков', 'is_bot': False, 'last_activity_time': 1773775187000, 'name': 'Дмитрий Марков'}, 'payload': 'KBRD.9'}, 'message': {'recipient': {'chat_id': 230892366, 'chat_type': 'dialog', 'user_id': 23645861}, 'timestamp': 1773775184252, 'body': {'mid': 'mid.000000000dc3234e019cfd3d617c72a5', 'seq': 116246130475168421, 'text': 'Введите код доступа:  * _ _ _', 'attachments': [{'callback_id': 'f9LHodD0cOJ_1VJ4Lypoj7RRMJpPIYbGfkco30n3SMHjB8xBS9P0nqNZFpoywhxsVvewsRKf4bUs1YdpnvcY5247RuYU0sjIlqx93cAY3QyTwmRSaYkT', 'payload': {'buttons': [[{'payload': 'KBRD.7', 'text': '7', 'intent': 'default', 'type': 'callback'}, {'payload': 'KBRD.8', 'text': '8', 'intent': 'default', 'type': 'callback'}, {'payload': 'KBRD.9', 'text': '9', 'intent': 'default', 'type': 'callback'}], [{'payload': 'KBRD.4', 'text': '4', 'intent': 'default', 'type': 'callback'}, {'payload': 'KBRD.5', 'text': '5', 'intent': 'default', 'type': 'callback'}, {'payload': 'KBRD.6', 'text': '6', 'intent': 'default', 'type': 'callback'}], [{'payload': 'KBRD.3', 'text': '3', 'intent': 'default', 'type': 'callback'}, {'payload': 'KBRD.2', 'text': '2', 'intent': 'default', 'type': 'callback'}, {'payload': 'KBRD.1', 'text': '1', 'intent': 'default', 'type': 'callback'}], [{'payload': 'KBRD.0', 'text': '0', 'intent': 'default', 'type': 'callback'}, {'payload': 'KBRD.Cancel', 'text': 'Сброс', 'intent': 'default', 'type': 'callback'}], [{'payload': 'RecoveryAuthorization', 'text': 'Восстановление доступа', 'intent': 'default', 'type': 'callback'}], [{'payload': 'CancelCurrentOperation', 'text': 'Прервать операцию', 'intent': 'default', 'type': 'callback'}]]}, 'type': 'inline_keyboard'}], 'markup': [{'from': 21, 'length': 8, 'type': 'strong'}]}, 'sender': {'user_id': 212594155, 'first_name': 'DASHA_TOKEN_2_BOT', 'username': 'id575104156000_2_bot', 'is_bot': True, 'last_activity_time': 1773775188152, 'name': 'DASHA_TOKEN_2_BOT'}}, 'timestamp': 1773775187301, 'user_locale': 'ru', 'update_type': 'message_callback'}
clb

2026-03-17 22:19:48
mid.000000000de64379019cfd3ab035137e
del

2026-03-17 22:19:48
23645861
edt

2026-03-17 22:19:48
{'callback': {'timestamp': 1773775187768, 'callback_id': 'f9LHodD0cOIy5G4_2UwOs1ZWOWd9jxzRlUHqwDrE-HIHVMj44XWsBdRuoCN0McjC0SMv0BODut7gii-4mDhLWxs4zSX4Cg1ibhHsIvsANlo5ANCgC6oc', 'user': {'user_id': 23645861, 'first_name': 'Дмитрий', 'last_name': 'Марков', 'is_bot': False, 'last_activity_time': 1773775187000, 'name': 'Дмитрий Марков'}, 'payload': 'KBRD.9'}, 'message': {'recipient': {'chat_id': 230892366, 'chat_type': 'dialog', 'user_id': 23645861}, 'timestamp': 1773775184252, 'body': {'mid': 'mid.000000000dc3234e019cfd3d617c72a5', 'seq': 116246130475168421, 'text': 'Введите код доступа:  * _ _ _', 'attachments': [{'callback_id': 'f9LHodD0cOKiODQaOd6SpKuepmhwmp7qecB6UIMO9abMzD510_zgW-eYyvWSXKiSVoeEcYigrazVpLUdOx9n0BSTDNPVMpnqNVNr03XXz292sCrIrp1B', 'payload': {'buttons': [[{'payload': 'KBRD.7', 'text': '7', 'intent': 'default', 'type': 'callback'}, {'payload': 'KBRD.8', 'text': '8', 'intent': 'default', 'type': 'callback'}, {'payload': 'KBRD.9', 'text': '9', 'intent': 'default', 'type': 'callback'}], [{'payload': 'KBRD.4', 'text': '4', 'intent': 'default', 'type': 'callback'}, {'payload': 'KBRD.5', 'text': '5', 'intent': 'default', 'type': 'callback'}, {'payload': 'KBRD.6', 'text': '6', 'intent': 'default', 'type': 'callback'}], [{'payload': 'KBRD.3', 'text': '3', 'intent': 'default', 'type': 'callback'}, {'payload': 'KBRD.2', 'text': '2', 'intent': 'default', 'type': 'callback'}, {'payload': 'KBRD.1', 'text': '1', 'intent': 'default', 'type': 'callback'}], [{'payload': 'KBRD.0', 'text': '0', 'intent': 'default', 'type': 'callback'}, {'payload': 'KBRD.Cancel', 'text': 'Сброс', 'intent': 'default', 'type': 'callback'}], [{'payload': 'RecoveryAuthorization', 'text': 'Восстановление доступа', 'intent': 'default', 'type': 'callback'}], [{'payload': 'CancelCurrentOperation', 'text': 'Прервать операцию', 'intent': 'default', 'type': 'callback'}]]}, 'type': 'inline_keyboard'}], 'markup': [{'from': 21, 'length': 8, 'type': 'strong'}]}, 'sender': {'user_id': 212594155, 'first_name': 'DASHA_TOKEN_2_BOT', 'username': 'id575104156000_2_bot', 'is_bot': True, 'last_activity_time': 1773775188153, 'name': 'DASHA_TOKEN_2_BOT'}}, 'timestamp': 1773775187768, 'user_locale': 'ru', 'update_type': 'message_callback'}
clb

2026-03-17 22:19:48
mid.000000000de64379019cfd3d730e1c1f
snd

2026-03-17 22:19:49
mid.000000000de64379019cfd3d6e620959
del

2026-03-17 22:19:49
23645861
edt

2026-03-17 22:19:49
{'callback': {'timestamp': 1773775188252, 'callback_id': 'f9LHodD0cOIwuqS-MYQcPIag68Eygu6AefSF37uBxkvbRua8VdmqoUNK21mAWFtZyjTJ3PtvLLgCw0bb_7PCAgu-M_VuOuq01mVs46d3WLAnsE8ITO-T', 'user': {'user_id': 23645861, 'first_name': 'Дмитрий', 'last_name': 'Марков', 'is_bot': False, 'last_activity_time': 1773775187000, 'name': 'Дмитрий Марков'}, 'payload': 'KBRD.9'}, 'message': {'recipient': {'chat_id': 230892366, 'chat_type': 'dialog', 'user_id': 23645861}, 'timestamp': 1773775184252, 'body': {'mid': 'mid.000000000dc3234e019cfd3d617c72a5', 'seq': 116246130475168421, 'text': 'Введите код доступа:  * * * _', 'attachments': [{'callback_id': 'f9LHodD0cOLwfEWFpVsSvtTvqMDPAi8Z_2bKaCL_SswjvZ6JgvXdQW7k-6zANtf4ONHNhPCDJv2Q0-QqsdSZyPav-b6CB4Cr5d-Jexl57SP3oog9on0O', 'payload': {'buttons': [[{'payload': 'KBRD.7', 'text': '7', 'intent': 'default', 'type': 'callback'}, {'payload': 'KBRD.8', 'text': '8', 'intent': 'default', 'type': 'callback'}, {'payload': 'KBRD.9', 'text': '9', 'intent': 'default', 'type': 'callback'}], [{'payload': 'KBRD.4', 'text': '4', 'intent': 'default', 'type': 'callback'}, {'payload': 'KBRD.5', 'text': '5', 'intent': 'default', 'type': 'callback'}, {'payload': 'KBRD.6', 'text': '6', 'intent': 'default', 'type': 'callback'}], [{'payload': 'KBRD.3', 'text': '3', 'intent': 'default', 'type': 'callback'}, {'payload': 'KBRD.2', 'text': '2', 'intent': 'default', 'type': 'callback'}, {'payload': 'KBRD.1', 'text': '1', 'intent': 'default', 'type': 'callback'}], [{'payload': 'KBRD.0', 'text': '0', 'intent': 'default', 'type': 'callback'}, {'payload': 'KBRD.Cancel', 'text': 'Сброс', 'intent': 'default', 'type': 'callback'}], [{'payload': 'RecoveryAuthorization', 'text': 'Восстановление доступа', 'intent': 'default', 'type': 'callback'}], [{'payload': 'CancelCurrentOperation', 'text': 'Прервать операцию', 'intent': 'default', 'type': 'callback'}]]}, 'type': 'inline_keyboard'}], 'markup': [{'from': 21, 'length': 8, 'type': 'strong'}]}, 'sender': {'user_id': 212594155, 'first_name': 'DASHA_TOKEN_2_BOT', 'username': 'id575104156000_2_bot', 'is_bot': True, 'last_activity_time': 1773775189887, 'name': 'DASHA_TOKEN_2_BOT'}}, 'timestamp': 1773775188252, 'user_locale': 'ru', 'update_type': 'message_callback'}
clb

2026-03-17 22:19:50
23645861
edt

2026-03-17 22:19:50
mid.000000000dc3234e019cfd3d7bd10959
snd

2026-03-17 22:19:51
mid.000000000dc3234e019cfd3d617c72a5
del

2026-03-17 22:19:51
mid.000000000dc3234e019cfd3d5d7f7152
del

2026-03-17 22:19:52
mid.000000000dc3234e019cfd3d8181243e
snd

2026-03-17 22:19:52
mid.000000000dc3234e019cfd3d7bd10959
del

2026-03-17 22:21:00
mid.000000000c349443019cfd3e8c1b2c8f
snd

2026-03-17 22:21:01
mid.000000000c349443019cfd3e8e2d241e
snd

2026-03-17 22:21:42
{'callback': {'timestamp': 1773775303050, 'callback_id': 'f9LHodD0cOK555q4mK8Wfm79OGwC94g3z5N0_L8B6rMq4zK9yKuXrQw5wKl5gyWt8WvxRly5G_Ivu3zV4SnRz3wKSwO8vs2knA-ExJQD2wEPHMxVLEoZ', 'user': {'user_id': 23645861, 'first_name': 'Дмитрий', 'last_name': 'Марков', 'is_bot': False, 'last_activity_time': 1773775296000, 'name': 'Дмитрий Марков'}, 'payload': 'Authorization'}, 'message': {'recipient': {'chat_id': 233194361, 'chat_type': 'dialog', 'user_id': 23645861}, 'timestamp': 1773775188750, 'body': {'mid': 'mid.000000000de64379019cfd3d730e1c1f', 'seq': 116246130769927199, 'text': 'Превышено разрешенное время бездействия Бота.', 'attachments': [{'callback_id': 'f9LHodD0cOLLFhOhH6ZMJxhsroW8VXVwOT_1-LNDiv6alnsUzsFhVGpztosa4obzq118euDPjHYenoYGxKrIvv7ih9YAlplLeWhIXx17ypd7wVaj7r_M', 'payload': {'buttons': [[{'payload': 'Authorization', 'text': 'Авторизоваться', 'intent': 'default', 'type': 'callback'}]]}, 'type': 'inline_keyboard'}], 'markup': [{'from': 40, 'length': 4, 'type': 'strong'}]}, 'sender': {'user_id': 210669020, 'first_name': 'DASHA_TOKEN_BOT', 'username': 'id575104156000_bot', 'is_bot': True, 'last_activity_time': 1773775303108, 'name': 'DASHA_TOKEN_BOT'}}, 'timestamp': 1773775303050, 'user_locale': 'ru', 'update_type': 'message_callback'}
clb

2026-03-17 22:21:43
mid.000000000de64379019cfd3f340f0959
snd

2026-03-17 22:21:44
mid.000000000de64379019cfd3d730e1c1f
del

2026-03-17 22:21:44
mid.000000000de64379019cfd3f37dc5c0f
snd

2026-03-17 22:21:45
mid.000000000de64379019cfd3f3d4422c8
snd

2026-03-17 22:21:46
mid.000000000de64379019cfd3f340f0959
del

2026-03-17 22:21:47
{'callback': {'timestamp': 1773775307846, 'callback_id': 'f9LHodD0cOLxdwy03C6ck75th2mW6ZSMkGJJUkdqc-yAqEGubVfPcqpxOmU9YtnYLkxZ2DqGk1XVDKpfkY0T9UH_raQQlfpLXXcNuUcdltw5CyKPSP8p', 'user': {'user_id': 23645861, 'first_name': 'Дмитрий', 'last_name': 'Марков', 'is_bot': False, 'last_activity_time': 1773775296000, 'name': 'Дмитрий Марков'}, 'payload': 'KBRD.9'}, 'message': {'recipient': {'chat_id': 233194361, 'chat_type': 'dialog', 'user_id': 23645861}, 'timestamp': 1773775306052, 'body': {'mid': 'mid.000000000de64379019cfd3f3d4422c8', 'seq': 116246138457432776, 'text': 'Введите код доступа:  _ _ _ _', 'attachments': [{'callback_id': 'f9LHodD0cOI8L_l2o8xiTIeg_IicjIDFHnALtLaP2qqbmHdvnm2ZxehMsIbF1rNqceFXx_fx2LpQ9iHagNqzHE5a7IP1anokDD5tC6a-bmiGnGQ2GEaY', 'payload': {'buttons': [[{'payload': 'KBRD.7', 'text': '7', 'intent': 'default', 'type': 'callback'}, {'payload': 'KBRD.8', 'text': '8', 'intent': 'default', 'type': 'callback'}, {'payload': 'KBRD.9', 'text': '9', 'intent': 'default', 'type': 'callback'}], [{'payload': 'KBRD.4', 'text': '4', 'intent': 'default', 'type': 'callback'}, {'payload': 'KBRD.5', 'text': '5', 'intent': 'default', 'type': 'callback'}, {'payload': 'KBRD.6', 'text': '6', 'intent': 'default', 'type': 'callback'}], [{'payload': 'KBRD.3', 'text': '3', 'intent': 'default', 'type': 'callback'}, {'payload': 'KBRD.2', 'text': '2', 'intent': 'default', 'type': 'callback'}, {'payload': 'KBRD.1', 'text': '1', 'intent': 'default', 'type': 'callback'}], [{'payload': 'KBRD.0', 'text': '0', 'intent': 'default', 'type': 'callback'}, {'payload': 'KBRD.Cancel', 'text': 'Сброс', 'intent': 'default', 'type': 'callback'}], [{'payload': 'RecoveryAuthorization', 'text': 'Восстановление доступа', 'intent': 'default', 'type': 'callback'}], [{'payload': 'CancelCurrentOperation', 'text': 'Прервать операцию', 'intent': 'default', 'type': 'callback'}]]}, 'type': 'inline_keyboard'}], 'markup': [{'from': 21, 'length': 8, 'type': 'strong'}]}, 'sender': {'user_id': 210669020, 'first_name': 'DASHA_TOKEN_BOT', 'username': 'id575104156000_bot', 'is_bot': True, 'last_activity_time': 1773775307906, 'name': 'DASHA_TOKEN_BOT'}}, 'timestamp': 1773775307846, 'user_locale': 'ru', 'update_type': 'message_callback'}
clb

2026-03-17 22:21:48
23645861
edt

2026-03-17 22:21:48
{'callback': {'timestamp': 1773775308246, 'callback_id': 'f9LHodD0cOI8sAgeb6k_aFHkr87Hyrt-lCTPU9J962q5UCfo0P2DnXTW3Ca-ubXxJLAnpl0WN-SVND4QgVAUvTaK82sIJ_u2HDyirf95l-s1iBwBTmt0', 'user': {'user_id': 23645861, 'first_name': 'Дмитрий', 'last_name': 'Марков', 'is_bot': False, 'last_activity_time': 1773775296000, 'name': 'Дмитрий Марков'}, 'payload': 'KBRD.9'}, 'message': {'recipient': {'chat_id': 233194361, 'chat_type': 'dialog', 'user_id': 23645861}, 'timestamp': 1773775306052, 'body': {'mid': 'mid.000000000de64379019cfd3f3d4422c8', 'seq': 116246138457432776, 'text': 'Введите код доступа:  * _ _ _', 'attachments': [{'callback_id': 'f9LHodD0cOIuTzoX5zpjg3OtWyY75pqLKlfaDnO5mqHfZ40NmU1TZbbC1hy57Ts73o_kkdtTAvM4UKG_R9hbwPXsswtKwbbeq6kUVFE-E6BoByTQEKP8', 'payload': {'buttons': [[{'payload': 'KBRD.7', 'text': '7', 'intent': 'default', 'type': 'callback'}, {'payload': 'KBRD.8', 'text': '8', 'intent': 'default', 'type': 'callback'}, {'payload': 'KBRD.9', 'text': '9', 'intent': 'default', 'type': 'callback'}], [{'payload': 'KBRD.4', 'text': '4', 'intent': 'default', 'type': 'callback'}, {'payload': 'KBRD.5', 'text': '5', 'intent': 'default', 'type': 'callback'}, {'payload': 'KBRD.6', 'text': '6', 'intent': 'default', 'type': 'callback'}], [{'payload': 'KBRD.3', 'text': '3', 'intent': 'default', 'type': 'callback'}, {'payload': 'KBRD.2', 'text': '2', 'intent': 'default', 'type': 'callback'}, {'payload': 'KBRD.1', 'text': '1', 'intent': 'default', 'type': 'callback'}], [{'payload': 'KBRD.0', 'text': '0', 'intent': 'default', 'type': 'callback'}, {'payload': 'KBRD.Cancel', 'text': 'Сброс', 'intent': 'default', 'type': 'callback'}], [{'payload': 'RecoveryAuthorization', 'text': 'Восстановление доступа', 'intent': 'default', 'type': 'callback'}], [{'payload': 'CancelCurrentOperation', 'text': 'Прервать операцию', 'intent': 'default', 'type': 'callback'}]]}, 'type': 'inline_keyboard'}], 'markup': [{'from': 21, 'length': 8, 'type': 'strong'}]}, 'sender': {'user_id': 210669020, 'first_name': 'DASHA_TOKEN_BOT', 'username': 'id575104156000_bot', 'is_bot': True, 'last_activity_time': 1773775308807, 'name': 'DASHA_TOKEN_BOT'}}, 'timestamp': 1773775308246, 'user_locale': 'ru', 'update_type': 'message_callback'}
clb

2026-03-17 22:21:49
23645861
edt

2026-03-17 22:21:49
{'callback': {'timestamp': 1773775308622, 'callback_id': 'f9LHodD0cOIfhKbV33oeeDIqZWtHVrLUm77cE6ZK19ZXibWJdLmdxUaS5PUozje5Fx5r1WTN65DqNXSjbghiMPqzlX2olZRjVma265myJl8iW2wE9WJf', 'user': {'user_id': 23645861, 'first_name': 'Дмитрий', 'last_name': 'Марков', 'is_bot': False, 'last_activity_time': 1773775296000, 'name': 'Дмитрий Марков'}, 'payload': 'KBRD.9'}, 'message': {'recipient': {'chat_id': 233194361, 'chat_type': 'dialog', 'user_id': 23645861}, 'timestamp': 1773775306052, 'body': {'mid': 'mid.000000000de64379019cfd3f3d4422c8', 'seq': 116246138457432776, 'text': 'Введите код доступа:  * _ _ _', 'attachments': [{'callback_id': 'f9LHodD0cOIVQkNA6MLK7T1h21yV-IA1EbFS0GumsvMCwa40gjhUV5W7x2BjE_fNBHQcJFKmmt_1iJjsDi9buEBrjgjEJgIavpjjVNEFueYH52Y0twsJ', 'payload': {'buttons': [[{'payload': 'KBRD.7', 'text': '7', 'intent': 'default', 'type': 'callback'}, {'payload': 'KBRD.8', 'text': '8', 'intent': 'default', 'type': 'callback'}, {'payload': 'KBRD.9', 'text': '9', 'intent': 'default', 'type': 'callback'}], [{'payload': 'KBRD.4', 'text': '4', 'intent': 'default', 'type': 'callback'}, {'payload': 'KBRD.5', 'text': '5', 'intent': 'default', 'type': 'callback'}, {'payload': 'KBRD.6', 'text': '6', 'intent': 'default', 'type': 'callback'}], [{'payload': 'KBRD.3', 'text': '3', 'intent': 'default', 'type': 'callback'}, {'payload': 'KBRD.2', 'text': '2', 'intent': 'default', 'type': 'callback'}, {'payload': 'KBRD.1', 'text': '1', 'intent': 'default', 'type': 'callback'}], [{'payload': 'KBRD.0', 'text': '0', 'intent': 'default', 'type': 'callback'}, {'payload': 'KBRD.Cancel', 'text': 'Сброс', 'intent': 'default', 'type': 'callback'}], [{'payload': 'RecoveryAuthorization', 'text': 'Восстановление доступа', 'intent': 'default', 'type': 'callback'}], [{'payload': 'CancelCurrentOperation', 'text': 'Прервать операцию', 'intent': 'default', 'type': 'callback'}]]}, 'type': 'inline_keyboard'}], 'markup': [{'from': 21, 'length': 8, 'type': 'strong'}]}, 'sender': {'user_id': 210669020, 'first_name': 'DASHA_TOKEN_BOT', 'username': 'id575104156000_bot', 'is_bot': True, 'last_activity_time': 1773775308808, 'name': 'DASHA_TOKEN_BOT'}}, 'timestamp': 1773775308622, 'user_locale': 'ru', 'update_type': 'message_callback'}
clb

2026-03-17 22:21:49
23645861
edt

2026-03-17 22:21:50
{'callback': {'timestamp': 1773775309048, 'callback_id': 'f9LHodD0cOJ5f7utKgIrVAS8jZZKmQTc38zy2-DXMdSJzK65K7MGwcsN878CVDNqA0yY_c01MulGnA5ziX0_8ttynBntr4jfqPkVKKLd-K-FhXIS4EQ5', 'user': {'user_id': 23645861, 'first_name': 'Дмитрий', 'last_name': 'Марков', 'is_bot': False, 'last_activity_time': 1773775296000, 'name': 'Дмитрий Марков'}, 'payload': 'KBRD.9'}, 'message': {'recipient': {'chat_id': 233194361, 'chat_type': 'dialog', 'user_id': 23645861}, 'timestamp': 1773775306052, 'body': {'mid': 'mid.000000000de64379019cfd3f3d4422c8', 'seq': 116246138457432776, 'text': 'Введите код доступа:  * * * _', 'attachments': [{'callback_id': 'f9LHodD0cOIp4KU3YVO59mD2gNIdo540HSLaCYkwhWRhIFwqLKSE1ravFc8uJhpMo4-WH7G3t8y-wygzRWbjC8bzV89MT1iZIERA-qBF8odaWI5EIzwI', 'payload': {'buttons': [[{'payload': 'KBRD.7', 'text': '7', 'intent': 'default', 'type': 'callback'}, {'payload': 'KBRD.8', 'text': '8', 'intent': 'default', 'type': 'callback'}, {'payload': 'KBRD.9', 'text': '9', 'intent': 'default', 'type': 'callback'}], [{'payload': 'KBRD.4', 'text': '4', 'intent': 'default', 'type': 'callback'}, {'payload': 'KBRD.5', 'text': '5', 'intent': 'default', 'type': 'callback'}, {'payload': 'KBRD.6', 'text': '6', 'intent': 'default', 'type': 'callback'}], [{'payload': 'KBRD.3', 'text': '3', 'intent': 'default', 'type': 'callback'}, {'payload': 'KBRD.2', 'text': '2', 'intent': 'default', 'type': 'callback'}, {'payload': 'KBRD.1', 'text': '1', 'intent': 'default', 'type': 'callback'}], [{'payload': 'KBRD.0', 'text': '0', 'intent': 'default', 'type': 'callback'}, {'payload': 'KBRD.Cancel', 'text': 'Сброс', 'intent': 'default', 'type': 'callback'}], [{'payload': 'RecoveryAuthorization', 'text': 'Восстановление доступа', 'intent': 'default', 'type': 'callback'}], [{'payload': 'CancelCurrentOperation', 'text': 'Прервать операцию', 'intent': 'default', 'type': 'callback'}]]}, 'type': 'inline_keyboard'}], 'markup': [{'from': 21, 'length': 8, 'type': 'strong'}]}, 'sender': {'user_id': 210669020, 'first_name': 'DASHA_TOKEN_BOT', 'username': 'id575104156000_bot', 'is_bot': True, 'last_activity_time': 1773775310227, 'name': 'DASHA_TOKEN_BOT'}}, 'timestamp': 1773775309048, 'user_locale': 'ru', 'update_type': 'message_callback'}
clb

2026-03-17 22:21:50
23645861
edt

2026-03-17 22:21:51
mid.000000000de64379019cfd3f515f0959
snd

2026-03-17 22:21:51
mid.000000000de64379019cfd3f3d4422c8
del

2026-03-17 22:21:51
mid.000000000de64379019cfd3f37dc5c0f
del

2026-03-17 22:21:52
mid.000000000de64379019cfd3f56b27efe
snd

2026-03-17 22:21:52
mid.000000000de64379019cfd3f515f0959
del

2026-03-17 22:21:54
{'callback': {'timestamp': 1773775314138, 'callback_id': 'f9LHodD0cOLOGk-7_HUHryaAEF4VfK2TWAXB47G-uI6XLR48k6lxVfA3lY5LdDy-BES8myv7FkveyS5K0gFYL80snywlz4t6396k_0Z86FlC09zEDos8', 'user': {'user_id': 23645861, 'first_name': 'Дмитрий', 'last_name': 'Марков', 'is_bot': False, 'last_activity_time': 1773775313000, 'name': 'Дмитрий Марков'}, 'payload': 'MainMenu'}, 'message': {'recipient': {'chat_id': 233194361, 'chat_type': 'dialog', 'user_id': 23645861}, 'timestamp': 1773775312562, 'body': {'mid': 'mid.000000000de64379019cfd3f56b27efe', 'seq': 116246138884095742, 'text': 'Выберите команду меню Бота или получите Новый токен.', 'attachments': [{'callback_id': 'f9LHodD0cOIG9ft5GjXrPz9AJCJNbFAhjLk2Zo25qHV5iQqfOP3pelwvWW4RHOBsFmM4vi7LRNCGt9H-FygUJL6KGdMxWyKA7LNNk_O3NAp4ZfU6NUMI', 'payload': {'buttons': [[{'payload': 'MainMenu', 'text': 'Главное меню', 'intent': 'default', 'type': 'callback'}], [{'payload': 'GetNewToken', 'text': 'Новый токен', 'intent': 'default', 'type': 'callback'}]]}, 'type': 'inline_keyboard'}], 'markup': [{'from': 40, 'length': 11, 'type': 'strong'}]}, 'sender': {'user_id': 210669020, 'first_name': 'DASHA_TOKEN_BOT', 'username': 'id575104156000_bot', 'is_bot': True, 'last_activity_time': 1773775314201, 'name': 'DASHA_TOKEN_BOT'}}, 'timestamp': 1773775314138, 'user_locale': 'ru', 'update_type': 'message_callback'}
clb

2026-03-17 22:21:54
mid.000000000de64379019cfd3f5f290959
snd

2026-03-17 22:21:54
mid.000000000de64379019cfd3f56b27efe
del

2026-03-17 22:21:55
mid.000000000de64379019cfd3f626f4d3b
snd

2026-03-17 22:21:55
mid.000000000de64379019cfd3f5f290959
del

2026-03-17 22:21:58
{'callback': {'timestamp': 1773775318408, 'callback_id': 'f9LHodD0cOJUICrRf0eozKNQOfl7YCtNwnccmlyVWto-rALrSt003DtBPBB5nODepLDTH_rHZDP6fKU0jNSALBzAFHsxdPSPgCQ54nC6U8HyFFUGE1R1', 'user': {'user_id': 23645861, 'first_name': 'Дмитрий', 'last_name': 'Марков', 'is_bot': False, 'last_activity_time': 1773775316000, 'name': 'Дмитрий Марков'}, 'payload': 'MenuAuth'}, 'message': {'recipient': {'chat_id': 233194361, 'chat_type': 'dialog', 'user_id': 23645861}, 'timestamp': 1773775315567, 'body': {'mid': 'mid.000000000de64379019cfd3f626f4d3b', 'seq': 116246139081018683, 'text': 'Выберите команду меню Бота или получите Новый токен.', 'attachments': [{'callback_id': 'f9LHodD0cOI_qiyS_mzkCEtG6fP30NGOdgUJqsk2IOoluu-zzcc_gCmGzmeYM4NxcBDhgArTvd3TmFinNEI4DQkFcOcCK4u7SjRl0z78cqIPstsPg4KC', 'payload': {'buttons': [[{'payload': 'MenuAuth', 'text': 'Изменить доступ', 'intent': 'default', 'type': 'callback'}, {'payload': 'MenuAbout', 'text': 'О сервисе', 'intent': 'default', 'type': 'callback'}], [{'payload': 'MenuDeleteChat', 'text': 'Удалить чат из сервиса', 'intent': 'default', 'type': 'callback'}], [{'payload': 'MenuDeleteUser', 'text': 'Отказаться от использования сервиса', 'intent': 'default', 'type': 'callback'}], [{'payload': 'GetNewToken', 'text': 'Новый токен', 'intent': 'default', 'type': 'callback'}, {'payload': 'MenuExit', 'text': 'Выход из меню', 'intent': 'default', 'type': 'callback'}]]}, 'type': 'inline_keyboard'}], 'markup': [{'from': 40, 'length': 11, 'type': 'strong'}]}, 'sender': {'user_id': 210669020, 'first_name': 'DASHA_TOKEN_BOT', 'username': 'id575104156000_bot', 'is_bot': True, 'last_activity_time': 1773775318470, 'name': 'DASHA_TOKEN_BOT'}}, 'timestamp': 1773775318408, 'user_locale': 'ru', 'update_type': 'message_callback'}
clb

2026-03-17 22:21:58
mid.000000000de64379019cfd3f6fb20959
snd

2026-03-17 22:21:59
mid.000000000de64379019cfd3f626f4d3b
del

2026-03-17 22:21:59
mid.000000000de64379019cfd3f730f7b30
snd

2026-03-17 22:22:00
mid.000000000de64379019cfd3f74e944c7
snd

2026-03-17 22:22:01
mid.000000000de64379019cfd3f7a85438f
snd

2026-03-17 22:22:02
mid.000000000de64379019cfd3f6fb20959
del

2026-03-17 22:22:41
{'message': {'recipient': {'chat_id': 233194361, 'chat_type': 'dialog', 'user_id': 210669020}, 'timestamp': 1773775361863, 'body': {'mid': 'mid.000000000de64379019cfd401747241f', 'seq': 116246142115062815, 'text': '23645861'}, 'sender': {'user_id': 23645861, 'first_name': 'Дмитрий', 'last_name': 'Марков', 'is_bot': False, 'last_activity_time': 1773775354000, 'name': 'Дмитрий Марков'}}, 'timestamp': 1773775361863, 'user_locale': 'ru', 'update_type': 'message_created'}
txt

2026-03-17 22:22:42
mid.000000000de64379019cfd40190f0959
snd

2026-03-17 22:22:42
mid.000000000de64379019cfd401747241f
del

2026-03-17 22:22:43
mid.000000000c349443019cfd401c9a3a3b
snd

2026-03-17 22:22:44
mid.000000000c349443019cfd4021506c95
snd

2026-03-17 22:22:44
mid.000000000de64379019cfd3f7a85438f
del

2026-03-17 22:22:46
mid.000000000de64379019cfd402918703d
snd

2026-03-17 22:22:46
mid.000000000de64379019cfd40190f0959
del

2026-03-17 22:22:56
mid.000000000dc3234e019cfd40523e0959
snd

2026-03-17 22:22:57
mid.000000000dc3234e019cfd3d8181243e
del

2026-03-17 22:22:57
mid.000000000dc3234e019cfd4056190ed2
snd

2026-03-17 22:22:58
mid.000000000dc3234e019cfd40523e0959
del

2026-03-17 22:23:05
{'message': {'recipient': {'chat_id': 233194361, 'chat_type': 'dialog', 'user_id': 210669020}, 'timestamp': 1773775386017, 'body': {'mid': 'mid.000000000de64379019cfd4075a16c96', 'seq': 116246143698037910, 'text': '559904'}, 'sender': {'user_id': 23645861, 'first_name': 'Дмитрий', 'last_name': 'Марков', 'is_bot': False, 'last_activity_time': 1773775383000, 'name': 'Дмитрий Марков'}}, 'timestamp': 1773775386017, 'user_locale': 'ru', 'update_type': 'message_created'}
txt

2026-03-17 22:23:06
mid.000000000de64379019cfd4077980959
snd

2026-03-17 22:23:07
mid.000000000de64379019cfd4075a16c96
del

2026-03-17 22:23:07
mid.000000000de64379019cfd402918703d
del

2026-03-17 22:23:08
mid.000000000de64379019cfd40816348fe
snd

2026-03-17 22:23:10
mid.000000000de64379019cfd4089286505
snd

2026-03-17 22:23:11
mid.000000000de64379019cfd4077980959
del

2026-03-17 22:23:14
{'callback': {'timestamp': 1773775394337, 'callback_id': 'f9LHodD0cOKS67wAh4x8z8HNWSgTl-vya9ZeREPtmnrH3DIu-oFaPWhVEZFpF6gzwJ7uh7eR7-wn9z5Snql3ZCte_m-MK4R-tqcY11_SykcdlEwSE6tu', 'user': {'user_id': 23645861, 'first_name': 'Дмитрий', 'last_name': 'Марков', 'is_bot': False, 'last_activity_time': 1773775388000, 'name': 'Дмитрий Марков'}, 'payload': 'KBRD.9'}, 'message': {'recipient': {'chat_id': 233194361, 'chat_type': 'dialog', 'user_id': 23645861}, 'timestamp': 1773775391016, 'body': {'mid': 'mid.000000000de64379019cfd4089286505', 'seq': 116246144025650437, 'text': 'Введите код доступа:  _ _ _ _', 'attachments': [{'callback_id': 'f9LHodD0cOLVEDxY-X_wKE2MmJYcZBa_CBo37sDYpBduvjm6iCO8o2AQA_47w3RkdqRA0j6PeSgqoV7JS07DZ0IHBVCTIDEKgpPmD1nnakgHEGBvo8ux', 'payload': {'buttons': [[{'payload': 'KBRD.7', 'text': '7', 'intent': 'default', 'type': 'callback'}, {'payload': 'KBRD.8', 'text': '8', 'intent': 'default', 'type': 'callback'}, {'payload': 'KBRD.9', 'text': '9', 'intent': 'default', 'type': 'callback'}], [{'payload': 'KBRD.4', 'text': '4', 'intent': 'default', 'type': 'callback'}, {'payload': 'KBRD.5', 'text': '5', 'intent': 'default', 'type': 'callback'}, {'payload': 'KBRD.6', 'text': '6', 'intent': 'default', 'type': 'callback'}], [{'payload': 'KBRD.3', 'text': '3', 'intent': 'default', 'type': 'callback'}, {'payload': 'KBRD.2', 'text': '2', 'intent': 'default', 'type': 'callback'}, {'payload': 'KBRD.1', 'text': '1', 'intent': 'default', 'type': 'callback'}], [{'payload': 'KBRD.0', 'text': '0', 'intent': 'default', 'type': 'callback'}, {'payload': 'KBRD.Cancel', 'text': 'Сброс', 'intent': 'default', 'type': 'callback'}], [{'payload': 'RecoveryAuthorization', 'text': 'Восстановление доступа', 'intent': 'default', 'type': 'callback'}], [{'payload': 'CancelCurrentOperation', 'text': 'Прервать операцию', 'intent': 'default', 'type': 'callback'}]]}, 'type': 'inline_keyboard'}], 'markup': [{'from': 21, 'length': 8, 'type': 'strong'}]}, 'sender': {'user_id': 210669020, 'first_name': 'DASHA_TOKEN_BOT', 'username': 'id575104156000_bot', 'is_bot': True, 'last_activity_time': 1773775394386, 'name': 'DASHA_TOKEN_BOT'}}, 'timestamp': 1773775394337, 'user_locale': 'ru', 'update_type': 'message_callback'}
clb

2026-03-17 22:23:14
23645861
edt

2026-03-17 22:23:15
{'callback': {'timestamp': 1773775394819, 'callback_id': 'f9LHodD0cOKoLKHw4JK3AhQptnIQyi5JomJzlExrWpPHVUv8nacziP_hRQQuYFVknPRqHGbA1XsSQi7zlkclf8wg_m21kpcE0TpeOM96NiGSEnJsKy3D', 'user': {'user_id': 23645861, 'first_name': 'Дмитрий', 'last_name': 'Марков', 'is_bot': False, 'last_activity_time': 1773775388000, 'name': 'Дмитрий Марков'}, 'payload': 'KBRD.9'}, 'message': {'recipient': {'chat_id': 233194361, 'chat_type': 'dialog', 'user_id': 23645861}, 'timestamp': 1773775391016, 'body': {'mid': 'mid.000000000de64379019cfd4089286505', 'seq': 116246144025650437, 'text': 'Введите код доступа:  * _ _ _', 'attachments': [{'callback_id': 'f9LHodD0cOJH3X38unL0e1WaZhsUuVn5y5e27TnjsxMjUgZ7aP28w2w8QDuUv3pqv9UInfaHfFNIP_69pxJjkO8BziJPp0dlwyEDQQS2Qu7GNz-8P67Q', 'payload': {'buttons': [[{'payload': 'KBRD.7', 'text': '7', 'intent': 'default', 'type': 'callback'}, {'payload': 'KBRD.8', 'text': '8', 'intent': 'default', 'type': 'callback'}, {'payload': 'KBRD.9', 'text': '9', 'intent': 'default', 'type': 'callback'}], [{'payload': 'KBRD.4', 'text': '4', 'intent': 'default', 'type': 'callback'}, {'payload': 'KBRD.5', 'text': '5', 'intent': 'default', 'type': 'callback'}, {'payload': 'KBRD.6', 'text': '6', 'intent': 'default', 'type': 'callback'}], [{'payload': 'KBRD.3', 'text': '3', 'intent': 'default', 'type': 'callback'}, {'payload': 'KBRD.2', 'text': '2', 'intent': 'default', 'type': 'callback'}, {'payload': 'KBRD.1', 'text': '1', 'intent': 'default', 'type': 'callback'}], [{'payload': 'KBRD.0', 'text': '0', 'intent': 'default', 'type': 'callback'}, {'payload': 'KBRD.Cancel', 'text': 'Сброс', 'intent': 'default', 'type': 'callback'}], [{'payload': 'RecoveryAuthorization', 'text': 'Восстановление доступа', 'intent': 'default', 'type': 'callback'}], [{'payload': 'CancelCurrentOperation', 'text': 'Прервать операцию', 'intent': 'default', 'type': 'callback'}]]}, 'type': 'inline_keyboard'}], 'markup': [{'from': 21, 'length': 8, 'type': 'strong'}]}, 'sender': {'user_id': 210669020, 'first_name': 'DASHA_TOKEN_BOT', 'username': 'id575104156000_bot', 'is_bot': True, 'last_activity_time': 1773775395365, 'name': 'DASHA_TOKEN_BOT'}}, 'timestamp': 1773775394819, 'user_locale': 'ru', 'update_type': 'message_callback'}
clb

2026-03-17 22:23:15
23645861
edt

2026-03-17 22:23:16
{'callback': {'timestamp': 1773775395384, 'callback_id': 'f9LHodD0cOKJjVtJNzm33DDvk1gpZOrcCt5pH1KxGq0K7QzDvCa9xZOPv9TVF7HmYoZt1uBlhJ5oj3bA4tKqkLEgr6Z0pF-JqdMQBFrlQ2NhFIuBSihe', 'user': {'user_id': 23645861, 'first_name': 'Дмитрий', 'last_name': 'Марков', 'is_bot': False, 'last_activity_time': 1773775388000, 'name': 'Дмитрий Марков'}, 'payload': 'KBRD.9'}, 'message': {'recipient': {'chat_id': 233194361, 'chat_type': 'dialog', 'user_id': 23645861}, 'timestamp': 1773775391016, 'body': {'mid': 'mid.000000000de64379019cfd4089286505', 'seq': 116246144025650437, 'text': 'Введите код доступа:  * * _ _', 'attachments': [{'callback_id': 'f9LHodD0cOI0tEApaxCllU0R2h3naJNpJ_ShZ7SwVTBipeNcPFc60gY01_XSrVZ65P_KaFVjow0kYGANYr_PeH-gWRBxwFgyYTHaV-gDwBN_76Twj9e_', 'payload': {'buttons': [[{'payload': 'KBRD.7', 'text': '7', 'intent': 'default', 'type': 'callback'}, {'payload': 'KBRD.8', 'text': '8', 'intent': 'default', 'type': 'callback'}, {'payload': 'KBRD.9', 'text': '9', 'intent': 'default', 'type': 'callback'}], [{'payload': 'KBRD.4', 'text': '4', 'intent': 'default', 'type': 'callback'}, {'payload': 'KBRD.5', 'text': '5', 'intent': 'default', 'type': 'callback'}, {'payload': 'KBRD.6', 'text': '6', 'intent': 'default', 'type': 'callback'}], [{'payload': 'KBRD.3', 'text': '3', 'intent': 'default', 'type': 'callback'}, {'payload': 'KBRD.2', 'text': '2', 'intent': 'default', 'type': 'callback'}, {'payload': 'KBRD.1', 'text': '1', 'intent': 'default', 'type': 'callback'}], [{'payload': 'KBRD.0', 'text': '0', 'intent': 'default', 'type': 'callback'}, {'payload': 'KBRD.Cancel', 'text': 'Сброс', 'intent': 'default', 'type': 'callback'}], [{'payload': 'RecoveryAuthorization', 'text': 'Восстановление доступа', 'intent': 'default', 'type': 'callback'}], [{'payload': 'CancelCurrentOperation', 'text': 'Прервать операцию', 'intent': 'default', 'type': 'callback'}]]}, 'type': 'inline_keyboard'}], 'markup': [{'from': 21, 'length': 8, 'type': 'strong'}]}, 'sender': {'user_id': 210669020, 'first_name': 'DASHA_TOKEN_BOT', 'username': 'id575104156000_bot', 'is_bot': True, 'last_activity_time': 1773775396172, 'name': 'DASHA_TOKEN_BOT'}}, 'timestamp': 1773775395384, 'user_locale': 'ru', 'update_type': 'message_callback'}
clb

2026-03-17 22:23:16
23645861
edt

2026-03-17 22:23:17
{'callback': {'timestamp': 1773775397088, 'callback_id': 'f9LHodD0cOIlfSm5DFZ_9IrLdLGf2NoogalZ-txtq85mC4ShrSzLUfo3WrJ7wWw1IMKMDKdi4VCD7Bccz25oHCQNyyw6toKuQwMihk_X5Jx4RIWRgyCs', 'user': {'user_id': 23645861, 'first_name': 'Дмитрий', 'last_name': 'Марков', 'is_bot': False, 'last_activity_time': 1773775396000, 'name': 'Дмитрий Марков'}, 'payload': 'KBRD.9'}, 'message': {'recipient': {'chat_id': 233194361, 'chat_type': 'dialog', 'user_id': 23645861}, 'timestamp': 1773775391016, 'body': {'mid': 'mid.000000000de64379019cfd4089286505', 'seq': 116246144025650437, 'text': 'Введите код доступа:  * * * _', 'attachments': [{'callback_id': 'f9LHodD0cOK5GxrMe6FGNmxNz5dDtqyu6PmS4-D5A-gJW5t9JcaT3eu2lA6DjxqxFoJ6isheKGr7svgwOpo6uHXtz_ze0uwmTfGZT3oA1Crs4UFVeDtB', 'payload': {'buttons': [[{'payload': 'KBRD.7', 'text': '7', 'intent': 'default', 'type': 'callback'}, {'payload': 'KBRD.8', 'text': '8', 'intent': 'default', 'type': 'callback'}, {'payload': 'KBRD.9', 'text': '9', 'intent': 'default', 'type': 'callback'}], [{'payload': 'KBRD.4', 'text': '4', 'intent': 'default', 'type': 'callback'}, {'payload': 'KBRD.5', 'text': '5', 'intent': 'default', 'type': 'callback'}, {'payload': 'KBRD.6', 'text': '6', 'intent': 'default', 'type': 'callback'}], [{'payload': 'KBRD.3', 'text': '3', 'intent': 'default', 'type': 'callback'}, {'payload': 'KBRD.2', 'text': '2', 'intent': 'default', 'type': 'callback'}, {'payload': 'KBRD.1', 'text': '1', 'intent': 'default', 'type': 'callback'}], [{'payload': 'KBRD.0', 'text': '0', 'intent': 'default', 'type': 'callback'}, {'payload': 'KBRD.Cancel', 'text': 'Сброс', 'intent': 'default', 'type': 'callback'}], [{'payload': 'RecoveryAuthorization', 'text': 'Восстановление доступа', 'intent': 'default', 'type': 'callback'}], [{'payload': 'CancelCurrentOperation', 'text': 'Прервать операцию', 'intent': 'default', 'type': 'callback'}]]}, 'type': 'inline_keyboard'}], 'markup': [{'from': 21, 'length': 8, 'type': 'strong'}]}, 'sender': {'user_id': 210669020, 'first_name': 'DASHA_TOKEN_BOT', 'username': 'id575104156000_bot', 'is_bot': True, 'last_activity_time': 1773775397163, 'name': 'DASHA_TOKEN_BOT'}}, 'timestamp': 1773775397088, 'user_locale': 'ru', 'update_type': 'message_callback'}
clb

2026-03-17 22:23:17
23645861
edt

2026-03-17 22:23:18
mid.000000000de64379019cfd40a56a0959
snd

2026-03-17 22:23:18
mid.000000000de64379019cfd4089286505
del

2026-03-17 22:23:18
mid.000000000de64379019cfd40816348fe
del

2026-03-17 22:23:20
mid.000000000de64379019cfd40ae340508
snd

2026-03-17 22:23:22
mid.000000000de64379019cfd40b5ab73e0
snd

2026-03-17 22:23:22
mid.000000000de64379019cfd40a56a0959
del

2026-03-17 22:23:41
{'callback': {'timestamp': 1773775421133, 'callback_id': 'f9LHodD0cOJcw2TZ84hsKLRt2n_KrZS0j_oeb_6HLKc1q1llr3BYRh8jZkzXczmdWyDexSgSB3zro_ibIfnL2M6oBxyR0bSdhBIuHioCi0AByMPpuRxt', 'user': {'user_id': 23645861, 'first_name': 'Дмитрий', 'last_name': 'Марков', 'is_bot': False, 'last_activity_time': 1773775412000, 'name': 'Дмитрий Марков'}, 'payload': 'KBRD.9'}, 'message': {'recipient': {'chat_id': 233194361, 'chat_type': 'dialog', 'user_id': 23645861}, 'timestamp': 1773775402411, 'body': {'mid': 'mid.000000000de64379019cfd40b5ab73e0', 'seq': 116246144772436960, 'text': 'Введите код доступа:  _ _ _ _', 'attachments': [{'callback_id': 'f9LHodD0cOJ7IURgk_Ft82RYKKWXZuqdLW80BQab9TsCHQwVXZuMvQK5zIIcDjUbojy-o3_onJnVwvge86EEbGz5gGzipBL3DDEd9SFHlXTiSvv9TeCN', 'payload': {'buttons': [[{'payload': 'KBRD.7', 'text': '7', 'intent': 'default', 'type': 'callback'}, {'payload': 'KBRD.8', 'text': '8', 'intent': 'default', 'type': 'callback'}, {'payload': 'KBRD.9', 'text': '9', 'intent': 'default', 'type': 'callback'}], [{'payload': 'KBRD.4', 'text': '4', 'intent': 'default', 'type': 'callback'}, {'payload': 'KBRD.5', 'text': '5', 'intent': 'default', 'type': 'callback'}, {'payload': 'KBRD.6', 'text': '6', 'intent': 'default', 'type': 'callback'}], [{'payload': 'KBRD.3', 'text': '3', 'intent': 'default', 'type': 'callback'}, {'payload': 'KBRD.2', 'text': '2', 'intent': 'default', 'type': 'callback'}, {'payload': 'KBRD.1', 'text': '1', 'intent': 'default', 'type': 'callback'}], [{'payload': 'KBRD.0', 'text': '0', 'intent': 'default', 'type': 'callback'}, {'payload': 'KBRD.Cancel', 'text': 'Сброс', 'intent': 'default', 'type': 'callback'}], [{'payload': 'RecoveryAuthorization', 'text': 'Восстановление доступа', 'intent': 'default', 'type': 'callback'}], [{'payload': 'CancelCurrentOperation', 'text': 'Прервать операцию', 'intent': 'default', 'type': 'callback'}]]}, 'type': 'inline_keyboard'}], 'markup': [{'from': 21, 'length': 8, 'type': 'strong'}]}, 'sender': {'user_id': 210669020, 'first_name': 'DASHA_TOKEN_BOT', 'username': 'id575104156000_bot', 'is_bot': True, 'last_activity_time': 1773775421179, 'name': 'DASHA_TOKEN_BOT'}}, 'timestamp': 1773775421133, 'user_locale': 'ru', 'update_type': 'message_callback'}
clb

2026-03-17 22:23:41
23645861
edt

2026-03-17 22:23:42
{'callback': {'timestamp': 1773775421659, 'callback_id': 'f9LHodD0cOInxMbAOTQ42pUG2OCChIT3nZ7hQq56w05ppMm8PEM8l1vJst02hCgyIh9R-BvsmiS9LlU6AvwPBq5ncpaqhoNB6ickQbsDacaBS1DP1zDo', 'user': {'user_id': 23645861, 'first_name': 'Дмитрий', 'last_name': 'Марков', 'is_bot': False, 'last_activity_time': 1773775412000, 'name': 'Дмитрий Марков'}, 'payload': 'KBRD.9'}, 'message': {'recipient': {'chat_id': 233194361, 'chat_type': 'dialog', 'user_id': 23645861}, 'timestamp': 1773775402411, 'body': {'mid': 'mid.000000000de64379019cfd40b5ab73e0', 'seq': 116246144772436960, 'text': 'Введите код доступа:  * _ _ _', 'attachments': [{'callback_id': 'f9LHodD0cOJm9seNR55iMRG-Ss8SrTbWqNCjTuggnnY-LQysB4GPgHftIO30tW5jtnQFDxDM7Yvv3ilM3sAdKweDWweOJCps8YmJj5f_1XfPPh3fcQWN', 'payload': {'buttons': [[{'payload': 'KBRD.7', 'text': '7', 'intent': 'default', 'type': 'callback'}, {'payload': 'KBRD.8', 'text': '8', 'intent': 'default', 'type': 'callback'}, {'payload': 'KBRD.9', 'text': '9', 'intent': 'default', 'type': 'callback'}], [{'payload': 'KBRD.4', 'text': '4', 'intent': 'default', 'type': 'callback'}, {'payload': 'KBRD.5', 'text': '5', 'intent': 'default', 'type': 'callback'}, {'payload': 'KBRD.6', 'text': '6', 'intent': 'default', 'type': 'callback'}], [{'payload': 'KBRD.3', 'text': '3', 'intent': 'default', 'type': 'callback'}, {'payload': 'KBRD.2', 'text': '2', 'intent': 'default', 'type': 'callback'}, {'payload': 'KBRD.1', 'text': '1', 'intent': 'default', 'type': 'callback'}], [{'payload': 'KBRD.0', 'text': '0', 'intent': 'default', 'type': 'callback'}, {'payload': 'KBRD.Cancel', 'text': 'Сброс', 'intent': 'default', 'type': 'callback'}], [{'payload': 'RecoveryAuthorization', 'text': 'Восстановление доступа', 'intent': 'default', 'type': 'callback'}], [{'payload': 'CancelCurrentOperation', 'text': 'Прервать операцию', 'intent': 'default', 'type': 'callback'}]]}, 'type': 'inline_keyboard'}], 'markup': [{'from': 21, 'length': 8, 'type': 'strong'}]}, 'sender': {'user_id': 210669020, 'first_name': 'DASHA_TOKEN_BOT', 'username': 'id575104156000_bot', 'is_bot': True, 'last_activity_time': 1773775422158, 'name': 'DASHA_TOKEN_BOT'}}, 'timestamp': 1773775421659, 'user_locale': 'ru', 'update_type': 'message_callback'}
clb

2026-03-17 22:23:42
23645861
edt

2026-03-17 22:23:42
{'callback': {'timestamp': 1773775422117, 'callback_id': 'f9LHodD0cOLRV4QJ3OT9_CSYcolhFjZb-5ESOvhOK4vE4YQMA8qCl3tQV3ts3l4Q2Aa_bSbBf75_FrtUKC1iY9UXGCx0p5TSFUygaNHvWXxBbCh9SCDu', 'user': {'user_id': 23645861, 'first_name': 'Дмитрий', 'last_name': 'Марков', 'is_bot': False, 'last_activity_time': 1773775422000, 'name': 'Дмитрий Марков'}, 'payload': 'KBRD.9'}, 'message': {'recipient': {'chat_id': 233194361, 'chat_type': 'dialog', 'user_id': 23645861}, 'timestamp': 1773775402411, 'body': {'mid': 'mid.000000000de64379019cfd40b5ab73e0', 'seq': 116246144772436960, 'text': 'Введите код доступа:  * * _ _', 'attachments': [{'callback_id': 'f9LHodD0cOJtZ3DaSVpeC4VGwJsQJJDBgk1-iCMYmJefFDWKxo2-9htE1nKYd8KXuayrB5lImWS5oXrDb_udZ0Ac5BjCBaWHrPQrEhWR2kzu3yjLCaI8', 'payload': {'buttons': [[{'payload': 'KBRD.7', 'text': '7', 'intent': 'default', 'type': 'callback'}, {'payload': 'KBRD.8', 'text': '8', 'intent': 'default', 'type': 'callback'}, {'payload': 'KBRD.9', 'text': '9', 'intent': 'default', 'type': 'callback'}], [{'payload': 'KBRD.4', 'text': '4', 'intent': 'default', 'type': 'callback'}, {'payload': 'KBRD.5', 'text': '5', 'intent': 'default', 'type': 'callback'}, {'payload': 'KBRD.6', 'text': '6', 'intent': 'default', 'type': 'callback'}], [{'payload': 'KBRD.3', 'text': '3', 'intent': 'default', 'type': 'callback'}, {'payload': 'KBRD.2', 'text': '2', 'intent': 'default', 'type': 'callback'}, {'payload': 'KBRD.1', 'text': '1', 'intent': 'default', 'type': 'callback'}], [{'payload': 'KBRD.0', 'text': '0', 'intent': 'default', 'type': 'callback'}, {'payload': 'KBRD.Cancel', 'text': 'Сброс', 'intent': 'default', 'type': 'callback'}], [{'payload': 'RecoveryAuthorization', 'text': 'Восстановление доступа', 'intent': 'default', 'type': 'callback'}], [{'payload': 'CancelCurrentOperation', 'text': 'Прервать операцию', 'intent': 'default', 'type': 'callback'}]]}, 'type': 'inline_keyboard'}], 'markup': [{'from': 21, 'length': 8, 'type': 'strong'}]}, 'sender': {'user_id': 210669020, 'first_name': 'DASHA_TOKEN_BOT', 'username': 'id575104156000_bot', 'is_bot': True, 'last_activity_time': 1773775423130, 'name': 'DASHA_TOKEN_BOT'}}, 'timestamp': 1773775422117, 'user_locale': 'ru', 'update_type': 'message_callback'}
clb

2026-03-17 22:23:43
23645861
edt

2026-03-17 22:23:43
{'callback': {'timestamp': 1773775422577, 'callback_id': 'f9LHodD0cOJPGc1ZFdzczKbU11K6Rwqjq0_JzqytTvnsEV6qoijS9XpkvNHaS_bQD1NMpQGM9VrwcCJUp8mkuyagjlJuUifFUME20-7FpmOhhgaoJkFc', 'user': {'user_id': 23645861, 'first_name': 'Дмитрий', 'last_name': 'Марков', 'is_bot': False, 'last_activity_time': 1773775422000, 'name': 'Дмитрий Марков'}, 'payload': 'KBRD.9'}, 'message': {'recipient': {'chat_id': 233194361, 'chat_type': 'dialog', 'user_id': 23645861}, 'timestamp': 1773775402411, 'body': {'mid': 'mid.000000000de64379019cfd40b5ab73e0', 'seq': 116246144772436960, 'text': 'Введите код доступа:  * * _ _', 'attachments': [{'callback_id': 'f9LHodD0cOL6ceQv9PtdAw0RHM6-vcgu_D8EZzMa_V0yt1N1LX0nMqzMqeXEjRndH5_5WmBl2zPVI9kltbdtCmmbwzsSlqr9i9cLBOs0TIlz6NdA4cP2', 'payload': {'buttons': [[{'payload': 'KBRD.7', 'text': '7', 'intent': 'default', 'type': 'callback'}, {'payload': 'KBRD.8', 'text': '8', 'intent': 'default', 'type': 'callback'}, {'payload': 'KBRD.9', 'text': '9', 'intent': 'default', 'type': 'callback'}], [{'payload': 'KBRD.4', 'text': '4', 'intent': 'default', 'type': 'callback'}, {'payload': 'KBRD.5', 'text': '5', 'intent': 'default', 'type': 'callback'}, {'payload': 'KBRD.6', 'text': '6', 'intent': 'default', 'type': 'callback'}], [{'payload': 'KBRD.3', 'text': '3', 'intent': 'default', 'type': 'callback'}, {'payload': 'KBRD.2', 'text': '2', 'intent': 'default', 'type': 'callback'}, {'payload': 'KBRD.1', 'text': '1', 'intent': 'default', 'type': 'callback'}], [{'payload': 'KBRD.0', 'text': '0', 'intent': 'default', 'type': 'callback'}, {'payload': 'KBRD.Cancel', 'text': 'Сброс', 'intent': 'default', 'type': 'callback'}], [{'payload': 'RecoveryAuthorization', 'text': 'Восстановление доступа', 'intent': 'default', 'type': 'callback'}], [{'payload': 'CancelCurrentOperation', 'text': 'Прервать операцию', 'intent': 'default', 'type': 'callback'}]]}, 'type': 'inline_keyboard'}], 'markup': [{'from': 21, 'length': 8, 'type': 'strong'}]}, 'sender': {'user_id': 210669020, 'first_name': 'DASHA_TOKEN_BOT', 'username': 'id575104156000_bot', 'is_bot': True, 'last_activity_time': 1773775423132, 'name': 'DASHA_TOKEN_BOT'}}, 'timestamp': 1773775422577, 'user_locale': 'ru', 'update_type': 'message_callback'}
clb

2026-03-17 22:23:43
23645861
edt

2026-03-17 22:23:44
mid.000000000de64379019cfd410bc60959
snd

2026-03-17 22:23:44
mid.000000000de64379019cfd40b5ab73e0
del

2026-03-17 22:23:45
mid.000000000de64379019cfd40ae340508
del

2026-03-17 22:23:45
mid.000000000de64379019cfd3f74e944c7
del

2026-03-17 22:23:46
mid.000000000de64379019cfd3f730f7b30
del

2026-03-17 22:23:46
mid.000000000de64379019cfd41156036fe
snd

2026-03-17 22:23:47
mid.000000000de64379019cfd410bc60959
del

2026-03-17 22:26:49
mid.000000000de64379019cfd43e08c0959
snd

2026-03-17 22:26:50
mid.000000000de64379019cfd41156036fe
del

2026-03-17 22:26:50
mid.000000000de64379019cfd43e48b31ad
snd

2026-03-17 22:26:51
mid.000000000de64379019cfd43e08c0959
del

2026-03-17 23:23:05
mid.000000000dc3234e019cfd776178525b
snd

2026-03-17 23:23:05
mid.000000000dc3234e019cfd4056190ed2
del

2026-03-17 23:27:10
mid.000000000de64379019cfd7b1ec3187a
snd

2026-03-17 23:27:10
mid.000000000de64379019cfd43e48b31ad
del

